[0.046s] DEBUG:colcon:Command line arguments: ['/usr/bin/colcon', 'build']
[0.046s] DEBUG:colcon:Parsed command line arguments: Namespace(log_base=None, log_level=None, verb_name='build', build_base='build', install_base='install', merge_install=False, symlink_install=False, test_result_base=None, continue_on_error=False, executor='parallel', parallel_workers=24, event_handlers=None, ignore_user_meta=False, metas=['./colcon.meta'], base_paths=['.'], packages_ignore=None, packages_ignore_regex=None, paths=None, packages_up_to=None, packages_up_to_regex=None, packages_above=None, packages_above_and_dependencies=None, packages_above_depth=None, packages_select_by_dep=None, packages_skip_by_dep=None, packages_skip_up_to=None, packages_select_build_failed=False, packages_skip_build_finished=False, packages_select_test_failures=False, packages_skip_test_passed=False, packages_select=None, packages_skip=None, packages_select_regex=None, packages_skip_regex=None, packages_start=None, packages_end=None, allow_overriding=[], cmake_args=None, cmake_target=None, cmake_target_skip_unavailable=False, cmake_clean_cache=False, cmake_clean_first=False, cmake_force_configure=False, ament_cmake_args=None, catkin_cmake_args=None, catkin_skip_building_tests=False, mixin_files=None, mixin=None, verb_parser=<colcon_mixin.mixin.mixin_argument.MixinArgumentDecorator object at 0x7209d75a2630>, verb_extension=<colcon_core.verb.build.BuildVerb object at 0x7209d76f5df0>, main=<bound method BuildVerb.main of <colcon_core.verb.build.BuildVerb object at 0x7209d76f5df0>>, mixin_verb=('build',))
[0.062s] Level 1:colcon.colcon_core.package_discovery:discover_packages(colcon_meta) check parameters
[0.062s] Level 1:colcon.colcon_core.package_discovery:discover_packages(recursive) check parameters
[0.062s] Level 1:colcon.colcon_core.package_discovery:discover_packages(ignore) check parameters
[0.062s] Level 1:colcon.colcon_core.package_discovery:discover_packages(path) check parameters
[0.062s] Level 1:colcon.colcon_core.package_discovery:discover_packages(colcon_meta) discover
[0.063s] Level 1:colcon.colcon_core.package_discovery:discover_packages(recursive) discover
[0.063s] INFO:colcon.colcon_core.package_discovery:Crawling recursively for packages in '/home/dvrk-team/dvrk_ctrl_ws'
[0.063s] Level 1:colcon.colcon_core.package_identification:_identify(.) by extensions ['ignore', 'ignore_ament_install']
[0.063s] Level 1:colcon.colcon_core.package_identification:_identify(.) by extension 'ignore'
[0.063s] Level 1:colcon.colcon_core.package_identification:_identify(.) by extension 'ignore_ament_install'
[0.063s] Level 1:colcon.colcon_core.package_identification:_identify(.) by extensions ['colcon_pkg']
[0.063s] Level 1:colcon.colcon_core.package_identification:_identify(.) by extension 'colcon_pkg'
[0.063s] Level 1:colcon.colcon_core.package_identification:_identify(.) by extensions ['colcon_meta']
[0.063s] Level 1:colcon.colcon_core.package_identification:_identify(.) by extension 'colcon_meta'
[0.063s] Level 1:colcon.colcon_core.package_identification:_identify(.) by extensions ['ros']
[0.063s] Level 1:colcon.colcon_core.package_identification:_identify(.) by extension 'ros'
[0.074s] Level 1:colcon.colcon_core.package_identification:_identify(.) by extensions ['cmake', 'python']
[0.074s] Level 1:colcon.colcon_core.package_identification:_identify(.) by extension 'cmake'
[0.074s] Level 1:colcon.colcon_core.package_identification:_identify(.) by extension 'python'
[0.074s] Level 1:colcon.colcon_core.package_identification:_identify(.) by extensions ['python_setup_py']
[0.074s] Level 1:colcon.colcon_core.package_identification:_identify(.) by extension 'python_setup_py'
[0.074s] Level 1:colcon.colcon_core.package_identification:_identify(build) by extensions ['ignore', 'ignore_ament_install']
[0.074s] Level 1:colcon.colcon_core.package_identification:_identify(build) by extension 'ignore'
[0.074s] Level 1:colcon.colcon_core.package_identification:_identify(build) ignored
[0.074s] Level 1:colcon.colcon_core.package_identification:_identify(install) by extensions ['ignore', 'ignore_ament_install']
[0.074s] Level 1:colcon.colcon_core.package_identification:_identify(install) by extension 'ignore'
[0.074s] Level 1:colcon.colcon_core.package_identification:_identify(install) ignored
[0.074s] Level 1:colcon.colcon_core.package_identification:_identify(log) by extensions ['ignore', 'ignore_ament_install']
[0.074s] Level 1:colcon.colcon_core.package_identification:_identify(log) by extension 'ignore'
[0.074s] Level 1:colcon.colcon_core.package_identification:_identify(log) ignored
[0.075s] Level 1:colcon.colcon_core.package_identification:_identify(src) by extensions ['ignore', 'ignore_ament_install']
[0.075s] Level 1:colcon.colcon_core.package_identification:_identify(src) by extension 'ignore'
[0.075s] Level 1:colcon.colcon_core.package_identification:_identify(src) by extension 'ignore_ament_install'
[0.075s] Level 1:colcon.colcon_core.package_identification:_identify(src) by extensions ['colcon_pkg']
[0.075s] Level 1:colcon.colcon_core.package_identification:_identify(src) by extension 'colcon_pkg'
[0.075s] Level 1:colcon.colcon_core.package_identification:_identify(src) by extensions ['colcon_meta']
[0.075s] Level 1:colcon.colcon_core.package_identification:_identify(src) by extension 'colcon_meta'
[0.075s] Level 1:colcon.colcon_core.package_identification:_identify(src) by extensions ['ros']
[0.075s] Level 1:colcon.colcon_core.package_identification:_identify(src) by extension 'ros'
[0.075s] Level 1:colcon.colcon_core.package_identification:_identify(src) by extensions ['cmake', 'python']
[0.075s] Level 1:colcon.colcon_core.package_identification:_identify(src) by extension 'cmake'
[0.075s] Level 1:colcon.colcon_core.package_identification:_identify(src) by extension 'python'
[0.075s] Level 1:colcon.colcon_core.package_identification:_identify(src) by extensions ['python_setup_py']
[0.075s] Level 1:colcon.colcon_core.package_identification:_identify(src) by extension 'python_setup_py'
[0.075s] Level 1:colcon.colcon_core.package_identification:_identify(src/peg_control) by extensions ['ignore', 'ignore_ament_install']
[0.075s] Level 1:colcon.colcon_core.package_identification:_identify(src/peg_control) by extension 'ignore'
[0.075s] Level 1:colcon.colcon_core.package_identification:_identify(src/peg_control) by extension 'ignore_ament_install'
[0.075s] Level 1:colcon.colcon_core.package_identification:_identify(src/peg_control) by extensions ['colcon_pkg']
[0.075s] Level 1:colcon.colcon_core.package_identification:_identify(src/peg_control) by extension 'colcon_pkg'
[0.075s] Level 1:colcon.colcon_core.package_identification:_identify(src/peg_control) by extensions ['colcon_meta']
[0.075s] Level 1:colcon.colcon_core.package_identification:_identify(src/peg_control) by extension 'colcon_meta'
[0.075s] Level 1:colcon.colcon_core.package_identification:_identify(src/peg_control) by extensions ['ros']
[0.075s] Level 1:colcon.colcon_core.package_identification:_identify(src/peg_control) by extension 'ros'
[0.076s] DEBUG:colcon.colcon_core.package_identification:Package 'src/peg_control' with type 'ros.ament_python' and name 'peg_control'
[0.076s] Level 1:colcon.colcon_core.package_identification:_identify(src/utilities) by extensions ['ignore', 'ignore_ament_install']
[0.076s] Level 1:colcon.colcon_core.package_identification:_identify(src/utilities) by extension 'ignore'
[0.076s] Level 1:colcon.colcon_core.package_identification:_identify(src/utilities) by extension 'ignore_ament_install'
[0.076s] Level 1:colcon.colcon_core.package_identification:_identify(src/utilities) by extensions ['colcon_pkg']
[0.076s] Level 1:colcon.colcon_core.package_identification:_identify(src/utilities) by extension 'colcon_pkg'
[0.076s] Level 1:colcon.colcon_core.package_identification:_identify(src/utilities) by extensions ['colcon_meta']
[0.076s] Level 1:colcon.colcon_core.package_identification:_identify(src/utilities) by extension 'colcon_meta'
[0.076s] Level 1:colcon.colcon_core.package_identification:_identify(src/utilities) by extensions ['ros']
[0.076s] Level 1:colcon.colcon_core.package_identification:_identify(src/utilities) by extension 'ros'
[0.076s] DEBUG:colcon.colcon_core.package_identification:Package 'src/utilities' with type 'ros.ament_python' and name 'utilities'
[0.076s] Level 1:colcon.colcon_core.package_identification:_identify(src/utility_interfaces) by extensions ['ignore', 'ignore_ament_install']
[0.076s] Level 1:colcon.colcon_core.package_identification:_identify(src/utility_interfaces) by extension 'ignore'
[0.076s] Level 1:colcon.colcon_core.package_identification:_identify(src/utility_interfaces) by extension 'ignore_ament_install'
[0.076s] Level 1:colcon.colcon_core.package_identification:_identify(src/utility_interfaces) by extensions ['colcon_pkg']
[0.076s] Level 1:colcon.colcon_core.package_identification:_identify(src/utility_interfaces) by extension 'colcon_pkg'
[0.076s] Level 1:colcon.colcon_core.package_identification:_identify(src/utility_interfaces) by extensions ['colcon_meta']
[0.076s] Level 1:colcon.colcon_core.package_identification:_identify(src/utility_interfaces) by extension 'colcon_meta'
[0.076s] Level 1:colcon.colcon_core.package_identification:_identify(src/utility_interfaces) by extensions ['ros']
[0.076s] Level 1:colcon.colcon_core.package_identification:_identify(src/utility_interfaces) by extension 'ros'
[0.077s] DEBUG:colcon.colcon_core.package_identification:Package 'src/utility_interfaces' with type 'ros.ament_cmake' and name 'utility_interfaces'
[0.077s] Level 1:colcon.colcon_core.package_discovery:discover_packages(recursive) using defaults
[0.077s] Level 1:colcon.colcon_core.package_discovery:discover_packages(ignore) discover
[0.077s] Level 1:colcon.colcon_core.package_discovery:discover_packages(ignore) using defaults
[0.077s] Level 1:colcon.colcon_core.package_discovery:discover_packages(path) discover
[0.077s] Level 1:colcon.colcon_core.package_discovery:discover_packages(path) using defaults
[0.085s] Level 1:colcon.colcon_core.package_discovery:discover_packages(prefix_path) check parameters
[0.085s] Level 1:colcon.colcon_core.package_discovery:discover_packages(prefix_path) discover
[0.086s] DEBUG:colcon.colcon_installed_package_information.package_discovery:Found 7 installed packages in /home/dvrk-team/dvrk_ctrl_ws/install
[0.086s] DEBUG:colcon.colcon_installed_package_information.package_discovery:Found 6 installed packages in /home/dvrk-team/ros_ambf_ws/install
[0.087s] DEBUG:colcon.colcon_installed_package_information.package_discovery:Found 31 installed packages in /home/dvrk-team/ros2_ws/install
[0.087s] DEBUG:colcon.colcon_installed_package_information.package_discovery:Found 297 installed packages in /opt/ros/jazzy
[0.088s] Level 1:colcon.colcon_core.package_discovery:discover_packages(prefix_path) using defaults
[0.104s] Level 5:colcon.colcon_core.verb:set package 'peg_control' build argument 'cmake_args' from command line to 'None'
[0.104s] Level 5:colcon.colcon_core.verb:set package 'peg_control' build argument 'cmake_target' from command line to 'None'
[0.104s] Level 5:colcon.colcon_core.verb:set package 'peg_control' build argument 'cmake_target_skip_unavailable' from command line to 'False'
[0.104s] Level 5:colcon.colcon_core.verb:set package 'peg_control' build argument 'cmake_clean_cache' from command line to 'False'
[0.104s] Level 5:colcon.colcon_core.verb:set package 'peg_control' build argument 'cmake_clean_first' from command line to 'False'
[0.104s] Level 5:colcon.colcon_core.verb:set package 'peg_control' build argument 'cmake_force_configure' from command line to 'False'
[0.104s] Level 5:colcon.colcon_core.verb:set package 'peg_control' build argument 'ament_cmake_args' from command line to 'None'
[0.104s] Level 5:colcon.colcon_core.verb:set package 'peg_control' build argument 'catkin_cmake_args' from command line to 'None'
[0.104s] Level 5:colcon.colcon_core.verb:set package 'peg_control' build argument 'catkin_skip_building_tests' from command line to 'False'
[0.104s] DEBUG:colcon.colcon_core.verb:Building package 'peg_control' with the following arguments: {'ament_cmake_args': None, 'build_base': '/home/dvrk-team/dvrk_ctrl_ws/build/peg_control', 'catkin_cmake_args': None, 'catkin_skip_building_tests': False, 'cmake_args': None, 'cmake_clean_cache': False, 'cmake_clean_first': False, 'cmake_force_configure': False, 'cmake_target': None, 'cmake_target_skip_unavailable': False, 'install_base': '/home/dvrk-team/dvrk_ctrl_ws/install/peg_control', 'merge_install': False, 'path': '/home/dvrk-team/dvrk_ctrl_ws/src/peg_control', 'symlink_install': False, 'test_result_base': None}
[0.105s] Level 5:colcon.colcon_core.verb:set package 'utilities' build argument 'cmake_args' from command line to 'None'
[0.105s] Level 5:colcon.colcon_core.verb:set package 'utilities' build argument 'cmake_target' from command line to 'None'
[0.105s] Level 5:colcon.colcon_core.verb:set package 'utilities' build argument 'cmake_target_skip_unavailable' from command line to 'False'
[0.105s] Level 5:colcon.colcon_core.verb:set package 'utilities' build argument 'cmake_clean_cache' from command line to 'False'
[0.105s] Level 5:colcon.colcon_core.verb:set package 'utilities' build argument 'cmake_clean_first' from command line to 'False'
[0.105s] Level 5:colcon.colcon_core.verb:set package 'utilities' build argument 'cmake_force_configure' from command line to 'False'
[0.105s] Level 5:colcon.colcon_core.verb:set package 'utilities' build argument 'ament_cmake_args' from command line to 'None'
[0.105s] Level 5:colcon.colcon_core.verb:set package 'utilities' build argument 'catkin_cmake_args' from command line to 'None'
[0.105s] Level 5:colcon.colcon_core.verb:set package 'utilities' build argument 'catkin_skip_building_tests' from command line to 'False'
[0.105s] DEBUG:colcon.colcon_core.verb:Building package 'utilities' with the following arguments: {'ament_cmake_args': None, 'build_base': '/home/dvrk-team/dvrk_ctrl_ws/build/utilities', 'catkin_cmake_args': None, 'catkin_skip_building_tests': False, 'cmake_args': None, 'cmake_clean_cache': False, 'cmake_clean_first': False, 'cmake_force_configure': False, 'cmake_target': None, 'cmake_target_skip_unavailable': False, 'install_base': '/home/dvrk-team/dvrk_ctrl_ws/install/utilities', 'merge_install': False, 'path': '/home/dvrk-team/dvrk_ctrl_ws/src/utilities', 'symlink_install': False, 'test_result_base': None}
[0.105s] Level 5:colcon.colcon_core.verb:set package 'utility_interfaces' build argument 'cmake_args' from command line to 'None'
[0.105s] Level 5:colcon.colcon_core.verb:set package 'utility_interfaces' build argument 'cmake_target' from command line to 'None'
[0.105s] Level 5:colcon.colcon_core.verb:set package 'utility_interfaces' build argument 'cmake_target_skip_unavailable' from command line to 'False'
[0.105s] Level 5:colcon.colcon_core.verb:set package 'utility_interfaces' build argument 'cmake_clean_cache' from command line to 'False'
[0.105s] Level 5:colcon.colcon_core.verb:set package 'utility_interfaces' build argument 'cmake_clean_first' from command line to 'False'
[0.105s] Level 5:colcon.colcon_core.verb:set package 'utility_interfaces' build argument 'cmake_force_configure' from command line to 'False'
[0.105s] Level 5:colcon.colcon_core.verb:set package 'utility_interfaces' build argument 'ament_cmake_args' from command line to 'None'
[0.105s] Level 5:colcon.colcon_core.verb:set package 'utility_interfaces' build argument 'catkin_cmake_args' from command line to 'None'
[0.105s] Level 5:colcon.colcon_core.verb:set package 'utility_interfaces' build argument 'catkin_skip_building_tests' from command line to 'False'
[0.105s] DEBUG:colcon.colcon_core.verb:Building package 'utility_interfaces' with the following arguments: {'ament_cmake_args': None, 'build_base': '/home/dvrk-team/dvrk_ctrl_ws/build/utility_interfaces', 'catkin_cmake_args': None, 'catkin_skip_building_tests': False, 'cmake_args': None, 'cmake_clean_cache': False, 'cmake_clean_first': False, 'cmake_force_configure': False, 'cmake_target': None, 'cmake_target_skip_unavailable': False, 'install_base': '/home/dvrk-team/dvrk_ctrl_ws/install/utility_interfaces', 'merge_install': False, 'path': '/home/dvrk-team/dvrk_ctrl_ws/src/utility_interfaces', 'symlink_install': False, 'test_result_base': None}
[0.105s] INFO:colcon.colcon_core.executor:Executing jobs using 'parallel' executor
[0.106s] DEBUG:colcon.colcon_parallel_executor.executor.parallel:run_until_complete
[0.106s] INFO:colcon.colcon_ros.task.ament_python.build:Building ROS package in '/home/dvrk-team/dvrk_ctrl_ws/src/peg_control' with build type 'ament_python'
[0.106s] Level 1:colcon.colcon_core.shell:create_environment_hook('peg_control', 'ament_prefix_path')
[0.108s] INFO:colcon.colcon_core.plugin_system:Skipping extension 'colcon_core.shell.bat': Not used on non-Windows systems
[0.109s] INFO:colcon.colcon_core.shell:Creating environment hook '/home/dvrk-team/dvrk_ctrl_ws/install/peg_control/share/peg_control/hook/ament_prefix_path.ps1'
[0.109s] INFO:colcon.colcon_core.shell:Creating environment descriptor '/home/dvrk-team/dvrk_ctrl_ws/install/peg_control/share/peg_control/hook/ament_prefix_path.dsv'
[0.110s] INFO:colcon.colcon_core.shell:Creating environment hook '/home/dvrk-team/dvrk_ctrl_ws/install/peg_control/share/peg_control/hook/ament_prefix_path.sh'
[0.110s] INFO:colcon.colcon_core.shell:Skip shell extension 'powershell' for command environment: Not usable outside of PowerShell
[0.110s] DEBUG:colcon.colcon_core.shell:Skip shell extension 'dsv' for command environment
[0.113s] INFO:colcon.colcon_ros.task.ament_python.build:Building ROS package in '/home/dvrk-team/dvrk_ctrl_ws/src/utilities' with build type 'ament_python'
[0.113s] Level 1:colcon.colcon_core.shell:create_environment_hook('utilities', 'ament_prefix_path')
[0.113s] INFO:colcon.colcon_core.shell:Creating environment hook '/home/dvrk-team/dvrk_ctrl_ws/install/utilities/share/utilities/hook/ament_prefix_path.ps1'
[0.113s] INFO:colcon.colcon_core.shell:Creating environment descriptor '/home/dvrk-team/dvrk_ctrl_ws/install/utilities/share/utilities/hook/ament_prefix_path.dsv'
[0.114s] INFO:colcon.colcon_core.shell:Creating environment hook '/home/dvrk-team/dvrk_ctrl_ws/install/utilities/share/utilities/hook/ament_prefix_path.sh'
[0.114s] INFO:colcon.colcon_core.shell:Skip shell extension 'powershell' for command environment: Not usable outside of PowerShell
[0.114s] DEBUG:colcon.colcon_core.shell:Skip shell extension 'dsv' for command environment
[0.116s] INFO:colcon.colcon_ros.task.ament_cmake.build:Building ROS package in '/home/dvrk-team/dvrk_ctrl_ws/src/utility_interfaces' with build type 'ament_cmake'
[0.116s] INFO:colcon.colcon_cmake.task.cmake.build:Building CMake package in '/home/dvrk-team/dvrk_ctrl_ws/src/utility_interfaces'
[0.116s] INFO:colcon.colcon_core.shell:Skip shell extension 'powershell' for command environment: Not usable outside of PowerShell
[0.116s] DEBUG:colcon.colcon_core.shell:Skip shell extension 'dsv' for command environment
[0.226s] INFO:colcon.colcon_core.task.python.build:Building Python package in '/home/dvrk-team/dvrk_ctrl_ws/src/peg_control'
[0.226s] INFO:colcon.colcon_core.shell:Skip shell extension 'powershell' for command environment: Not usable outside of PowerShell
[0.226s] DEBUG:colcon.colcon_core.shell:Skip shell extension 'dsv' for command environment
[0.333s] INFO:colcon.colcon_core.task.python.build:Building Python package in '/home/dvrk-team/dvrk_ctrl_ws/src/utilities'
[0.333s] INFO:colcon.colcon_core.shell:Skip shell extension 'powershell' for command environment: Not usable outside of PowerShell
[0.333s] DEBUG:colcon.colcon_core.shell:Skip shell extension 'dsv' for command environment
[0.341s] DEBUG:colcon.colcon_core.event_handler.log_command:Invoking command in '/home/dvrk-team/dvrk_ctrl_ws/build/utility_interfaces': CMAKE_PREFIX_PATH=/home/dvrk-team/dvrk_ctrl_ws/install/utility_interfaces:/home/dvrk-team/dvrk_ctrl_ws/install/peg_transfer_interfaces:/home/dvrk-team/ros_ambf_ws/install/ambf_client:/home/dvrk-team/ros_ambf_ws/install/tf_function:/home/dvrk-team/ros_ambf_ws/install/ros_comm_plugin:/home/dvrk-team/ros_ambf_ws/install/ambf_server:/home/dvrk-team/ros_ambf_ws/install/ambf_msgs:/home/dvrk-team/ros2_ws/install/dvrk_robot:/home/dvrk-team/ros2_ws/install/saw_robot_io_1394_ros:/home/dvrk-team/ros2_ws/install/saw_intuitive_research_kit_example_psm_derived:/home/dvrk-team/ros2_ws/install/saw_intuitive_research_kit_example_bilateral_teleop:/home/dvrk-team/ros2_ws/install/saw_controllers_ros:/home/dvrk-team/ros2_ws/install/sawIntuitiveResearchKitCore:/home/dvrk-team/ros2_ws/install/sawTextToSpeechAll:/home/dvrk-team/ros2_ws/install/sawRobotIO1394Core:/home/dvrk-team/ros2_ws/install/sawControllersCore:/home/dvrk-team/ros2_ws/install/sawKeyboardAll:/home/dvrk-team/ros2_ws/install/dvrk_python:/home/dvrk-team/ros2_ws/install/dvrk_display:/home/dvrk-team/ros2_ws/install/dvrk_camera_registration:/home/dvrk-team/ros2_ws/install/data_collection:/home/dvrk-team/ros2_ws/install/crtk_python_client:/home/dvrk-team/ros2_ws/install/peg_transfer_interfaces:/home/dvrk-team/ros2_ws/install/dvrk_video:/home/dvrk-team/dvrk_ctrl_ws/install/peg_control:/home/dvrk-team/dvrk_ctrl_ws/install/utility_interface:/home/dvrk-team/dvrk_ctrl_ws/install/utilities:/home/dvrk-team/dvrk_ctrl_ws/install/peg_transfer:/home/dvrk-team/dvrk_ctrl_ws/install/dvrk_peg_transfer:/home/dvrk-team/ros2_ws/install/peg_transfer:/home/dvrk-team/ros2_ws/install/dvrk_mtm_gc:/opt/ros/jazzy:/home/dvrk-team/ros2_ws/install/dvrk_model:/home/dvrk-team/ros2_ws/install/dvrk_hrsv_widget:/home/dvrk-team/ros2_ws/install/dvrk_config_jhu:/home/dvrk-team/ros2_ws/install/dvrk_config:/home/dvrk-team/ros2_ws/install/dvrk_arms_from_ros:/home/dvrk-team/ros2_ws/install/cisst_ros_crtk:/home/dvrk-team/ros2_ws/install/crtk_msgs:/home/dvrk-team/ros2_ws/install/cisst_ros_bridge:/home/dvrk-team/ros2_ws/install/cisst_msgs:/home/dvrk-team/ros2_ws/install/cisst:/home/dvrk-team/ros2_ws/install/cisstNetlib:/opt/ros/jazzy/opt/gz_math_vendor:/opt/ros/jazzy/opt/gz_utils_vendor:/opt/ros/jazzy/opt/gz_cmake_vendor DEBUGINFOD_URLS=https://debuginfod.ubuntu.com /usr/bin/cmake --build /home/dvrk-team/dvrk_ctrl_ws/build/utility_interfaces -- -j24 -l24
[0.555s] DEBUG:colcon.colcon_core.event_handler.log_command:Invoked command in '/home/dvrk-team/dvrk_ctrl_ws/build/utility_interfaces' returned '0': CMAKE_PREFIX_PATH=/home/dvrk-team/dvrk_ctrl_ws/install/utility_interfaces:/home/dvrk-team/dvrk_ctrl_ws/install/peg_transfer_interfaces:/home/dvrk-team/ros_ambf_ws/install/ambf_client:/home/dvrk-team/ros_ambf_ws/install/tf_function:/home/dvrk-team/ros_ambf_ws/install/ros_comm_plugin:/home/dvrk-team/ros_ambf_ws/install/ambf_server:/home/dvrk-team/ros_ambf_ws/install/ambf_msgs:/home/dvrk-team/ros2_ws/install/dvrk_robot:/home/dvrk-team/ros2_ws/install/saw_robot_io_1394_ros:/home/dvrk-team/ros2_ws/install/saw_intuitive_research_kit_example_psm_derived:/home/dvrk-team/ros2_ws/install/saw_intuitive_research_kit_example_bilateral_teleop:/home/dvrk-team/ros2_ws/install/saw_controllers_ros:/home/dvrk-team/ros2_ws/install/sawIntuitiveResearchKitCore:/home/dvrk-team/ros2_ws/install/sawTextToSpeechAll:/home/dvrk-team/ros2_ws/install/sawRobotIO1394Core:/home/dvrk-team/ros2_ws/install/sawControllersCore:/home/dvrk-team/ros2_ws/install/sawKeyboardAll:/home/dvrk-team/ros2_ws/install/dvrk_python:/home/dvrk-team/ros2_ws/install/dvrk_display:/home/dvrk-team/ros2_ws/install/dvrk_camera_registration:/home/dvrk-team/ros2_ws/install/data_collection:/home/dvrk-team/ros2_ws/install/crtk_python_client:/home/dvrk-team/ros2_ws/install/peg_transfer_interfaces:/home/dvrk-team/ros2_ws/install/dvrk_video:/home/dvrk-team/dvrk_ctrl_ws/install/peg_control:/home/dvrk-team/dvrk_ctrl_ws/install/utility_interface:/home/dvrk-team/dvrk_ctrl_ws/install/utilities:/home/dvrk-team/dvrk_ctrl_ws/install/peg_transfer:/home/dvrk-team/dvrk_ctrl_ws/install/dvrk_peg_transfer:/home/dvrk-team/ros2_ws/install/peg_transfer:/home/dvrk-team/ros2_ws/install/dvrk_mtm_gc:/opt/ros/jazzy:/home/dvrk-team/ros2_ws/install/dvrk_model:/home/dvrk-team/ros2_ws/install/dvrk_hrsv_widget:/home/dvrk-team/ros2_ws/install/dvrk_config_jhu:/home/dvrk-team/ros2_ws/install/dvrk_config:/home/dvrk-team/ros2_ws/install/dvrk_arms_from_ros:/home/dvrk-team/ros2_ws/install/cisst_ros_crtk:/home/dvrk-team/ros2_ws/install/crtk_msgs:/home/dvrk-team/ros2_ws/install/cisst_ros_bridge:/home/dvrk-team/ros2_ws/install/cisst_msgs:/home/dvrk-team/ros2_ws/install/cisst:/home/dvrk-team/ros2_ws/install/cisstNetlib:/opt/ros/jazzy/opt/gz_math_vendor:/opt/ros/jazzy/opt/gz_utils_vendor:/opt/ros/jazzy/opt/gz_cmake_vendor DEBUGINFOD_URLS=https://debuginfod.ubuntu.com /usr/bin/cmake --build /home/dvrk-team/dvrk_ctrl_ws/build/utility_interfaces -- -j24 -l24
[0.565s] DEBUG:colcon.colcon_core.event_handler.log_command:Invoking command in '/home/dvrk-team/dvrk_ctrl_ws/build/utility_interfaces': CMAKE_PREFIX_PATH=/home/dvrk-team/dvrk_ctrl_ws/install/utility_interfaces:/home/dvrk-team/dvrk_ctrl_ws/install/peg_transfer_interfaces:/home/dvrk-team/ros_ambf_ws/install/ambf_client:/home/dvrk-team/ros_ambf_ws/install/tf_function:/home/dvrk-team/ros_ambf_ws/install/ros_comm_plugin:/home/dvrk-team/ros_ambf_ws/install/ambf_server:/home/dvrk-team/ros_ambf_ws/install/ambf_msgs:/home/dvrk-team/ros2_ws/install/dvrk_robot:/home/dvrk-team/ros2_ws/install/saw_robot_io_1394_ros:/home/dvrk-team/ros2_ws/install/saw_intuitive_research_kit_example_psm_derived:/home/dvrk-team/ros2_ws/install/saw_intuitive_research_kit_example_bilateral_teleop:/home/dvrk-team/ros2_ws/install/saw_controllers_ros:/home/dvrk-team/ros2_ws/install/sawIntuitiveResearchKitCore:/home/dvrk-team/ros2_ws/install/sawTextToSpeechAll:/home/dvrk-team/ros2_ws/install/sawRobotIO1394Core:/home/dvrk-team/ros2_ws/install/sawControllersCore:/home/dvrk-team/ros2_ws/install/sawKeyboardAll:/home/dvrk-team/ros2_ws/install/dvrk_python:/home/dvrk-team/ros2_ws/install/dvrk_display:/home/dvrk-team/ros2_ws/install/dvrk_camera_registration:/home/dvrk-team/ros2_ws/install/data_collection:/home/dvrk-team/ros2_ws/install/crtk_python_client:/home/dvrk-team/ros2_ws/install/peg_transfer_interfaces:/home/dvrk-team/ros2_ws/install/dvrk_video:/home/dvrk-team/dvrk_ctrl_ws/install/peg_control:/home/dvrk-team/dvrk_ctrl_ws/install/utility_interface:/home/dvrk-team/dvrk_ctrl_ws/install/utilities:/home/dvrk-team/dvrk_ctrl_ws/install/peg_transfer:/home/dvrk-team/dvrk_ctrl_ws/install/dvrk_peg_transfer:/home/dvrk-team/ros2_ws/install/peg_transfer:/home/dvrk-team/ros2_ws/install/dvrk_mtm_gc:/opt/ros/jazzy:/home/dvrk-team/ros2_ws/install/dvrk_model:/home/dvrk-team/ros2_ws/install/dvrk_hrsv_widget:/home/dvrk-team/ros2_ws/install/dvrk_config_jhu:/home/dvrk-team/ros2_ws/install/dvrk_config:/home/dvrk-team/ros2_ws/install/dvrk_arms_from_ros:/home/dvrk-team/ros2_ws/install/cisst_ros_crtk:/home/dvrk-team/ros2_ws/install/crtk_msgs:/home/dvrk-team/ros2_ws/install/cisst_ros_bridge:/home/dvrk-team/ros2_ws/install/cisst_msgs:/home/dvrk-team/ros2_ws/install/cisst:/home/dvrk-team/ros2_ws/install/cisstNetlib:/opt/ros/jazzy/opt/gz_math_vendor:/opt/ros/jazzy/opt/gz_utils_vendor:/opt/ros/jazzy/opt/gz_cmake_vendor DEBUGINFOD_URLS=https://debuginfod.ubuntu.com /usr/bin/cmake --install /home/dvrk-team/dvrk_ctrl_ws/build/utility_interfaces
[0.592s] DEBUG:colcon.colcon_core.task.python.build:Available setuptools commands: bdist_egg, install, bdist_wheel, register, egg_info, install_egg_info, upload, bdist, update_catalog, check, test, build_ext, build_py, dist_info, develop, compile_catalog, saveopts, clean, sdist, extract_messages, setopt, bdist_rpm, install_scripts, easy_install, symlink_data, editable_wheel, rotate, build_scripts, bdist_dumb, install_lib, install_data, upload_docs, install_headers, build_clib, init_catalog, alias, build
[0.594s] DEBUG:colcon.colcon_core.task.python.build:Available setuptools commands: bdist_egg, install, bdist_wheel, register, egg_info, install_egg_info, upload, bdist, update_catalog, check, test, build_ext, build_py, dist_info, develop, compile_catalog, saveopts, clean, sdist, extract_messages, setopt, bdist_rpm, install_scripts, easy_install, symlink_data, editable_wheel, rotate, build_scripts, bdist_dumb, install_lib, install_data, upload_docs, install_headers, build_clib, init_catalog, alias, build
[0.594s] DEBUG:colcon.colcon_core.event_handler.log_command:Invoking command in '/home/dvrk-team/dvrk_ctrl_ws/src/peg_control': DEBUGINFOD_URLS=https://debuginfod.ubuntu.com PYTHONPATH=/home/dvrk-team/dvrk_ctrl_ws/build/peg_control/prefix_override:/usr/lib/python3/dist-packages/colcon_core/task/python/colcon_distutils_commands:/home/dvrk-team/dvrk_ctrl_ws/install/peg_control/lib/python3.12/site-packages:${PYTHONPATH} /usr/bin/python3 -W ignore:setup.py install is deprecated -W ignore:easy_install command is deprecated setup.py egg_info --egg-base ../../build/peg_control build --build-base /home/dvrk-team/dvrk_ctrl_ws/build/peg_control/build install --record /home/dvrk-team/dvrk_ctrl_ws/build/peg_control/install.log --install-scripts $base/lib/peg_control --single-version-externally-managed install_data
[0.595s] DEBUG:colcon.colcon_core.event_handler.log_command:Invoking command in '/home/dvrk-team/dvrk_ctrl_ws/src/utilities': DEBUGINFOD_URLS=https://debuginfod.ubuntu.com PYTHONPATH=/home/dvrk-team/dvrk_ctrl_ws/build/utilities/prefix_override:/usr/lib/python3/dist-packages/colcon_core/task/python/colcon_distutils_commands:/home/dvrk-team/dvrk_ctrl_ws/install/utilities/lib/python3.12/site-packages:${PYTHONPATH} /usr/bin/python3 -W ignore:setup.py install is deprecated -W ignore:easy_install command is deprecated setup.py egg_info --egg-base ../../build/utilities build --build-base /home/dvrk-team/dvrk_ctrl_ws/build/utilities/build install --record /home/dvrk-team/dvrk_ctrl_ws/build/utilities/install.log --install-scripts $base/lib/utilities --single-version-externally-managed install_data
[0.608s] Level 1:colcon.colcon_core.environment:create_environment_scripts_only(utility_interfaces)
[0.608s] DEBUG:colcon.colcon_core.event_handler.log_command:Invoked command in '/home/dvrk-team/dvrk_ctrl_ws/build/utility_interfaces' returned '0': CMAKE_PREFIX_PATH=/home/dvrk-team/dvrk_ctrl_ws/install/utility_interfaces:/home/dvrk-team/dvrk_ctrl_ws/install/peg_transfer_interfaces:/home/dvrk-team/ros_ambf_ws/install/ambf_client:/home/dvrk-team/ros_ambf_ws/install/tf_function:/home/dvrk-team/ros_ambf_ws/install/ros_comm_plugin:/home/dvrk-team/ros_ambf_ws/install/ambf_server:/home/dvrk-team/ros_ambf_ws/install/ambf_msgs:/home/dvrk-team/ros2_ws/install/dvrk_robot:/home/dvrk-team/ros2_ws/install/saw_robot_io_1394_ros:/home/dvrk-team/ros2_ws/install/saw_intuitive_research_kit_example_psm_derived:/home/dvrk-team/ros2_ws/install/saw_intuitive_research_kit_example_bilateral_teleop:/home/dvrk-team/ros2_ws/install/saw_controllers_ros:/home/dvrk-team/ros2_ws/install/sawIntuitiveResearchKitCore:/home/dvrk-team/ros2_ws/install/sawTextToSpeechAll:/home/dvrk-team/ros2_ws/install/sawRobotIO1394Core:/home/dvrk-team/ros2_ws/install/sawControllersCore:/home/dvrk-team/ros2_ws/install/sawKeyboardAll:/home/dvrk-team/ros2_ws/install/dvrk_python:/home/dvrk-team/ros2_ws/install/dvrk_display:/home/dvrk-team/ros2_ws/install/dvrk_camera_registration:/home/dvrk-team/ros2_ws/install/data_collection:/home/dvrk-team/ros2_ws/install/crtk_python_client:/home/dvrk-team/ros2_ws/install/peg_transfer_interfaces:/home/dvrk-team/ros2_ws/install/dvrk_video:/home/dvrk-team/dvrk_ctrl_ws/install/peg_control:/home/dvrk-team/dvrk_ctrl_ws/install/utility_interface:/home/dvrk-team/dvrk_ctrl_ws/install/utilities:/home/dvrk-team/dvrk_ctrl_ws/install/peg_transfer:/home/dvrk-team/dvrk_ctrl_ws/install/dvrk_peg_transfer:/home/dvrk-team/ros2_ws/install/peg_transfer:/home/dvrk-team/ros2_ws/install/dvrk_mtm_gc:/opt/ros/jazzy:/home/dvrk-team/ros2_ws/install/dvrk_model:/home/dvrk-team/ros2_ws/install/dvrk_hrsv_widget:/home/dvrk-team/ros2_ws/install/dvrk_config_jhu:/home/dvrk-team/ros2_ws/install/dvrk_config:/home/dvrk-team/ros2_ws/install/dvrk_arms_from_ros:/home/dvrk-team/ros2_ws/install/cisst_ros_crtk:/home/dvrk-team/ros2_ws/install/crtk_msgs:/home/dvrk-team/ros2_ws/install/cisst_ros_bridge:/home/dvrk-team/ros2_ws/install/cisst_msgs:/home/dvrk-team/ros2_ws/install/cisst:/home/dvrk-team/ros2_ws/install/cisstNetlib:/opt/ros/jazzy/opt/gz_math_vendor:/opt/ros/jazzy/opt/gz_utils_vendor:/opt/ros/jazzy/opt/gz_cmake_vendor DEBUGINFOD_URLS=https://debuginfod.ubuntu.com /usr/bin/cmake --install /home/dvrk-team/dvrk_ctrl_ws/build/utility_interfaces
[0.609s] Level 1:colcon.colcon_core.environment:checking '/home/dvrk-team/dvrk_ctrl_ws/install/utility_interfaces' for CMake module files
[0.610s] Level 1:colcon.colcon_core.environment:checking '/home/dvrk-team/dvrk_ctrl_ws/install/utility_interfaces' for CMake config files
[0.610s] Level 1:colcon.colcon_core.shell:create_environment_hook('utility_interfaces', 'cmake_prefix_path')
[0.610s] INFO:colcon.colcon_core.shell:Creating environment hook '/home/dvrk-team/dvrk_ctrl_ws/install/utility_interfaces/share/utility_interfaces/hook/cmake_prefix_path.ps1'
[0.610s] INFO:colcon.colcon_core.shell:Creating environment descriptor '/home/dvrk-team/dvrk_ctrl_ws/install/utility_interfaces/share/utility_interfaces/hook/cmake_prefix_path.dsv'
[0.610s] INFO:colcon.colcon_core.shell:Creating environment hook '/home/dvrk-team/dvrk_ctrl_ws/install/utility_interfaces/share/utility_interfaces/hook/cmake_prefix_path.sh'
[0.611s] Level 1:colcon.colcon_core.environment:checking '/home/dvrk-team/dvrk_ctrl_ws/install/utility_interfaces/lib'
[0.611s] Level 1:colcon.colcon_core.shell:create_environment_hook('utility_interfaces', 'ld_library_path_lib')
[0.611s] INFO:colcon.colcon_core.shell:Creating environment hook '/home/dvrk-team/dvrk_ctrl_ws/install/utility_interfaces/share/utility_interfaces/hook/ld_library_path_lib.ps1'
[0.611s] INFO:colcon.colcon_core.shell:Creating environment descriptor '/home/dvrk-team/dvrk_ctrl_ws/install/utility_interfaces/share/utility_interfaces/hook/ld_library_path_lib.dsv'
[0.611s] INFO:colcon.colcon_core.shell:Creating environment hook '/home/dvrk-team/dvrk_ctrl_ws/install/utility_interfaces/share/utility_interfaces/hook/ld_library_path_lib.sh'
[0.611s] Level 1:colcon.colcon_core.environment:checking '/home/dvrk-team/dvrk_ctrl_ws/install/utility_interfaces/bin'
[0.611s] Level 1:colcon.colcon_core.environment:checking '/home/dvrk-team/dvrk_ctrl_ws/install/utility_interfaces/lib/pkgconfig/utility_interfaces.pc'
[0.612s] Level 1:colcon.colcon_core.environment:checking '/home/dvrk-team/dvrk_ctrl_ws/install/utility_interfaces/lib/python3.12/site-packages'
[0.612s] Level 1:colcon.colcon_core.shell:create_environment_hook('utility_interfaces', 'pythonpath')
[0.612s] INFO:colcon.colcon_core.shell:Creating environment hook '/home/dvrk-team/dvrk_ctrl_ws/install/utility_interfaces/share/utility_interfaces/hook/pythonpath.ps1'
[0.612s] INFO:colcon.colcon_core.shell:Creating environment descriptor '/home/dvrk-team/dvrk_ctrl_ws/install/utility_interfaces/share/utility_interfaces/hook/pythonpath.dsv'
[0.612s] INFO:colcon.colcon_core.shell:Creating environment hook '/home/dvrk-team/dvrk_ctrl_ws/install/utility_interfaces/share/utility_interfaces/hook/pythonpath.sh'
[0.612s] Level 1:colcon.colcon_core.environment:checking '/home/dvrk-team/dvrk_ctrl_ws/install/utility_interfaces/bin'
[0.613s] INFO:colcon.colcon_core.shell:Creating package script '/home/dvrk-team/dvrk_ctrl_ws/install/utility_interfaces/share/utility_interfaces/package.ps1'
[0.613s] INFO:colcon.colcon_core.shell:Creating package descriptor '/home/dvrk-team/dvrk_ctrl_ws/install/utility_interfaces/share/utility_interfaces/package.dsv'
[0.613s] INFO:colcon.colcon_core.shell:Creating package script '/home/dvrk-team/dvrk_ctrl_ws/install/utility_interfaces/share/utility_interfaces/package.sh'
[0.614s] INFO:colcon.colcon_core.shell:Creating package script '/home/dvrk-team/dvrk_ctrl_ws/install/utility_interfaces/share/utility_interfaces/package.bash'
[0.614s] INFO:colcon.colcon_core.shell:Creating package script '/home/dvrk-team/dvrk_ctrl_ws/install/utility_interfaces/share/utility_interfaces/package.zsh'
[0.614s] Level 1:colcon.colcon_core.environment:create_file_with_runtime_dependencies(/home/dvrk-team/dvrk_ctrl_ws/install/utility_interfaces/share/colcon-core/packages/utility_interfaces)
[0.615s] Level 1:colcon.colcon_core.environment:create_environment_scripts_only(utility_interfaces)
[0.615s] Level 1:colcon.colcon_core.environment:checking '/home/dvrk-team/dvrk_ctrl_ws/install/utility_interfaces' for CMake module files
[0.615s] Level 1:colcon.colcon_core.environment:checking '/home/dvrk-team/dvrk_ctrl_ws/install/utility_interfaces' for CMake config files
[0.615s] Level 1:colcon.colcon_core.shell:create_environment_hook('utility_interfaces', 'cmake_prefix_path')
[0.615s] INFO:colcon.colcon_core.shell:Creating environment hook '/home/dvrk-team/dvrk_ctrl_ws/install/utility_interfaces/share/utility_interfaces/hook/cmake_prefix_path.ps1'
[0.615s] INFO:colcon.colcon_core.shell:Creating environment descriptor '/home/dvrk-team/dvrk_ctrl_ws/install/utility_interfaces/share/utility_interfaces/hook/cmake_prefix_path.dsv'
[0.615s] INFO:colcon.colcon_core.shell:Creating environment hook '/home/dvrk-team/dvrk_ctrl_ws/install/utility_interfaces/share/utility_interfaces/hook/cmake_prefix_path.sh'
[0.616s] Level 1:colcon.colcon_core.environment:checking '/home/dvrk-team/dvrk_ctrl_ws/install/utility_interfaces/lib'
[0.616s] Level 1:colcon.colcon_core.shell:create_environment_hook('utility_interfaces', 'ld_library_path_lib')
[0.616s] INFO:colcon.colcon_core.shell:Creating environment hook '/home/dvrk-team/dvrk_ctrl_ws/install/utility_interfaces/share/utility_interfaces/hook/ld_library_path_lib.ps1'
[0.616s] INFO:colcon.colcon_core.shell:Creating environment descriptor '/home/dvrk-team/dvrk_ctrl_ws/install/utility_interfaces/share/utility_interfaces/hook/ld_library_path_lib.dsv'
[0.616s] INFO:colcon.colcon_core.shell:Creating environment hook '/home/dvrk-team/dvrk_ctrl_ws/install/utility_interfaces/share/utility_interfaces/hook/ld_library_path_lib.sh'
[0.616s] Level 1:colcon.colcon_core.environment:checking '/home/dvrk-team/dvrk_ctrl_ws/install/utility_interfaces/bin'
[0.616s] Level 1:colcon.colcon_core.environment:checking '/home/dvrk-team/dvrk_ctrl_ws/install/utility_interfaces/lib/pkgconfig/utility_interfaces.pc'
[0.616s] Level 1:colcon.colcon_core.environment:checking '/home/dvrk-team/dvrk_ctrl_ws/install/utility_interfaces/lib/python3.12/site-packages'
[0.616s] Level 1:colcon.colcon_core.shell:create_environment_hook('utility_interfaces', 'pythonpath')
[0.617s] INFO:colcon.colcon_core.shell:Creating environment hook '/home/dvrk-team/dvrk_ctrl_ws/install/utility_interfaces/share/utility_interfaces/hook/pythonpath.ps1'
[0.617s] INFO:colcon.colcon_core.shell:Creating environment descriptor '/home/dvrk-team/dvrk_ctrl_ws/install/utility_interfaces/share/utility_interfaces/hook/pythonpath.dsv'
[0.617s] INFO:colcon.colcon_core.shell:Creating environment hook '/home/dvrk-team/dvrk_ctrl_ws/install/utility_interfaces/share/utility_interfaces/hook/pythonpath.sh'
[0.617s] Level 1:colcon.colcon_core.environment:checking '/home/dvrk-team/dvrk_ctrl_ws/install/utility_interfaces/bin'
[0.617s] INFO:colcon.colcon_core.shell:Creating package script '/home/dvrk-team/dvrk_ctrl_ws/install/utility_interfaces/share/utility_interfaces/package.ps1'
[0.618s] INFO:colcon.colcon_core.shell:Creating package descriptor '/home/dvrk-team/dvrk_ctrl_ws/install/utility_interfaces/share/utility_interfaces/package.dsv'
[0.618s] INFO:colcon.colcon_core.shell:Creating package script '/home/dvrk-team/dvrk_ctrl_ws/install/utility_interfaces/share/utility_interfaces/package.sh'
[0.618s] INFO:colcon.colcon_core.shell:Creating package script '/home/dvrk-team/dvrk_ctrl_ws/install/utility_interfaces/share/utility_interfaces/package.bash'
[0.618s] INFO:colcon.colcon_core.shell:Creating package script '/home/dvrk-team/dvrk_ctrl_ws/install/utility_interfaces/share/utility_interfaces/package.zsh'
[0.618s] Level 1:colcon.colcon_core.environment:create_file_with_runtime_dependencies(/home/dvrk-team/dvrk_ctrl_ws/install/utility_interfaces/share/colcon-core/packages/utility_interfaces)
[0.827s] Level 1:colcon.colcon_core.environment:checking '/home/dvrk-team/dvrk_ctrl_ws/install/peg_control' for CMake module files
[0.828s] DEBUG:colcon.colcon_core.event_handler.log_command:Invoked command in '/home/dvrk-team/dvrk_ctrl_ws/src/peg_control' returned '0': DEBUGINFOD_URLS=https://debuginfod.ubuntu.com PYTHONPATH=/home/dvrk-team/dvrk_ctrl_ws/build/peg_control/prefix_override:/usr/lib/python3/dist-packages/colcon_core/task/python/colcon_distutils_commands:/home/dvrk-team/dvrk_ctrl_ws/install/peg_control/lib/python3.12/site-packages:${PYTHONPATH} /usr/bin/python3 -W ignore:setup.py install is deprecated -W ignore:easy_install command is deprecated setup.py egg_info --egg-base ../../build/peg_control build --build-base /home/dvrk-team/dvrk_ctrl_ws/build/peg_control/build install --record /home/dvrk-team/dvrk_ctrl_ws/build/peg_control/install.log --install-scripts $base/lib/peg_control --single-version-externally-managed install_data
[0.828s] Level 1:colcon.colcon_core.environment:checking '/home/dvrk-team/dvrk_ctrl_ws/install/peg_control' for CMake config files
[0.829s] Level 1:colcon.colcon_core.environment:checking '/home/dvrk-team/dvrk_ctrl_ws/install/peg_control/lib'
[0.829s] Level 1:colcon.colcon_core.environment:checking '/home/dvrk-team/dvrk_ctrl_ws/install/peg_control/bin'
[0.829s] Level 1:colcon.colcon_core.environment:checking '/home/dvrk-team/dvrk_ctrl_ws/install/peg_control/lib/pkgconfig/peg_control.pc'
[0.829s] Level 1:colcon.colcon_core.environment:checking '/home/dvrk-team/dvrk_ctrl_ws/install/peg_control/lib/python3.12/site-packages'
[0.829s] Level 1:colcon.colcon_core.shell:create_environment_hook('peg_control', 'pythonpath')
[0.830s] INFO:colcon.colcon_core.shell:Creating environment hook '/home/dvrk-team/dvrk_ctrl_ws/install/peg_control/share/peg_control/hook/pythonpath.ps1'
[0.830s] INFO:colcon.colcon_core.shell:Creating environment descriptor '/home/dvrk-team/dvrk_ctrl_ws/install/peg_control/share/peg_control/hook/pythonpath.dsv'
[0.830s] INFO:colcon.colcon_core.shell:Creating environment hook '/home/dvrk-team/dvrk_ctrl_ws/install/peg_control/share/peg_control/hook/pythonpath.sh'
[0.831s] Level 1:colcon.colcon_core.environment:checking '/home/dvrk-team/dvrk_ctrl_ws/install/peg_control/bin'
[0.831s] Level 1:colcon.colcon_core.environment:create_environment_scripts_only(peg_control)
[0.831s] INFO:colcon.colcon_core.shell:Creating package script '/home/dvrk-team/dvrk_ctrl_ws/install/peg_control/share/peg_control/package.ps1'
[0.832s] INFO:colcon.colcon_core.shell:Creating package descriptor '/home/dvrk-team/dvrk_ctrl_ws/install/peg_control/share/peg_control/package.dsv'
[0.832s] INFO:colcon.colcon_core.shell:Creating package script '/home/dvrk-team/dvrk_ctrl_ws/install/peg_control/share/peg_control/package.sh'
[0.832s] INFO:colcon.colcon_core.shell:Creating package script '/home/dvrk-team/dvrk_ctrl_ws/install/peg_control/share/peg_control/package.bash'
[0.833s] INFO:colcon.colcon_core.shell:Creating package script '/home/dvrk-team/dvrk_ctrl_ws/install/peg_control/share/peg_control/package.zsh'
[0.833s] Level 1:colcon.colcon_core.environment:create_file_with_runtime_dependencies(/home/dvrk-team/dvrk_ctrl_ws/install/peg_control/share/colcon-core/packages/peg_control)
[0.835s] Level 1:colcon.colcon_core.environment:checking '/home/dvrk-team/dvrk_ctrl_ws/install/utilities' for CMake module files
[0.835s] DEBUG:colcon.colcon_core.event_handler.log_command:Invoked command in '/home/dvrk-team/dvrk_ctrl_ws/src/utilities' returned '0': DEBUGINFOD_URLS=https://debuginfod.ubuntu.com PYTHONPATH=/home/dvrk-team/dvrk_ctrl_ws/build/utilities/prefix_override:/usr/lib/python3/dist-packages/colcon_core/task/python/colcon_distutils_commands:/home/dvrk-team/dvrk_ctrl_ws/install/utilities/lib/python3.12/site-packages:${PYTHONPATH} /usr/bin/python3 -W ignore:setup.py install is deprecated -W ignore:easy_install command is deprecated setup.py egg_info --egg-base ../../build/utilities build --build-base /home/dvrk-team/dvrk_ctrl_ws/build/utilities/build install --record /home/dvrk-team/dvrk_ctrl_ws/build/utilities/install.log --install-scripts $base/lib/utilities --single-version-externally-managed install_data
[0.836s] Level 1:colcon.colcon_core.environment:checking '/home/dvrk-team/dvrk_ctrl_ws/install/utilities' for CMake config files
[0.837s] Level 1:colcon.colcon_core.environment:checking '/home/dvrk-team/dvrk_ctrl_ws/install/utilities/lib'
[0.837s] Level 1:colcon.colcon_core.environment:checking '/home/dvrk-team/dvrk_ctrl_ws/install/utilities/bin'
[0.837s] Level 1:colcon.colcon_core.environment:checking '/home/dvrk-team/dvrk_ctrl_ws/install/utilities/lib/pkgconfig/utilities.pc'
[0.837s] Level 1:colcon.colcon_core.environment:checking '/home/dvrk-team/dvrk_ctrl_ws/install/utilities/lib/python3.12/site-packages'
[0.837s] Level 1:colcon.colcon_core.shell:create_environment_hook('utilities', 'pythonpath')
[0.837s] INFO:colcon.colcon_core.shell:Creating environment hook '/home/dvrk-team/dvrk_ctrl_ws/install/utilities/share/utilities/hook/pythonpath.ps1'
[0.838s] INFO:colcon.colcon_core.shell:Creating environment descriptor '/home/dvrk-team/dvrk_ctrl_ws/install/utilities/share/utilities/hook/pythonpath.dsv'
[0.838s] INFO:colcon.colcon_core.shell:Creating environment hook '/home/dvrk-team/dvrk_ctrl_ws/install/utilities/share/utilities/hook/pythonpath.sh'
[0.839s] Level 1:colcon.colcon_core.environment:checking '/home/dvrk-team/dvrk_ctrl_ws/install/utilities/bin'
[0.839s] Level 1:colcon.colcon_core.environment:create_environment_scripts_only(utilities)
[0.839s] INFO:colcon.colcon_core.shell:Creating package script '/home/dvrk-team/dvrk_ctrl_ws/install/utilities/share/utilities/package.ps1'
[0.840s] INFO:colcon.colcon_core.shell:Creating package descriptor '/home/dvrk-team/dvrk_ctrl_ws/install/utilities/share/utilities/package.dsv'
[0.840s] INFO:colcon.colcon_core.shell:Creating package script '/home/dvrk-team/dvrk_ctrl_ws/install/utilities/share/utilities/package.sh'
[0.841s] INFO:colcon.colcon_core.shell:Creating package script '/home/dvrk-team/dvrk_ctrl_ws/install/utilities/share/utilities/package.bash'
[0.841s] INFO:colcon.colcon_core.shell:Creating package script '/home/dvrk-team/dvrk_ctrl_ws/install/utilities/share/utilities/package.zsh'
[0.841s] Level 1:colcon.colcon_core.environment:create_file_with_runtime_dependencies(/home/dvrk-team/dvrk_ctrl_ws/install/utilities/share/colcon-core/packages/utilities)
[0.841s] DEBUG:colcon.colcon_parallel_executor.executor.parallel:closing loop
[0.841s] DEBUG:colcon.colcon_parallel_executor.executor.parallel:loop closed
[0.841s] DEBUG:colcon.colcon_parallel_executor.executor.parallel:run_until_complete finished with '0'
[0.841s] DEBUG:colcon.colcon_core.event_reactor:joining thread
[0.846s] INFO:colcon.colcon_core.plugin_system:Skipping extension 'colcon_notification.desktop_notification.terminal_notifier': Not used on non-Darwin systems
[0.846s] INFO:colcon.colcon_core.plugin_system:Skipping extension 'colcon_notification.desktop_notification.win32': Not used on non-Windows systems
[0.846s] INFO:colcon.colcon_notification.desktop_notification:Sending desktop notification using 'notify2'
[0.857s] DEBUG:colcon.colcon_core.event_reactor:joined thread
[0.858s] INFO:colcon.colcon_core.shell:Creating prefix script '/home/dvrk-team/dvrk_ctrl_ws/install/local_setup.ps1'
[0.858s] INFO:colcon.colcon_core.shell:Creating prefix util module '/home/dvrk-team/dvrk_ctrl_ws/install/_local_setup_util_ps1.py'
[0.859s] INFO:colcon.colcon_core.shell:Creating prefix chain script '/home/dvrk-team/dvrk_ctrl_ws/install/setup.ps1'
[0.861s] INFO:colcon.colcon_core.shell:Creating prefix script '/home/dvrk-team/dvrk_ctrl_ws/install/local_setup.sh'
[0.861s] INFO:colcon.colcon_core.shell:Creating prefix util module '/home/dvrk-team/dvrk_ctrl_ws/install/_local_setup_util_sh.py'
[0.862s] INFO:colcon.colcon_core.shell:Creating prefix chain script '/home/dvrk-team/dvrk_ctrl_ws/install/setup.sh'
[0.863s] INFO:colcon.colcon_core.shell:Creating prefix script '/home/dvrk-team/dvrk_ctrl_ws/install/local_setup.bash'
[0.863s] INFO:colcon.colcon_core.shell:Creating prefix chain script '/home/dvrk-team/dvrk_ctrl_ws/install/setup.bash'
[0.864s] INFO:colcon.colcon_core.shell:Creating prefix script '/home/dvrk-team/dvrk_ctrl_ws/install/local_setup.zsh'
[0.864s] INFO:colcon.colcon_core.shell:Creating prefix chain script '/home/dvrk-team/dvrk_ctrl_ws/install/setup.zsh'
