[0.473s] Invoking command in '/home/dvrk-team/dvrk_ctrl_ws/src/peg_control': DEBUGINFOD_URLS=https://debuginfod.ubuntu.com PYTHONPATH=/home/dvrk-team/dvrk_ctrl_ws/build/peg_control/prefix_override:/usr/lib/python3/dist-packages/colcon_core/task/python/colcon_distutils_commands:/home/dvrk-team/dvrk_ctrl_ws/install/peg_control/lib/python3.12/site-packages:${PYTHONPATH} /usr/bin/python3 -W ignore:setup.py install is deprecated -W ignore:easy_install command is deprecated setup.py egg_info --egg-base ../../build/peg_control build --build-base /home/dvrk-team/dvrk_ctrl_ws/build/peg_control/build install --record /home/dvrk-team/dvrk_ctrl_ws/build/peg_control/install.log --install-scripts $base/lib/peg_control --single-version-externally-managed install_data
[0.587s] running egg_info
[0.594s] writing ../../build/peg_control/peg_control.egg-info/PKG-INFO
[0.594s] writing dependency_links to ../../build/peg_control/peg_control.egg-info/dependency_links.txt
[0.594s] writing entry points to ../../build/peg_control/peg_control.egg-info/entry_points.txt
[0.595s] writing requirements to ../../build/peg_control/peg_control.egg-info/requires.txt
[0.595s] writing top-level names to ../../build/peg_control/peg_control.egg-info/top_level.txt
[0.608s] reading manifest file '../../build/peg_control/peg_control.egg-info/SOURCES.txt'
[0.608s] adding license file 'LICENSE'
[0.608s] writing manifest file '../../build/peg_control/peg_control.egg-info/SOURCES.txt'
[0.608s] running build
[0.609s] running build_py
[0.609s] running install
[0.611s] running install_lib
[0.618s] running install_data
[0.618s] running install_egg_info
[0.625s] removing '/home/dvrk-team/dvrk_ctrl_ws/install/peg_control/lib/python3.12/site-packages/peg_control-0.0.0-py3.12.egg-info' (and everything under it)
[0.625s] Copying ../../build/peg_control/peg_control.egg-info to /home/dvrk-team/dvrk_ctrl_ws/install/peg_control/lib/python3.12/site-packages/peg_control-0.0.0-py3.12.egg-info
[0.625s] running install_scripts
[0.676s] Installing psm_to_block script to /home/dvrk-team/dvrk_ctrl_ws/install/peg_control/lib/peg_control
[0.676s] writing list of installed files to '/home/dvrk-team/dvrk_ctrl_ws/build/peg_control/install.log'
[0.690s] Invoked command in '/home/dvrk-team/dvrk_ctrl_ws/src/peg_control' returned '0': DEBUGINFOD_URLS=https://debuginfod.ubuntu.com PYTHONPATH=/home/dvrk-team/dvrk_ctrl_ws/build/peg_control/prefix_override:/usr/lib/python3/dist-packages/colcon_core/task/python/colcon_distutils_commands:/home/dvrk-team/dvrk_ctrl_ws/install/peg_control/lib/python3.12/site-packages:${PYTHONPATH} /usr/bin/python3 -W ignore:setup.py install is deprecated -W ignore:easy_install command is deprecated setup.py egg_info --egg-base ../../build/peg_control build --build-base /home/dvrk-team/dvrk_ctrl_ws/build/peg_control/build install --record /home/dvrk-team/dvrk_ctrl_ws/build/peg_control/install.log --install-scripts $base/lib/peg_control --single-version-externally-managed install_data
