[0.043s] DEBUG:colcon:Command line arguments: ['/usr/bin/colcon', 'build']
[0.043s] DEBUG:colcon:Parsed command line arguments: Namespace(log_base=None, log_level=None, verb_name='build', build_base='build', install_base='install', merge_install=False, symlink_install=False, test_result_base=None, continue_on_error=False, executor='parallel', parallel_workers=24, event_handlers=None, ignore_user_meta=False, metas=['./colcon.meta'], base_paths=['.'], packages_ignore=None, packages_ignore_regex=None, paths=None, packages_up_to=None, packages_up_to_regex=None, packages_above=None, packages_above_and_dependencies=None, packages_above_depth=None, packages_select_by_dep=None, packages_skip_by_dep=None, packages_skip_up_to=None, packages_select_build_failed=False, packages_skip_build_finished=False, packages_select_test_failures=False, packages_skip_test_passed=False, packages_select=None, packages_skip=None, packages_select_regex=None, packages_skip_regex=None, packages_start=None, packages_end=None, allow_overriding=[], cmake_args=None, cmake_target=None, cmake_target_skip_unavailable=False, cmake_clean_cache=False, cmake_clean_first=False, cmake_force_configure=False, ament_cmake_args=None, catkin_cmake_args=None, catkin_skip_building_tests=False, mixin_files=None, mixin=None, verb_parser=<colcon_mixin.mixin.mixin_argument.MixinArgumentDecorator object at 0x781bc78a1640>, verb_extension=<colcon_core.verb.build.BuildVerb object at 0x781bc79c5fd0>, main=<bound method BuildVerb.main of <colcon_core.verb.build.BuildVerb object at 0x781bc79c5fd0>>, mixin_verb=('build',))
[0.058s] Level 1:colcon.colcon_core.package_discovery:discover_packages(colcon_meta) check parameters
[0.058s] Level 1:colcon.colcon_core.package_discovery:discover_packages(recursive) check parameters
[0.058s] Level 1:colcon.colcon_core.package_discovery:discover_packages(ignore) check parameters
[0.058s] Level 1:colcon.colcon_core.package_discovery:discover_packages(path) check parameters
[0.058s] Level 1:colcon.colcon_core.package_discovery:discover_packages(colcon_meta) discover
[0.058s] Level 1:colcon.colcon_core.package_discovery:discover_packages(recursive) discover
[0.059s] INFO:colcon.colcon_core.package_discovery:Crawling recursively for packages in '/home/dvrk-team/dvrk_ctrl_ws'
[0.059s] Level 1:colcon.colcon_core.package_identification:_identify(.) by extensions ['ignore', 'ignore_ament_install']
[0.059s] Level 1:colcon.colcon_core.package_identification:_identify(.) by extension 'ignore'
[0.059s] Level 1:colcon.colcon_core.package_identification:_identify(.) by extension 'ignore_ament_install'
[0.059s] Level 1:colcon.colcon_core.package_identification:_identify(.) by extensions ['colcon_pkg']
[0.059s] Level 1:colcon.colcon_core.package_identification:_identify(.) by extension 'colcon_pkg'
[0.059s] Level 1:colcon.colcon_core.package_identification:_identify(.) by extensions ['colcon_meta']
[0.059s] Level 1:colcon.colcon_core.package_identification:_identify(.) by extension 'colcon_meta'
[0.059s] Level 1:colcon.colcon_core.package_identification:_identify(.) by extensions ['ros']
[0.059s] Level 1:colcon.colcon_core.package_identification:_identify(.) by extension 'ros'
[0.070s] Level 1:colcon.colcon_core.package_identification:_identify(.) by extensions ['cmake', 'python']
[0.070s] Level 1:colcon.colcon_core.package_identification:_identify(.) by extension 'cmake'
[0.070s] Level 1:colcon.colcon_core.package_identification:_identify(.) by extension 'python'
[0.070s] Level 1:colcon.colcon_core.package_identification:_identify(.) by extensions ['python_setup_py']
[0.070s] Level 1:colcon.colcon_core.package_identification:_identify(.) by extension 'python_setup_py'
[0.070s] Level 1:colcon.colcon_core.package_identification:_identify(build) by extensions ['ignore', 'ignore_ament_install']
[0.070s] Level 1:colcon.colcon_core.package_identification:_identify(build) by extension 'ignore'
[0.070s] Level 1:colcon.colcon_core.package_identification:_identify(build) ignored
[0.070s] Level 1:colcon.colcon_core.package_identification:_identify(install) by extensions ['ignore', 'ignore_ament_install']
[0.070s] Level 1:colcon.colcon_core.package_identification:_identify(install) by extension 'ignore'
[0.070s] Level 1:colcon.colcon_core.package_identification:_identify(install) ignored
[0.070s] Level 1:colcon.colcon_core.package_identification:_identify(log) by extensions ['ignore', 'ignore_ament_install']
[0.070s] Level 1:colcon.colcon_core.package_identification:_identify(log) by extension 'ignore'
[0.070s] Level 1:colcon.colcon_core.package_identification:_identify(log) ignored
[0.070s] Level 1:colcon.colcon_core.package_identification:_identify(src) by extensions ['ignore', 'ignore_ament_install']
[0.070s] Level 1:colcon.colcon_core.package_identification:_identify(src) by extension 'ignore'
[0.070s] Level 1:colcon.colcon_core.package_identification:_identify(src) by extension 'ignore_ament_install'
[0.070s] Level 1:colcon.colcon_core.package_identification:_identify(src) by extensions ['colcon_pkg']
[0.070s] Level 1:colcon.colcon_core.package_identification:_identify(src) by extension 'colcon_pkg'
[0.070s] Level 1:colcon.colcon_core.package_identification:_identify(src) by extensions ['colcon_meta']
[0.070s] Level 1:colcon.colcon_core.package_identification:_identify(src) by extension 'colcon_meta'
[0.070s] Level 1:colcon.colcon_core.package_identification:_identify(src) by extensions ['ros']
[0.070s] Level 1:colcon.colcon_core.package_identification:_identify(src) by extension 'ros'
[0.070s] Level 1:colcon.colcon_core.package_identification:_identify(src) by extensions ['cmake', 'python']
[0.070s] Level 1:colcon.colcon_core.package_identification:_identify(src) by extension 'cmake'
[0.070s] Level 1:colcon.colcon_core.package_identification:_identify(src) by extension 'python'
[0.070s] Level 1:colcon.colcon_core.package_identification:_identify(src) by extensions ['python_setup_py']
[0.070s] Level 1:colcon.colcon_core.package_identification:_identify(src) by extension 'python_setup_py'
[0.070s] Level 1:colcon.colcon_core.package_identification:_identify(src/peg_control) by extensions ['ignore', 'ignore_ament_install']
[0.070s] Level 1:colcon.colcon_core.package_identification:_identify(src/peg_control) by extension 'ignore'
[0.070s] Level 1:colcon.colcon_core.package_identification:_identify(src/peg_control) by extension 'ignore_ament_install'
[0.070s] Level 1:colcon.colcon_core.package_identification:_identify(src/peg_control) by extensions ['colcon_pkg']
[0.070s] Level 1:colcon.colcon_core.package_identification:_identify(src/peg_control) by extension 'colcon_pkg'
[0.070s] Level 1:colcon.colcon_core.package_identification:_identify(src/peg_control) by extensions ['colcon_meta']
[0.070s] Level 1:colcon.colcon_core.package_identification:_identify(src/peg_control) by extension 'colcon_meta'
[0.070s] Level 1:colcon.colcon_core.package_identification:_identify(src/peg_control) by extensions ['ros']
[0.070s] Level 1:colcon.colcon_core.package_identification:_identify(src/peg_control) by extension 'ros'
[0.071s] DEBUG:colcon.colcon_core.package_identification:Package 'src/peg_control' with type 'ros.ament_python' and name 'peg_control'
[0.071s] Level 1:colcon.colcon_core.package_identification:_identify(src/utilities) by extensions ['ignore', 'ignore_ament_install']
[0.071s] Level 1:colcon.colcon_core.package_identification:_identify(src/utilities) by extension 'ignore'
[0.071s] Level 1:colcon.colcon_core.package_identification:_identify(src/utilities) by extension 'ignore_ament_install'
[0.071s] Level 1:colcon.colcon_core.package_identification:_identify(src/utilities) by extensions ['colcon_pkg']
[0.071s] Level 1:colcon.colcon_core.package_identification:_identify(src/utilities) by extension 'colcon_pkg'
[0.071s] Level 1:colcon.colcon_core.package_identification:_identify(src/utilities) by extensions ['colcon_meta']
[0.071s] Level 1:colcon.colcon_core.package_identification:_identify(src/utilities) by extension 'colcon_meta'
[0.071s] Level 1:colcon.colcon_core.package_identification:_identify(src/utilities) by extensions ['ros']
[0.071s] Level 1:colcon.colcon_core.package_identification:_identify(src/utilities) by extension 'ros'
[0.072s] DEBUG:colcon.colcon_core.package_identification:Package 'src/utilities' with type 'ros.ament_python' and name 'utilities'
[0.072s] Level 1:colcon.colcon_core.package_identification:_identify(src/utility_interfaces) by extensions ['ignore', 'ignore_ament_install']
[0.072s] Level 1:colcon.colcon_core.package_identification:_identify(src/utility_interfaces) by extension 'ignore'
[0.072s] Level 1:colcon.colcon_core.package_identification:_identify(src/utility_interfaces) by extension 'ignore_ament_install'
[0.072s] Level 1:colcon.colcon_core.package_identification:_identify(src/utility_interfaces) by extensions ['colcon_pkg']
[0.072s] Level 1:colcon.colcon_core.package_identification:_identify(src/utility_interfaces) by extension 'colcon_pkg'
[0.072s] Level 1:colcon.colcon_core.package_identification:_identify(src/utility_interfaces) by extensions ['colcon_meta']
[0.072s] Level 1:colcon.colcon_core.package_identification:_identify(src/utility_interfaces) by extension 'colcon_meta'
[0.072s] Level 1:colcon.colcon_core.package_identification:_identify(src/utility_interfaces) by extensions ['ros']
[0.072s] Level 1:colcon.colcon_core.package_identification:_identify(src/utility_interfaces) by extension 'ros'
[0.072s] DEBUG:colcon.colcon_core.package_identification:Package 'src/utility_interfaces' with type 'ros.ament_cmake' and name 'utility_interfaces'
[0.072s] Level 1:colcon.colcon_core.package_discovery:discover_packages(recursive) using defaults
[0.072s] Level 1:colcon.colcon_core.package_discovery:discover_packages(ignore) discover
[0.072s] Level 1:colcon.colcon_core.package_discovery:discover_packages(ignore) using defaults
[0.072s] Level 1:colcon.colcon_core.package_discovery:discover_packages(path) discover
[0.072s] Level 1:colcon.colcon_core.package_discovery:discover_packages(path) using defaults
[0.080s] Level 1:colcon.colcon_core.package_discovery:discover_packages(prefix_path) check parameters
[0.080s] Level 1:colcon.colcon_core.package_discovery:discover_packages(prefix_path) discover
[0.081s] DEBUG:colcon.colcon_installed_package_information.package_discovery:Found 7 installed packages in /home/dvrk-team/dvrk_ctrl_ws/install
[0.081s] DEBUG:colcon.colcon_installed_package_information.package_discovery:Found 6 installed packages in /home/dvrk-team/ros_ambf_ws/install
[0.081s] DEBUG:colcon.colcon_installed_package_information.package_discovery:Found 297 installed packages in /opt/ros/jazzy
[0.082s] Level 1:colcon.colcon_core.package_discovery:discover_packages(prefix_path) using defaults
[0.097s] Level 5:colcon.colcon_core.verb:set package 'peg_control' build argument 'cmake_args' from command line to 'None'
[0.097s] Level 5:colcon.colcon_core.verb:set package 'peg_control' build argument 'cmake_target' from command line to 'None'
[0.097s] Level 5:colcon.colcon_core.verb:set package 'peg_control' build argument 'cmake_target_skip_unavailable' from command line to 'False'
[0.097s] Level 5:colcon.colcon_core.verb:set package 'peg_control' build argument 'cmake_clean_cache' from command line to 'False'
[0.097s] Level 5:colcon.colcon_core.verb:set package 'peg_control' build argument 'cmake_clean_first' from command line to 'False'
[0.097s] Level 5:colcon.colcon_core.verb:set package 'peg_control' build argument 'cmake_force_configure' from command line to 'False'
[0.097s] Level 5:colcon.colcon_core.verb:set package 'peg_control' build argument 'ament_cmake_args' from command line to 'None'
[0.097s] Level 5:colcon.colcon_core.verb:set package 'peg_control' build argument 'catkin_cmake_args' from command line to 'None'
[0.097s] Level 5:colcon.colcon_core.verb:set package 'peg_control' build argument 'catkin_skip_building_tests' from command line to 'False'
[0.097s] DEBUG:colcon.colcon_core.verb:Building package 'peg_control' with the following arguments: {'ament_cmake_args': None, 'build_base': '/home/dvrk-team/dvrk_ctrl_ws/build/peg_control', 'catkin_cmake_args': None, 'catkin_skip_building_tests': False, 'cmake_args': None, 'cmake_clean_cache': False, 'cmake_clean_first': False, 'cmake_force_configure': False, 'cmake_target': None, 'cmake_target_skip_unavailable': False, 'install_base': '/home/dvrk-team/dvrk_ctrl_ws/install/peg_control', 'merge_install': False, 'path': '/home/dvrk-team/dvrk_ctrl_ws/src/peg_control', 'symlink_install': False, 'test_result_base': None}
[0.097s] Level 5:colcon.colcon_core.verb:set package 'utilities' build argument 'cmake_args' from command line to 'None'
[0.097s] Level 5:colcon.colcon_core.verb:set package 'utilities' build argument 'cmake_target' from command line to 'None'
[0.097s] Level 5:colcon.colcon_core.verb:set package 'utilities' build argument 'cmake_target_skip_unavailable' from command line to 'False'
[0.097s] Level 5:colcon.colcon_core.verb:set package 'utilities' build argument 'cmake_clean_cache' from command line to 'False'
[0.097s] Level 5:colcon.colcon_core.verb:set package 'utilities' build argument 'cmake_clean_first' from command line to 'False'
[0.097s] Level 5:colcon.colcon_core.verb:set package 'utilities' build argument 'cmake_force_configure' from command line to 'False'
[0.097s] Level 5:colcon.colcon_core.verb:set package 'utilities' build argument 'ament_cmake_args' from command line to 'None'
[0.097s] Level 5:colcon.colcon_core.verb:set package 'utilities' build argument 'catkin_cmake_args' from command line to 'None'
[0.097s] Level 5:colcon.colcon_core.verb:set package 'utilities' build argument 'catkin_skip_building_tests' from command line to 'False'
[0.097s] DEBUG:colcon.colcon_core.verb:Building package 'utilities' with the following arguments: {'ament_cmake_args': None, 'build_base': '/home/dvrk-team/dvrk_ctrl_ws/build/utilities', 'catkin_cmake_args': None, 'catkin_skip_building_tests': False, 'cmake_args': None, 'cmake_clean_cache': False, 'cmake_clean_first': False, 'cmake_force_configure': False, 'cmake_target': None, 'cmake_target_skip_unavailable': False, 'install_base': '/home/dvrk-team/dvrk_ctrl_ws/install/utilities', 'merge_install': False, 'path': '/home/dvrk-team/dvrk_ctrl_ws/src/utilities', 'symlink_install': False, 'test_result_base': None}
[0.097s] Level 5:colcon.colcon_core.verb:set package 'utility_interfaces' build argument 'cmake_args' from command line to 'None'
[0.097s] Level 5:colcon.colcon_core.verb:set package 'utility_interfaces' build argument 'cmake_target' from command line to 'None'
[0.097s] Level 5:colcon.colcon_core.verb:set package 'utility_interfaces' build argument 'cmake_target_skip_unavailable' from command line to 'False'
[0.097s] Level 5:colcon.colcon_core.verb:set package 'utility_interfaces' build argument 'cmake_clean_cache' from command line to 'False'
[0.097s] Level 5:colcon.colcon_core.verb:set package 'utility_interfaces' build argument 'cmake_clean_first' from command line to 'False'
[0.097s] Level 5:colcon.colcon_core.verb:set package 'utility_interfaces' build argument 'cmake_force_configure' from command line to 'False'
[0.097s] Level 5:colcon.colcon_core.verb:set package 'utility_interfaces' build argument 'ament_cmake_args' from command line to 'None'
[0.097s] Level 5:colcon.colcon_core.verb:set package 'utility_interfaces' build argument 'catkin_cmake_args' from command line to 'None'
[0.097s] Level 5:colcon.colcon_core.verb:set package 'utility_interfaces' build argument 'catkin_skip_building_tests' from command line to 'False'
[0.097s] DEBUG:colcon.colcon_core.verb:Building package 'utility_interfaces' with the following arguments: {'ament_cmake_args': None, 'build_base': '/home/dvrk-team/dvrk_ctrl_ws/build/utility_interfaces', 'catkin_cmake_args': None, 'catkin_skip_building_tests': False, 'cmake_args': None, 'cmake_clean_cache': False, 'cmake_clean_first': False, 'cmake_force_configure': False, 'cmake_target': None, 'cmake_target_skip_unavailable': False, 'install_base': '/home/dvrk-team/dvrk_ctrl_ws/install/utility_interfaces', 'merge_install': False, 'path': '/home/dvrk-team/dvrk_ctrl_ws/src/utility_interfaces', 'symlink_install': False, 'test_result_base': None}
[0.097s] INFO:colcon.colcon_core.executor:Executing jobs using 'parallel' executor
[0.098s] DEBUG:colcon.colcon_parallel_executor.executor.parallel:run_until_complete
[0.098s] INFO:colcon.colcon_ros.task.ament_python.build:Building ROS package in '/home/dvrk-team/dvrk_ctrl_ws/src/peg_control' with build type 'ament_python'
[0.098s] Level 1:colcon.colcon_core.shell:create_environment_hook('peg_control', 'ament_prefix_path')
[0.099s] INFO:colcon.colcon_core.plugin_system:Skipping extension 'colcon_core.shell.bat': Not used on non-Windows systems
[0.099s] INFO:colcon.colcon_core.shell:Creating environment hook '/home/dvrk-team/dvrk_ctrl_ws/install/peg_control/share/peg_control/hook/ament_prefix_path.ps1'
[0.100s] INFO:colcon.colcon_core.shell:Creating environment descriptor '/home/dvrk-team/dvrk_ctrl_ws/install/peg_control/share/peg_control/hook/ament_prefix_path.dsv'
[0.100s] INFO:colcon.colcon_core.shell:Creating environment hook '/home/dvrk-team/dvrk_ctrl_ws/install/peg_control/share/peg_control/hook/ament_prefix_path.sh'
[0.100s] INFO:colcon.colcon_core.shell:Skip shell extension 'powershell' for command environment: Not usable outside of PowerShell
[0.100s] DEBUG:colcon.colcon_core.shell:Skip shell extension 'dsv' for command environment
[0.102s] INFO:colcon.colcon_ros.task.ament_python.build:Building ROS package in '/home/dvrk-team/dvrk_ctrl_ws/src/utilities' with build type 'ament_python'
[0.102s] Level 1:colcon.colcon_core.shell:create_environment_hook('utilities', 'ament_prefix_path')
[0.102s] INFO:colcon.colcon_core.shell:Creating environment hook '/home/dvrk-team/dvrk_ctrl_ws/install/utilities/share/utilities/hook/ament_prefix_path.ps1'
[0.102s] INFO:colcon.colcon_core.shell:Creating environment descriptor '/home/dvrk-team/dvrk_ctrl_ws/install/utilities/share/utilities/hook/ament_prefix_path.dsv'
[0.102s] INFO:colcon.colcon_core.shell:Creating environment hook '/home/dvrk-team/dvrk_ctrl_ws/install/utilities/share/utilities/hook/ament_prefix_path.sh'
[0.102s] INFO:colcon.colcon_core.shell:Skip shell extension 'powershell' for command environment: Not usable outside of PowerShell
[0.102s] DEBUG:colcon.colcon_core.shell:Skip shell extension 'dsv' for command environment
[0.104s] INFO:colcon.colcon_ros.task.ament_cmake.build:Building ROS package in '/home/dvrk-team/dvrk_ctrl_ws/src/utility_interfaces' with build type 'ament_cmake'
[0.104s] INFO:colcon.colcon_cmake.task.cmake.build:Building CMake package in '/home/dvrk-team/dvrk_ctrl_ws/src/utility_interfaces'
[0.104s] INFO:colcon.colcon_core.shell:Skip shell extension 'powershell' for command environment: Not usable outside of PowerShell
[0.104s] DEBUG:colcon.colcon_core.shell:Skip shell extension 'dsv' for command environment
[0.207s] INFO:colcon.colcon_core.task.python.build:Building Python package in '/home/dvrk-team/dvrk_ctrl_ws/src/peg_control'
[0.207s] INFO:colcon.colcon_core.shell:Skip shell extension 'powershell' for command environment: Not usable outside of PowerShell
[0.207s] DEBUG:colcon.colcon_core.shell:Skip shell extension 'dsv' for command environment
[0.309s] INFO:colcon.colcon_core.task.python.build:Building Python package in '/home/dvrk-team/dvrk_ctrl_ws/src/utilities'
[0.309s] INFO:colcon.colcon_core.shell:Skip shell extension 'powershell' for command environment: Not usable outside of PowerShell
[0.309s] DEBUG:colcon.colcon_core.shell:Skip shell extension 'dsv' for command environment
[0.317s] DEBUG:colcon.colcon_core.event_handler.log_command:Invoking command in '/home/dvrk-team/dvrk_ctrl_ws/build/utility_interfaces': CMAKE_PREFIX_PATH=${CMAKE_PREFIX_PATH}:/home/dvrk-team/dvrk_ctrl_ws/install/utility_interface:/home/dvrk-team/dvrk_ctrl_ws/install/utilities:/home/dvrk-team/dvrk_ctrl_ws/install/peg_transfer:/home/dvrk-team/dvrk_ctrl_ws/install/peg_control:/home/dvrk-team/dvrk_ctrl_ws/install/dvrk_peg_transfer:/opt/ros/jazzy DEBUGINFOD_URLS=https://debuginfod.ubuntu.com /usr/bin/cmake --build /home/dvrk-team/dvrk_ctrl_ws/build/utility_interfaces -- -j24 -l24
[0.525s] DEBUG:colcon.colcon_core.event_handler.log_command:Invoked command in '/home/dvrk-team/dvrk_ctrl_ws/build/utility_interfaces' returned '0': CMAKE_PREFIX_PATH=${CMAKE_PREFIX_PATH}:/home/dvrk-team/dvrk_ctrl_ws/install/utility_interface:/home/dvrk-team/dvrk_ctrl_ws/install/utilities:/home/dvrk-team/dvrk_ctrl_ws/install/peg_transfer:/home/dvrk-team/dvrk_ctrl_ws/install/peg_control:/home/dvrk-team/dvrk_ctrl_ws/install/dvrk_peg_transfer:/opt/ros/jazzy DEBUGINFOD_URLS=https://debuginfod.ubuntu.com /usr/bin/cmake --build /home/dvrk-team/dvrk_ctrl_ws/build/utility_interfaces -- -j24 -l24
[0.534s] DEBUG:colcon.colcon_core.event_handler.log_command:Invoking command in '/home/dvrk-team/dvrk_ctrl_ws/build/utility_interfaces': CMAKE_PREFIX_PATH=${CMAKE_PREFIX_PATH}:/home/dvrk-team/dvrk_ctrl_ws/install/utility_interface:/home/dvrk-team/dvrk_ctrl_ws/install/utilities:/home/dvrk-team/dvrk_ctrl_ws/install/peg_transfer:/home/dvrk-team/dvrk_ctrl_ws/install/peg_control:/home/dvrk-team/dvrk_ctrl_ws/install/dvrk_peg_transfer:/opt/ros/jazzy DEBUGINFOD_URLS=https://debuginfod.ubuntu.com /usr/bin/cmake --install /home/dvrk-team/dvrk_ctrl_ws/build/utility_interfaces
[0.562s] DEBUG:colcon.colcon_core.task.python.build:Available setuptools commands: bdist_dumb, bdist, upload, dist_info, install_headers, saveopts, upload_docs, egg_info, build_ext, easy_install, build, sdist, bdist_rpm, install_egg_info, init_catalog, install_lib, develop, install_scripts, setopt, rotate, install_data, alias, check, bdist_egg, clean, build_clib, build_py, register, build_scripts, compile_catalog, install, update_catalog, editable_wheel, symlink_data, extract_messages, bdist_wheel, test
[0.564s] DEBUG:colcon.colcon_core.event_handler.log_command:Invoking command in '/home/dvrk-team/dvrk_ctrl_ws/src/peg_control': DEBUGINFOD_URLS=https://debuginfod.ubuntu.com PYTHONPATH=/home/dvrk-team/dvrk_ctrl_ws/build/peg_control/prefix_override:/usr/lib/python3/dist-packages/colcon_core/task/python/colcon_distutils_commands:/home/dvrk-team/dvrk_ctrl_ws/install/peg_control/lib/python3.12/site-packages:${PYTHONPATH} /usr/bin/python3 -W ignore:setup.py install is deprecated -W ignore:easy_install command is deprecated setup.py egg_info --egg-base ../../build/peg_control build --build-base /home/dvrk-team/dvrk_ctrl_ws/build/peg_control/build install --record /home/dvrk-team/dvrk_ctrl_ws/build/peg_control/install.log --install-scripts $base/lib/peg_control --single-version-externally-managed install_data
[0.565s] DEBUG:colcon.colcon_core.task.python.build:Available setuptools commands: bdist_dumb, bdist, upload, dist_info, install_headers, saveopts, upload_docs, egg_info, build_ext, easy_install, build, sdist, bdist_rpm, install_egg_info, init_catalog, install_lib, develop, install_scripts, setopt, rotate, install_data, alias, check, bdist_egg, clean, build_clib, build_py, register, build_scripts, compile_catalog, install, update_catalog, editable_wheel, symlink_data, extract_messages, bdist_wheel, test
[0.566s] DEBUG:colcon.colcon_core.event_handler.log_command:Invoking command in '/home/dvrk-team/dvrk_ctrl_ws/src/utilities': DEBUGINFOD_URLS=https://debuginfod.ubuntu.com PYTHONPATH=/home/dvrk-team/dvrk_ctrl_ws/build/utilities/prefix_override:/usr/lib/python3/dist-packages/colcon_core/task/python/colcon_distutils_commands:/home/dvrk-team/dvrk_ctrl_ws/install/utilities/lib/python3.12/site-packages:${PYTHONPATH} /usr/bin/python3 -W ignore:setup.py install is deprecated -W ignore:easy_install command is deprecated setup.py egg_info --egg-base ../../build/utilities build --build-base /home/dvrk-team/dvrk_ctrl_ws/build/utilities/build install --record /home/dvrk-team/dvrk_ctrl_ws/build/utilities/install.log --install-scripts $base/lib/utilities --single-version-externally-managed install_data
[0.573s] Level 1:colcon.colcon_core.environment:create_environment_scripts_only(utility_interfaces)
[0.574s] DEBUG:colcon.colcon_core.event_handler.log_command:Invoked command in '/home/dvrk-team/dvrk_ctrl_ws/build/utility_interfaces' returned '0': CMAKE_PREFIX_PATH=${CMAKE_PREFIX_PATH}:/home/dvrk-team/dvrk_ctrl_ws/install/utility_interface:/home/dvrk-team/dvrk_ctrl_ws/install/utilities:/home/dvrk-team/dvrk_ctrl_ws/install/peg_transfer:/home/dvrk-team/dvrk_ctrl_ws/install/peg_control:/home/dvrk-team/dvrk_ctrl_ws/install/dvrk_peg_transfer:/opt/ros/jazzy DEBUGINFOD_URLS=https://debuginfod.ubuntu.com /usr/bin/cmake --install /home/dvrk-team/dvrk_ctrl_ws/build/utility_interfaces
[0.575s] Level 1:colcon.colcon_core.environment:checking '/home/dvrk-team/dvrk_ctrl_ws/install/utility_interfaces' for CMake module files
[0.575s] Level 1:colcon.colcon_core.environment:checking '/home/dvrk-team/dvrk_ctrl_ws/install/utility_interfaces' for CMake config files
[0.575s] Level 1:colcon.colcon_core.shell:create_environment_hook('utility_interfaces', 'cmake_prefix_path')
[0.576s] INFO:colcon.colcon_core.shell:Creating environment hook '/home/dvrk-team/dvrk_ctrl_ws/install/utility_interfaces/share/utility_interfaces/hook/cmake_prefix_path.ps1'
[0.576s] INFO:colcon.colcon_core.shell:Creating environment descriptor '/home/dvrk-team/dvrk_ctrl_ws/install/utility_interfaces/share/utility_interfaces/hook/cmake_prefix_path.dsv'
[0.576s] INFO:colcon.colcon_core.shell:Creating environment hook '/home/dvrk-team/dvrk_ctrl_ws/install/utility_interfaces/share/utility_interfaces/hook/cmake_prefix_path.sh'
[0.576s] Level 1:colcon.colcon_core.environment:checking '/home/dvrk-team/dvrk_ctrl_ws/install/utility_interfaces/lib'
[0.577s] Level 1:colcon.colcon_core.shell:create_environment_hook('utility_interfaces', 'ld_library_path_lib')
[0.577s] INFO:colcon.colcon_core.shell:Creating environment hook '/home/dvrk-team/dvrk_ctrl_ws/install/utility_interfaces/share/utility_interfaces/hook/ld_library_path_lib.ps1'
[0.577s] INFO:colcon.colcon_core.shell:Creating environment descriptor '/home/dvrk-team/dvrk_ctrl_ws/install/utility_interfaces/share/utility_interfaces/hook/ld_library_path_lib.dsv'
[0.577s] INFO:colcon.colcon_core.shell:Creating environment hook '/home/dvrk-team/dvrk_ctrl_ws/install/utility_interfaces/share/utility_interfaces/hook/ld_library_path_lib.sh'
[0.577s] Level 1:colcon.colcon_core.environment:checking '/home/dvrk-team/dvrk_ctrl_ws/install/utility_interfaces/bin'
[0.577s] Level 1:colcon.colcon_core.environment:checking '/home/dvrk-team/dvrk_ctrl_ws/install/utility_interfaces/lib/pkgconfig/utility_interfaces.pc'
[0.577s] Level 1:colcon.colcon_core.environment:checking '/home/dvrk-team/dvrk_ctrl_ws/install/utility_interfaces/lib/python3.12/site-packages'
[0.577s] Level 1:colcon.colcon_core.shell:create_environment_hook('utility_interfaces', 'pythonpath')
[0.577s] INFO:colcon.colcon_core.shell:Creating environment hook '/home/dvrk-team/dvrk_ctrl_ws/install/utility_interfaces/share/utility_interfaces/hook/pythonpath.ps1'
[0.578s] INFO:colcon.colcon_core.shell:Creating environment descriptor '/home/dvrk-team/dvrk_ctrl_ws/install/utility_interfaces/share/utility_interfaces/hook/pythonpath.dsv'
[0.578s] INFO:colcon.colcon_core.shell:Creating environment hook '/home/dvrk-team/dvrk_ctrl_ws/install/utility_interfaces/share/utility_interfaces/hook/pythonpath.sh'
[0.578s] Level 1:colcon.colcon_core.environment:checking '/home/dvrk-team/dvrk_ctrl_ws/install/utility_interfaces/bin'
[0.578s] INFO:colcon.colcon_core.shell:Creating package script '/home/dvrk-team/dvrk_ctrl_ws/install/utility_interfaces/share/utility_interfaces/package.ps1'
[0.579s] INFO:colcon.colcon_core.shell:Creating package descriptor '/home/dvrk-team/dvrk_ctrl_ws/install/utility_interfaces/share/utility_interfaces/package.dsv'
[0.579s] INFO:colcon.colcon_core.shell:Creating package script '/home/dvrk-team/dvrk_ctrl_ws/install/utility_interfaces/share/utility_interfaces/package.sh'
[0.580s] INFO:colcon.colcon_core.shell:Creating package script '/home/dvrk-team/dvrk_ctrl_ws/install/utility_interfaces/share/utility_interfaces/package.bash'
[0.580s] INFO:colcon.colcon_core.shell:Creating package script '/home/dvrk-team/dvrk_ctrl_ws/install/utility_interfaces/share/utility_interfaces/package.zsh'
[0.580s] Level 1:colcon.colcon_core.environment:create_file_with_runtime_dependencies(/home/dvrk-team/dvrk_ctrl_ws/install/utility_interfaces/share/colcon-core/packages/utility_interfaces)
[0.580s] Level 1:colcon.colcon_core.environment:create_environment_scripts_only(utility_interfaces)
[0.580s] Level 1:colcon.colcon_core.environment:checking '/home/dvrk-team/dvrk_ctrl_ws/install/utility_interfaces' for CMake module files
[0.581s] Level 1:colcon.colcon_core.environment:checking '/home/dvrk-team/dvrk_ctrl_ws/install/utility_interfaces' for CMake config files
[0.581s] Level 1:colcon.colcon_core.shell:create_environment_hook('utility_interfaces', 'cmake_prefix_path')
[0.581s] INFO:colcon.colcon_core.shell:Creating environment hook '/home/dvrk-team/dvrk_ctrl_ws/install/utility_interfaces/share/utility_interfaces/hook/cmake_prefix_path.ps1'
[0.581s] INFO:colcon.colcon_core.shell:Creating environment descriptor '/home/dvrk-team/dvrk_ctrl_ws/install/utility_interfaces/share/utility_interfaces/hook/cmake_prefix_path.dsv'
[0.581s] INFO:colcon.colcon_core.shell:Creating environment hook '/home/dvrk-team/dvrk_ctrl_ws/install/utility_interfaces/share/utility_interfaces/hook/cmake_prefix_path.sh'
[0.581s] Level 1:colcon.colcon_core.environment:checking '/home/dvrk-team/dvrk_ctrl_ws/install/utility_interfaces/lib'
[0.582s] Level 1:colcon.colcon_core.shell:create_environment_hook('utility_interfaces', 'ld_library_path_lib')
[0.582s] INFO:colcon.colcon_core.shell:Creating environment hook '/home/dvrk-team/dvrk_ctrl_ws/install/utility_interfaces/share/utility_interfaces/hook/ld_library_path_lib.ps1'
[0.582s] INFO:colcon.colcon_core.shell:Creating environment descriptor '/home/dvrk-team/dvrk_ctrl_ws/install/utility_interfaces/share/utility_interfaces/hook/ld_library_path_lib.dsv'
[0.582s] INFO:colcon.colcon_core.shell:Creating environment hook '/home/dvrk-team/dvrk_ctrl_ws/install/utility_interfaces/share/utility_interfaces/hook/ld_library_path_lib.sh'
[0.582s] Level 1:colcon.colcon_core.environment:checking '/home/dvrk-team/dvrk_ctrl_ws/install/utility_interfaces/bin'
[0.582s] Level 1:colcon.colcon_core.environment:checking '/home/dvrk-team/dvrk_ctrl_ws/install/utility_interfaces/lib/pkgconfig/utility_interfaces.pc'
[0.582s] Level 1:colcon.colcon_core.environment:checking '/home/dvrk-team/dvrk_ctrl_ws/install/utility_interfaces/lib/python3.12/site-packages'
[0.582s] Level 1:colcon.colcon_core.shell:create_environment_hook('utility_interfaces', 'pythonpath')
[0.582s] INFO:colcon.colcon_core.shell:Creating environment hook '/home/dvrk-team/dvrk_ctrl_ws/install/utility_interfaces/share/utility_interfaces/hook/pythonpath.ps1'
[0.583s] INFO:colcon.colcon_core.shell:Creating environment descriptor '/home/dvrk-team/dvrk_ctrl_ws/install/utility_interfaces/share/utility_interfaces/hook/pythonpath.dsv'
[0.583s] INFO:colcon.colcon_core.shell:Creating environment hook '/home/dvrk-team/dvrk_ctrl_ws/install/utility_interfaces/share/utility_interfaces/hook/pythonpath.sh'
[0.583s] Level 1:colcon.colcon_core.environment:checking '/home/dvrk-team/dvrk_ctrl_ws/install/utility_interfaces/bin'
[0.583s] INFO:colcon.colcon_core.shell:Creating package script '/home/dvrk-team/dvrk_ctrl_ws/install/utility_interfaces/share/utility_interfaces/package.ps1'
[0.584s] INFO:colcon.colcon_core.shell:Creating package descriptor '/home/dvrk-team/dvrk_ctrl_ws/install/utility_interfaces/share/utility_interfaces/package.dsv'
[0.584s] INFO:colcon.colcon_core.shell:Creating package script '/home/dvrk-team/dvrk_ctrl_ws/install/utility_interfaces/share/utility_interfaces/package.sh'
[0.584s] INFO:colcon.colcon_core.shell:Creating package script '/home/dvrk-team/dvrk_ctrl_ws/install/utility_interfaces/share/utility_interfaces/package.bash'
[0.584s] INFO:colcon.colcon_core.shell:Creating package script '/home/dvrk-team/dvrk_ctrl_ws/install/utility_interfaces/share/utility_interfaces/package.zsh'
[0.584s] Level 1:colcon.colcon_core.environment:create_file_with_runtime_dependencies(/home/dvrk-team/dvrk_ctrl_ws/install/utility_interfaces/share/colcon-core/packages/utility_interfaces)
[0.783s] Level 1:colcon.colcon_core.environment:checking '/home/dvrk-team/dvrk_ctrl_ws/install/peg_control' for CMake module files
[0.784s] DEBUG:colcon.colcon_core.event_handler.log_command:Invoked command in '/home/dvrk-team/dvrk_ctrl_ws/src/peg_control' returned '0': DEBUGINFOD_URLS=https://debuginfod.ubuntu.com PYTHONPATH=/home/dvrk-team/dvrk_ctrl_ws/build/peg_control/prefix_override:/usr/lib/python3/dist-packages/colcon_core/task/python/colcon_distutils_commands:/home/dvrk-team/dvrk_ctrl_ws/install/peg_control/lib/python3.12/site-packages:${PYTHONPATH} /usr/bin/python3 -W ignore:setup.py install is deprecated -W ignore:easy_install command is deprecated setup.py egg_info --egg-base ../../build/peg_control build --build-base /home/dvrk-team/dvrk_ctrl_ws/build/peg_control/build install --record /home/dvrk-team/dvrk_ctrl_ws/build/peg_control/install.log --install-scripts $base/lib/peg_control --single-version-externally-managed install_data
[0.784s] Level 1:colcon.colcon_core.environment:checking '/home/dvrk-team/dvrk_ctrl_ws/install/peg_control' for CMake config files
[0.784s] Level 1:colcon.colcon_core.environment:checking '/home/dvrk-team/dvrk_ctrl_ws/install/peg_control/lib'
[0.784s] Level 1:colcon.colcon_core.environment:checking '/home/dvrk-team/dvrk_ctrl_ws/install/peg_control/bin'
[0.784s] Level 1:colcon.colcon_core.environment:checking '/home/dvrk-team/dvrk_ctrl_ws/install/peg_control/lib/pkgconfig/peg_control.pc'
[0.784s] Level 1:colcon.colcon_core.environment:checking '/home/dvrk-team/dvrk_ctrl_ws/install/peg_control/lib/python3.12/site-packages'
[0.784s] Level 1:colcon.colcon_core.shell:create_environment_hook('peg_control', 'pythonpath')
[0.785s] INFO:colcon.colcon_core.shell:Creating environment hook '/home/dvrk-team/dvrk_ctrl_ws/install/peg_control/share/peg_control/hook/pythonpath.ps1'
[0.785s] INFO:colcon.colcon_core.shell:Creating environment descriptor '/home/dvrk-team/dvrk_ctrl_ws/install/peg_control/share/peg_control/hook/pythonpath.dsv'
[0.785s] INFO:colcon.colcon_core.shell:Creating environment hook '/home/dvrk-team/dvrk_ctrl_ws/install/peg_control/share/peg_control/hook/pythonpath.sh'
[0.785s] Level 1:colcon.colcon_core.environment:checking '/home/dvrk-team/dvrk_ctrl_ws/install/peg_control/bin'
[0.785s] Level 1:colcon.colcon_core.environment:create_environment_scripts_only(peg_control)
[0.786s] INFO:colcon.colcon_core.shell:Creating package script '/home/dvrk-team/dvrk_ctrl_ws/install/peg_control/share/peg_control/package.ps1'
[0.786s] INFO:colcon.colcon_core.shell:Creating package descriptor '/home/dvrk-team/dvrk_ctrl_ws/install/peg_control/share/peg_control/package.dsv'
[0.786s] INFO:colcon.colcon_core.shell:Creating package script '/home/dvrk-team/dvrk_ctrl_ws/install/peg_control/share/peg_control/package.sh'
[0.786s] INFO:colcon.colcon_core.shell:Creating package script '/home/dvrk-team/dvrk_ctrl_ws/install/peg_control/share/peg_control/package.bash'
[0.786s] INFO:colcon.colcon_core.shell:Creating package script '/home/dvrk-team/dvrk_ctrl_ws/install/peg_control/share/peg_control/package.zsh'
[0.787s] Level 1:colcon.colcon_core.environment:create_file_with_runtime_dependencies(/home/dvrk-team/dvrk_ctrl_ws/install/peg_control/share/colcon-core/packages/peg_control)
[0.793s] Level 1:colcon.colcon_core.environment:checking '/home/dvrk-team/dvrk_ctrl_ws/install/utilities' for CMake module files
[0.793s] DEBUG:colcon.colcon_core.event_handler.log_command:Invoked command in '/home/dvrk-team/dvrk_ctrl_ws/src/utilities' returned '0': DEBUGINFOD_URLS=https://debuginfod.ubuntu.com PYTHONPATH=/home/dvrk-team/dvrk_ctrl_ws/build/utilities/prefix_override:/usr/lib/python3/dist-packages/colcon_core/task/python/colcon_distutils_commands:/home/dvrk-team/dvrk_ctrl_ws/install/utilities/lib/python3.12/site-packages:${PYTHONPATH} /usr/bin/python3 -W ignore:setup.py install is deprecated -W ignore:easy_install command is deprecated setup.py egg_info --egg-base ../../build/utilities build --build-base /home/dvrk-team/dvrk_ctrl_ws/build/utilities/build install --record /home/dvrk-team/dvrk_ctrl_ws/build/utilities/install.log --install-scripts $base/lib/utilities --single-version-externally-managed install_data
[0.793s] Level 1:colcon.colcon_core.environment:checking '/home/dvrk-team/dvrk_ctrl_ws/install/utilities' for CMake config files
[0.794s] Level 1:colcon.colcon_core.environment:checking '/home/dvrk-team/dvrk_ctrl_ws/install/utilities/lib'
[0.794s] Level 1:colcon.colcon_core.environment:checking '/home/dvrk-team/dvrk_ctrl_ws/install/utilities/bin'
[0.794s] Level 1:colcon.colcon_core.environment:checking '/home/dvrk-team/dvrk_ctrl_ws/install/utilities/lib/pkgconfig/utilities.pc'
[0.794s] Level 1:colcon.colcon_core.environment:checking '/home/dvrk-team/dvrk_ctrl_ws/install/utilities/lib/python3.12/site-packages'
[0.794s] Level 1:colcon.colcon_core.shell:create_environment_hook('utilities', 'pythonpath')
[0.794s] INFO:colcon.colcon_core.shell:Creating environment hook '/home/dvrk-team/dvrk_ctrl_ws/install/utilities/share/utilities/hook/pythonpath.ps1'
[0.794s] INFO:colcon.colcon_core.shell:Creating environment descriptor '/home/dvrk-team/dvrk_ctrl_ws/install/utilities/share/utilities/hook/pythonpath.dsv'
[0.795s] INFO:colcon.colcon_core.shell:Creating environment hook '/home/dvrk-team/dvrk_ctrl_ws/install/utilities/share/utilities/hook/pythonpath.sh'
[0.795s] Level 1:colcon.colcon_core.environment:checking '/home/dvrk-team/dvrk_ctrl_ws/install/utilities/bin'
[0.795s] Level 1:colcon.colcon_core.environment:create_environment_scripts_only(utilities)
[0.795s] INFO:colcon.colcon_core.shell:Creating package script '/home/dvrk-team/dvrk_ctrl_ws/install/utilities/share/utilities/package.ps1'
[0.795s] INFO:colcon.colcon_core.shell:Creating package descriptor '/home/dvrk-team/dvrk_ctrl_ws/install/utilities/share/utilities/package.dsv'
[0.796s] INFO:colcon.colcon_core.shell:Creating package script '/home/dvrk-team/dvrk_ctrl_ws/install/utilities/share/utilities/package.sh'
[0.796s] INFO:colcon.colcon_core.shell:Creating package script '/home/dvrk-team/dvrk_ctrl_ws/install/utilities/share/utilities/package.bash'
[0.796s] INFO:colcon.colcon_core.shell:Creating package script '/home/dvrk-team/dvrk_ctrl_ws/install/utilities/share/utilities/package.zsh'
[0.796s] Level 1:colcon.colcon_core.environment:create_file_with_runtime_dependencies(/home/dvrk-team/dvrk_ctrl_ws/install/utilities/share/colcon-core/packages/utilities)
[0.796s] DEBUG:colcon.colcon_parallel_executor.executor.parallel:closing loop
[0.796s] DEBUG:colcon.colcon_parallel_executor.executor.parallel:loop closed
[0.796s] DEBUG:colcon.colcon_parallel_executor.executor.parallel:run_until_complete finished with '0'
[0.797s] DEBUG:colcon.colcon_core.event_reactor:joining thread
[0.801s] INFO:colcon.colcon_core.plugin_system:Skipping extension 'colcon_notification.desktop_notification.terminal_notifier': Not used on non-Darwin systems
[0.801s] INFO:colcon.colcon_core.plugin_system:Skipping extension 'colcon_notification.desktop_notification.win32': Not used on non-Windows systems
[0.802s] INFO:colcon.colcon_notification.desktop_notification:Sending desktop notification using 'notify2'
[0.817s] DEBUG:colcon.colcon_core.event_reactor:joined thread
[0.817s] INFO:colcon.colcon_core.shell:Creating prefix script '/home/dvrk-team/dvrk_ctrl_ws/install/local_setup.ps1'
[0.818s] INFO:colcon.colcon_core.shell:Creating prefix util module '/home/dvrk-team/dvrk_ctrl_ws/install/_local_setup_util_ps1.py'
[0.818s] INFO:colcon.colcon_core.shell:Creating prefix chain script '/home/dvrk-team/dvrk_ctrl_ws/install/setup.ps1'
[0.819s] INFO:colcon.colcon_core.shell:Creating prefix script '/home/dvrk-team/dvrk_ctrl_ws/install/local_setup.sh'
[0.819s] INFO:colcon.colcon_core.shell:Creating prefix util module '/home/dvrk-team/dvrk_ctrl_ws/install/_local_setup_util_sh.py'
[0.820s] INFO:colcon.colcon_core.shell:Creating prefix chain script '/home/dvrk-team/dvrk_ctrl_ws/install/setup.sh'
[0.821s] INFO:colcon.colcon_core.shell:Creating prefix script '/home/dvrk-team/dvrk_ctrl_ws/install/local_setup.bash'
[0.821s] INFO:colcon.colcon_core.shell:Creating prefix chain script '/home/dvrk-team/dvrk_ctrl_ws/install/setup.bash'
[0.822s] INFO:colcon.colcon_core.shell:Creating prefix script '/home/dvrk-team/dvrk_ctrl_ws/install/local_setup.zsh'
[0.822s] INFO:colcon.colcon_core.shell:Creating prefix chain script '/home/dvrk-team/dvrk_ctrl_ws/install/setup.zsh'
