running egg_info
creating ../../build/peg_control/peg_control.egg-info
writing ../../build/peg_control/peg_control.egg-info/PKG-INFO
writing dependency_links to ../../build/peg_control/peg_control.egg-info/dependency_links.txt
writing requirements to ../../build/peg_control/peg_control.egg-info/requires.txt
writing top-level names to ../../build/peg_control/peg_control.egg-info/top_level.txt
writing manifest file '../../build/peg_control/peg_control.egg-info/SOURCES.txt'
reading manifest file '../../build/peg_control/peg_control.egg-info/SOURCES.txt'
adding license file 'LICENSE'
writing manifest file '../../build/peg_control/peg_control.egg-info/SOURCES.txt'
running build
running build_py
creating /home/dvrk-team/dvrk_ctrl_ws/build/peg_control/build
creating /home/dvrk-team/dvrk_ctrl_ws/build/peg_control/build/lib
creating /home/dvrk-team/dvrk_ctrl_ws/build/peg_control/build/lib/peg_control
copying peg_control/__init__.py -> /home/dvrk-team/dvrk_ctrl_ws/build/peg_control/build/lib/peg_control
copying peg_control/psm_to_block.py -> /home/dvrk-team/dvrk_ctrl_ws/build/peg_control/build/lib/peg_control
running install
running install_lib
creating /home/dvrk-team/dvrk_ctrl_ws/install/peg_control/lib/python3.12/site-packages/peg_control
copying /home/dvrk-team/dvrk_ctrl_ws/build/peg_control/build/lib/peg_control/__init__.py -> /home/dvrk-team/dvrk_ctrl_ws/install/peg_control/lib/python3.12/site-packages/peg_control
copying /home/dvrk-team/dvrk_ctrl_ws/build/peg_control/build/lib/peg_control/psm_to_block.py -> /home/dvrk-team/dvrk_ctrl_ws/install/peg_control/lib/python3.12/site-packages/peg_control
byte-compiling /home/dvrk-team/dvrk_ctrl_ws/install/peg_control/lib/python3.12/site-packages/peg_control/__init__.py to __init__.cpython-312.pyc
byte-compiling /home/dvrk-team/dvrk_ctrl_ws/install/peg_control/lib/python3.12/site-packages/peg_control/psm_to_block.py to psm_to_block.cpython-312.pyc
running install_data
creating /home/dvrk-team/dvrk_ctrl_ws/install/peg_control/share/ament_index
creating /home/dvrk-team/dvrk_ctrl_ws/install/peg_control/share/ament_index/resource_index
creating /home/dvrk-team/dvrk_ctrl_ws/install/peg_control/share/ament_index/resource_index/packages
copying resource/peg_control -> /home/dvrk-team/dvrk_ctrl_ws/install/peg_control/share/ament_index/resource_index/packages
copying package.xml -> /home/dvrk-team/dvrk_ctrl_ws/install/peg_control/share/peg_control
running install_egg_info
Copying ../../build/peg_control/peg_control.egg-info to /home/dvrk-team/dvrk_ctrl_ws/install/peg_control/lib/python3.12/site-packages/peg_control-0.0.0-py3.12.egg-info
running install_scripts
writing list of installed files to '/home/dvrk-team/dvrk_ctrl_ws/build/peg_control/install.log'
