[0.489s] Invoking command in '/home/dvrk-team/dvrk_ctrl_ws/src/peg_control': DEBUGINFOD_URLS=https://debuginfod.ubuntu.com PYTHONPATH=/home/dvrk-team/dvrk_ctrl_ws/build/peg_control/prefix_override:/usr/lib/python3/dist-packages/colcon_core/task/python/colcon_distutils_commands:/home/dvrk-team/dvrk_ctrl_ws/install/peg_control/lib/python3.12/site-packages:${PYTHONPATH} /usr/bin/python3 -W ignore:setup.py install is deprecated -W ignore:easy_install command is deprecated setup.py egg_info --egg-base ../../build/peg_control build --build-base /home/dvrk-team/dvrk_ctrl_ws/build/peg_control/build install --record /home/dvrk-team/dvrk_ctrl_ws/build/peg_control/install.log --install-scripts $base/lib/peg_control --single-version-externally-managed install_data
[0.611s] running egg_info
[0.611s] creating ../../build/peg_control/peg_control.egg-info
[0.618s] writing ../../build/peg_control/peg_control.egg-info/PKG-INFO
[0.618s] writing dependency_links to ../../build/peg_control/peg_control.egg-info/dependency_links.txt
[0.619s] writing requirements to ../../build/peg_control/peg_control.egg-info/requires.txt
[0.619s] writing top-level names to ../../build/peg_control/peg_control.egg-info/top_level.txt
[0.619s] writing manifest file '../../build/peg_control/peg_control.egg-info/SOURCES.txt'
[0.633s] reading manifest file '../../build/peg_control/peg_control.egg-info/SOURCES.txt'
[0.633s] adding license file 'LICENSE'
[0.633s] writing manifest file '../../build/peg_control/peg_control.egg-info/SOURCES.txt'
[0.633s] running build
[0.633s] running build_py
[0.633s] creating /home/dvrk-team/dvrk_ctrl_ws/build/peg_control/build
[0.633s] creating /home/dvrk-team/dvrk_ctrl_ws/build/peg_control/build/lib
[0.633s] creating /home/dvrk-team/dvrk_ctrl_ws/build/peg_control/build/lib/peg_control
[0.634s] copying peg_control/__init__.py -> /home/dvrk-team/dvrk_ctrl_ws/build/peg_control/build/lib/peg_control
[0.634s] copying peg_control/psm_to_block.py -> /home/dvrk-team/dvrk_ctrl_ws/build/peg_control/build/lib/peg_control
[0.634s] running install
[0.636s] running install_lib
[0.642s] creating /home/dvrk-team/dvrk_ctrl_ws/install/peg_control/lib/python3.12/site-packages/peg_control
[0.643s] copying /home/dvrk-team/dvrk_ctrl_ws/build/peg_control/build/lib/peg_control/__init__.py -> /home/dvrk-team/dvrk_ctrl_ws/install/peg_control/lib/python3.12/site-packages/peg_control
[0.643s] copying /home/dvrk-team/dvrk_ctrl_ws/build/peg_control/build/lib/peg_control/psm_to_block.py -> /home/dvrk-team/dvrk_ctrl_ws/install/peg_control/lib/python3.12/site-packages/peg_control
[0.643s] byte-compiling /home/dvrk-team/dvrk_ctrl_ws/install/peg_control/lib/python3.12/site-packages/peg_control/__init__.py to __init__.cpython-312.pyc
[0.643s] byte-compiling /home/dvrk-team/dvrk_ctrl_ws/install/peg_control/lib/python3.12/site-packages/peg_control/psm_to_block.py to psm_to_block.cpython-312.pyc
[0.643s] running install_data
[0.643s] creating /home/dvrk-team/dvrk_ctrl_ws/install/peg_control/share/ament_index
[0.643s] creating /home/dvrk-team/dvrk_ctrl_ws/install/peg_control/share/ament_index/resource_index
[0.643s] creating /home/dvrk-team/dvrk_ctrl_ws/install/peg_control/share/ament_index/resource_index/packages
[0.643s] copying resource/peg_control -> /home/dvrk-team/dvrk_ctrl_ws/install/peg_control/share/ament_index/resource_index/packages
[0.643s] copying package.xml -> /home/dvrk-team/dvrk_ctrl_ws/install/peg_control/share/peg_control
[0.643s] running install_egg_info
[0.651s] Copying ../../build/peg_control/peg_control.egg-info to /home/dvrk-team/dvrk_ctrl_ws/install/peg_control/lib/python3.12/site-packages/peg_control-0.0.0-py3.12.egg-info
[0.651s] running install_scripts
[0.703s] writing list of installed files to '/home/dvrk-team/dvrk_ctrl_ws/build/peg_control/install.log'
[0.723s] Invoked command in '/home/dvrk-team/dvrk_ctrl_ws/src/peg_control' returned '0': DEBUGINFOD_URLS=https://debuginfod.ubuntu.com PYTHONPATH=/home/dvrk-team/dvrk_ctrl_ws/build/peg_control/prefix_override:/usr/lib/python3/dist-packages/colcon_core/task/python/colcon_distutils_commands:/home/dvrk-team/dvrk_ctrl_ws/install/peg_control/lib/python3.12/site-packages:${PYTHONPATH} /usr/bin/python3 -W ignore:setup.py install is deprecated -W ignore:easy_install command is deprecated setup.py egg_info --egg-base ../../build/peg_control build --build-base /home/dvrk-team/dvrk_ctrl_ws/build/peg_control/build install --record /home/dvrk-team/dvrk_ctrl_ws/build/peg_control/install.log --install-scripts $base/lib/peg_control --single-version-externally-managed install_data
