running egg_info
writing ../../build/dvrk_peg_transfer/dvrk_peg_transfer.egg-info/PKG-INFO
writing dependency_links to ../../build/dvrk_peg_transfer/dvrk_peg_transfer.egg-info/dependency_links.txt
writing entry points to ../../build/dvrk_peg_transfer/dvrk_peg_transfer.egg-info/entry_points.txt
writing requirements to ../../build/dvrk_peg_transfer/dvrk_peg_transfer.egg-info/requires.txt
writing top-level names to ../../build/dvrk_peg_transfer/dvrk_peg_transfer.egg-info/top_level.txt
reading manifest file '../../build/dvrk_peg_transfer/dvrk_peg_transfer.egg-info/SOURCES.txt'
writing manifest file '../../build/dvrk_peg_transfer/dvrk_peg_transfer.egg-info/SOURCES.txt'
running build
running build_py
running install
running install_lib
running install_data
running install_egg_info
removing '/home/dvrk-team/dvrk_ctrl_ws/install/dvrk_peg_transfer/lib/python3.12/site-packages/dvrk_peg_transfer-0.0.0-py3.12.egg-info' (and everything under it)
Copying ../../build/dvrk_peg_transfer/dvrk_peg_transfer.egg-info to /home/dvrk-team/dvrk_ctrl_ws/install/dvrk_peg_transfer/lib/python3.12/site-packages/dvrk_peg_transfer-0.0.0-py3.12.egg-info
running install_scripts
Installing object_loc script to /home/dvrk-team/dvrk_ctrl_ws/install/dvrk_peg_transfer/lib/dvrk_peg_transfer
Installing tool_cmd script to /home/dvrk-team/dvrk_ctrl_ws/install/dvrk_peg_transfer/lib/dvrk_peg_transfer
writing list of installed files to '/home/dvrk-team/dvrk_ctrl_ws/build/dvrk_peg_transfer/install.log'
