[0.498s] Invoking command in '/home/dvrk-team/dvrk_ctrl_ws/src/utilities': DEBUGINFOD_URLS=https://debuginfod.ubuntu.com PYTHONPATH=/home/dvrk-team/dvrk_ctrl_ws/build/utilities/prefix_override:/usr/lib/python3/dist-packages/colcon_core/task/python/colcon_distutils_commands:/home/dvrk-team/dvrk_ctrl_ws/install/utilities/lib/python3.12/site-packages:${PYTHONPATH} /usr/bin/python3 -W ignore:setup.py install is deprecated -W ignore:easy_install command is deprecated setup.py egg_info --egg-base ../../build/utilities build --build-base /home/dvrk-team/dvrk_ctrl_ws/build/utilities/build install --record /home/dvrk-team/dvrk_ctrl_ws/build/utilities/install.log --install-scripts $base/lib/utilities --single-version-externally-managed install_data
[0.611s] running egg_info
[0.618s] writing ../../build/utilities/utilities.egg-info/PKG-INFO
[0.619s] writing dependency_links to ../../build/utilities/utilities.egg-info/dependency_links.txt
[0.619s] writing entry points to ../../build/utilities/utilities.egg-info/entry_points.txt
[0.619s] writing requirements to ../../build/utilities/utilities.egg-info/requires.txt
[0.619s] writing top-level names to ../../build/utilities/utilities.egg-info/top_level.txt
[0.633s] reading manifest file '../../build/utilities/utilities.egg-info/SOURCES.txt'
[0.633s] adding license file 'LICENSE'
[0.634s] writing manifest file '../../build/utilities/utilities.egg-info/SOURCES.txt'
[0.634s] running build
[0.634s] running build_py
[0.634s] running install
[0.636s] running install_lib
[0.644s] running install_data
[0.644s] running install_egg_info
[0.651s] removing '/home/dvrk-team/dvrk_ctrl_ws/install/utilities/lib/python3.12/site-packages/utilities-0.0.0-py3.12.egg-info' (and everything under it)
[0.651s] Copying ../../build/utilities/utilities.egg-info to /home/dvrk-team/dvrk_ctrl_ws/install/utilities/lib/python3.12/site-packages/utilities-0.0.0-py3.12.egg-info
[0.652s] running install_scripts
[0.705s] Installing object_loc script to /home/dvrk-team/dvrk_ctrl_ws/install/utilities/lib/utilities
[0.706s] Installing psm1_cmd script to /home/dvrk-team/dvrk_ctrl_ws/install/utilities/lib/utilities
[0.706s] Installing psm2_cmd script to /home/dvrk-team/dvrk_ctrl_ws/install/utilities/lib/utilities
[0.706s] Installing tool_cmd script to /home/dvrk-team/dvrk_ctrl_ws/install/utilities/lib/utilities
[0.706s] writing list of installed files to '/home/dvrk-team/dvrk_ctrl_ws/build/utilities/install.log'
[0.720s] Invoked command in '/home/dvrk-team/dvrk_ctrl_ws/src/utilities' returned '0': DEBUGINFOD_URLS=https://debuginfod.ubuntu.com PYTHONPATH=/home/dvrk-team/dvrk_ctrl_ws/build/utilities/prefix_override:/usr/lib/python3/dist-packages/colcon_core/task/python/colcon_distutils_commands:/home/dvrk-team/dvrk_ctrl_ws/install/utilities/lib/python3.12/site-packages:${PYTHONPATH} /usr/bin/python3 -W ignore:setup.py install is deprecated -W ignore:easy_install command is deprecated setup.py egg_info --egg-base ../../build/utilities build --build-base /home/dvrk-team/dvrk_ctrl_ws/build/utilities/build install --record /home/dvrk-team/dvrk_ctrl_ws/build/utilities/install.log --install-scripts $base/lib/utilities --single-version-externally-managed install_data
