[0.523s] Invoking command in '/home/dvrk-team/dvrk_ctrl_ws/src/utilities': DEBUGINFOD_URLS=https://debuginfod.ubuntu.com PYTHONPATH=/home/dvrk-team/dvrk_ctrl_ws/build/utilities/prefix_override:/usr/lib/python3/dist-packages/colcon_core/task/python/colcon_distutils_commands:/home/dvrk-team/dvrk_ctrl_ws/install/utilities/lib/python3.12/site-packages:${PYTHONPATH} /usr/bin/python3 -W ignore:setup.py install is deprecated -W ignore:easy_install command is deprecated setup.py egg_info --egg-base ../../build/utilities build --build-base /home/dvrk-team/dvrk_ctrl_ws/build/utilities/build install --record /home/dvrk-team/dvrk_ctrl_ws/build/utilities/install.log --install-scripts $base/lib/utilities --single-version-externally-managed install_data
[0.654s] running egg_info
[0.662s] writing ../../build/utilities/utilities.egg-info/PKG-INFO
[0.662s] writing dependency_links to ../../build/utilities/utilities.egg-info/dependency_links.txt
[0.662s] writing entry points to ../../build/utilities/utilities.egg-info/entry_points.txt
[0.662s] writing requirements to ../../build/utilities/utilities.egg-info/requires.txt
[0.662s] writing top-level names to ../../build/utilities/utilities.egg-info/top_level.txt
[0.677s] reading manifest file '../../build/utilities/utilities.egg-info/SOURCES.txt'
[0.678s] adding license file 'LICENSE'
[0.678s] writing manifest file '../../build/utilities/utilities.egg-info/SOURCES.txt'
[0.678s] running build
[0.678s] running build_py
[0.678s] copying utilities/psm2_cmd.py -> /home/dvrk-team/dvrk_ctrl_ws/build/utilities/build/lib/utilities
[0.678s] copying utilities/psm1_cmd.py -> /home/dvrk-team/dvrk_ctrl_ws/build/utilities/build/lib/utilities
[0.678s] running install
[0.681s] running install_lib
[0.689s] copying /home/dvrk-team/dvrk_ctrl_ws/build/utilities/build/lib/utilities/psm2_cmd.py -> /home/dvrk-team/dvrk_ctrl_ws/install/utilities/lib/python3.12/site-packages/utilities
[0.689s] copying /home/dvrk-team/dvrk_ctrl_ws/build/utilities/build/lib/utilities/psm1_cmd.py -> /home/dvrk-team/dvrk_ctrl_ws/install/utilities/lib/python3.12/site-packages/utilities
[0.689s] byte-compiling /home/dvrk-team/dvrk_ctrl_ws/install/utilities/lib/python3.12/site-packages/utilities/psm2_cmd.py to psm2_cmd.cpython-312.pyc
[0.690s] byte-compiling /home/dvrk-team/dvrk_ctrl_ws/install/utilities/lib/python3.12/site-packages/utilities/psm1_cmd.py to psm1_cmd.cpython-312.pyc
[0.690s] running install_data
[0.690s] running install_egg_info
[0.699s] removing '/home/dvrk-team/dvrk_ctrl_ws/install/utilities/lib/python3.12/site-packages/utilities-0.0.0-py3.12.egg-info' (and everything under it)
[0.699s] Copying ../../build/utilities/utilities.egg-info to /home/dvrk-team/dvrk_ctrl_ws/install/utilities/lib/python3.12/site-packages/utilities-0.0.0-py3.12.egg-info
[0.699s] running install_scripts
[0.755s] Installing object_loc script to /home/dvrk-team/dvrk_ctrl_ws/install/utilities/lib/utilities
[0.756s] Installing psm1_cmd script to /home/dvrk-team/dvrk_ctrl_ws/install/utilities/lib/utilities
[0.756s] Installing psm2_cmd script to /home/dvrk-team/dvrk_ctrl_ws/install/utilities/lib/utilities
[0.756s] Installing tool_cmd script to /home/dvrk-team/dvrk_ctrl_ws/install/utilities/lib/utilities
[0.756s] writing list of installed files to '/home/dvrk-team/dvrk_ctrl_ws/build/utilities/install.log'
[0.772s] Invoked command in '/home/dvrk-team/dvrk_ctrl_ws/src/utilities' returned '0': DEBUGINFOD_URLS=https://debuginfod.ubuntu.com PYTHONPATH=/home/dvrk-team/dvrk_ctrl_ws/build/utilities/prefix_override:/usr/lib/python3/dist-packages/colcon_core/task/python/colcon_distutils_commands:/home/dvrk-team/dvrk_ctrl_ws/install/utilities/lib/python3.12/site-packages:${PYTHONPATH} /usr/bin/python3 -W ignore:setup.py install is deprecated -W ignore:easy_install command is deprecated setup.py egg_info --egg-base ../../build/utilities build --build-base /home/dvrk-team/dvrk_ctrl_ws/build/utilities/build install --record /home/dvrk-team/dvrk_ctrl_ws/build/utilities/install.log --install-scripts $base/lib/utilities --single-version-externally-managed install_data
