[0.242s] Invoking command in '/home/dvrk-team/dvrk_ctrl_ws/build/utility_interfaces': CMAKE_PREFIX_PATH=/home/dvrk-team/dvrk_ctrl_ws/install/utility_interfaces:/home/dvrk-team/dvrk_ctrl_ws/install/peg_transfer_interfaces:/home/dvrk-team/ros_ambf_ws/install/ambf_client:/home/dvrk-team/ros_ambf_ws/install/tf_function:/home/dvrk-team/ros_ambf_ws/install/ros_comm_plugin:/home/dvrk-team/ros_ambf_ws/install/ambf_server:/home/dvrk-team/ros_ambf_ws/install/ambf_msgs:/home/dvrk-team/ros2_ws/install/dvrk_robot:/home/dvrk-team/ros2_ws/install/saw_robot_io_1394_ros:/home/dvrk-team/ros2_ws/install/saw_intuitive_research_kit_example_psm_derived:/home/dvrk-team/ros2_ws/install/saw_intuitive_research_kit_example_bilateral_teleop:/home/dvrk-team/ros2_ws/install/saw_controllers_ros:/home/dvrk-team/ros2_ws/install/sawIntuitiveResearchKitCore:/home/dvrk-team/ros2_ws/install/sawTextToSpeechAll:/home/dvrk-team/ros2_ws/install/sawRobotIO1394Core:/home/dvrk-team/ros2_ws/install/sawControllersCore:/home/dvrk-team/ros2_ws/install/sawKeyboardAll:/home/dvrk-team/ros2_ws/install/dvrk_python:/home/dvrk-team/ros2_ws/install/dvrk_display:/home/dvrk-team/ros2_ws/install/dvrk_camera_registration:/home/dvrk-team/ros2_ws/install/data_collection:/home/dvrk-team/ros2_ws/install/crtk_python_client:/home/dvrk-team/ros2_ws/install/peg_transfer_interfaces:/home/dvrk-team/ros2_ws/install/dvrk_video:/home/dvrk-team/dvrk_ctrl_ws/install/peg_control:/home/dvrk-team/dvrk_ctrl_ws/install/utility_interface:/home/dvrk-team/dvrk_ctrl_ws/install/utilities:/home/dvrk-team/dvrk_ctrl_ws/install/peg_transfer:/home/dvrk-team/dvrk_ctrl_ws/install/dvrk_peg_transfer:/home/dvrk-team/ros2_ws/install/peg_transfer:/home/dvrk-team/ros2_ws/install/dvrk_mtm_gc:/opt/ros/jazzy:/home/dvrk-team/ros2_ws/install/dvrk_model:/home/dvrk-team/ros2_ws/install/dvrk_hrsv_widget:/home/dvrk-team/ros2_ws/install/dvrk_config_jhu:/home/dvrk-team/ros2_ws/install/dvrk_config:/home/dvrk-team/ros2_ws/install/dvrk_arms_from_ros:/home/dvrk-team/ros2_ws/install/cisst_ros_crtk:/home/dvrk-team/ros2_ws/install/crtk_msgs:/home/dvrk-team/ros2_ws/install/cisst_ros_bridge:/home/dvrk-team/ros2_ws/install/cisst_msgs:/home/dvrk-team/ros2_ws/install/cisst:/home/dvrk-team/ros2_ws/install/cisstNetlib:/opt/ros/jazzy/opt/gz_math_vendor:/opt/ros/jazzy/opt/gz_utils_vendor:/opt/ros/jazzy/opt/gz_cmake_vendor DEBUGINFOD_URLS=https://debuginfod.ubuntu.com /usr/bin/cmake --build /home/dvrk-team/dvrk_ctrl_ws/build/utility_interfaces -- -j24 -l24
[0.294s] [  5%] Built target utility_interfaces__rosidl_generator_type_description
[0.294s] [  5%] Built target utility_interfaces__rs
[0.301s] [  5%] Built target ament_cmake_python_copy_utility_interfaces
[0.309s] [  8%] Built target utility_interfaces__cpp
[0.309s] [ 22%] Built target utility_interfaces__rosidl_generator_c
[0.326s] [ 65%] Built target utility_interfaces__rosidl_typesupport_introspection_c
[0.326s] [ 65%] Built target utility_interfaces__rosidl_typesupport_fastrtps_cpp
[0.326s] [ 65%] Built target utility_interfaces__rosidl_typesupport_introspection_cpp
[0.326s] [ 65%] Built target utility_interfaces__rosidl_typesupport_c
[0.327s] [ 65%] Built target utility_interfaces__rosidl_typesupport_cpp
[0.328s] [ 74%] Built target utility_interfaces__rosidl_typesupport_fastrtps_c
[0.342s] [ 74%] Built target utility_interfaces
[0.357s] [ 77%] Built target utility_interfaces__py
[0.374s] [ 82%] Built target utility_interfaces__rosidl_generator_py
[0.391s] [ 88%] Built target utility_interfaces_s__rosidl_typesupport_introspection_c
[0.391s] [ 94%] Built target utility_interfaces_s__rosidl_typesupport_fastrtps_c
[0.393s] [100%] Built target utility_interfaces_s__rosidl_typesupport_c
[0.422s] running egg_info
[0.429s] writing utility_interfaces.egg-info/PKG-INFO
[0.429s] writing dependency_links to utility_interfaces.egg-info/dependency_links.txt
[0.429s] writing top-level names to utility_interfaces.egg-info/top_level.txt
[0.452s] reading manifest file 'utility_interfaces.egg-info/SOURCES.txt'
[0.452s] writing manifest file 'utility_interfaces.egg-info/SOURCES.txt'
[0.473s] [100%] Built target ament_cmake_python_build_utility_interfaces_egg
[0.486s] Invoked command in '/home/dvrk-team/dvrk_ctrl_ws/build/utility_interfaces' returned '0': CMAKE_PREFIX_PATH=/home/dvrk-team/dvrk_ctrl_ws/install/utility_interfaces:/home/dvrk-team/dvrk_ctrl_ws/install/peg_transfer_interfaces:/home/dvrk-team/ros_ambf_ws/install/ambf_client:/home/dvrk-team/ros_ambf_ws/install/tf_function:/home/dvrk-team/ros_ambf_ws/install/ros_comm_plugin:/home/dvrk-team/ros_ambf_ws/install/ambf_server:/home/dvrk-team/ros_ambf_ws/install/ambf_msgs:/home/dvrk-team/ros2_ws/install/dvrk_robot:/home/dvrk-team/ros2_ws/install/saw_robot_io_1394_ros:/home/dvrk-team/ros2_ws/install/saw_intuitive_research_kit_example_psm_derived:/home/dvrk-team/ros2_ws/install/saw_intuitive_research_kit_example_bilateral_teleop:/home/dvrk-team/ros2_ws/install/saw_controllers_ros:/home/dvrk-team/ros2_ws/install/sawIntuitiveResearchKitCore:/home/dvrk-team/ros2_ws/install/sawTextToSpeechAll:/home/dvrk-team/ros2_ws/install/sawRobotIO1394Core:/home/dvrk-team/ros2_ws/install/sawControllersCore:/home/dvrk-team/ros2_ws/install/sawKeyboardAll:/home/dvrk-team/ros2_ws/install/dvrk_python:/home/dvrk-team/ros2_ws/install/dvrk_display:/home/dvrk-team/ros2_ws/install/dvrk_camera_registration:/home/dvrk-team/ros2_ws/install/data_collection:/home/dvrk-team/ros2_ws/install/crtk_python_client:/home/dvrk-team/ros2_ws/install/peg_transfer_interfaces:/home/dvrk-team/ros2_ws/install/dvrk_video:/home/dvrk-team/dvrk_ctrl_ws/install/peg_control:/home/dvrk-team/dvrk_ctrl_ws/install/utility_interface:/home/dvrk-team/dvrk_ctrl_ws/install/utilities:/home/dvrk-team/dvrk_ctrl_ws/install/peg_transfer:/home/dvrk-team/dvrk_ctrl_ws/install/dvrk_peg_transfer:/home/dvrk-team/ros2_ws/install/peg_transfer:/home/dvrk-team/ros2_ws/install/dvrk_mtm_gc:/opt/ros/jazzy:/home/dvrk-team/ros2_ws/install/dvrk_model:/home/dvrk-team/ros2_ws/install/dvrk_hrsv_widget:/home/dvrk-team/ros2_ws/install/dvrk_config_jhu:/home/dvrk-team/ros2_ws/install/dvrk_config:/home/dvrk-team/ros2_ws/install/dvrk_arms_from_ros:/home/dvrk-team/ros2_ws/install/cisst_ros_crtk:/home/dvrk-team/ros2_ws/install/crtk_msgs:/home/dvrk-team/ros2_ws/install/cisst_ros_bridge:/home/dvrk-team/ros2_ws/install/cisst_msgs:/home/dvrk-team/ros2_ws/install/cisst:/home/dvrk-team/ros2_ws/install/cisstNetlib:/opt/ros/jazzy/opt/gz_math_vendor:/opt/ros/jazzy/opt/gz_utils_vendor:/opt/ros/jazzy/opt/gz_cmake_vendor DEBUGINFOD_URLS=https://debuginfod.ubuntu.com /usr/bin/cmake --build /home/dvrk-team/dvrk_ctrl_ws/build/utility_interfaces -- -j24 -l24
[0.499s] Invoking command in '/home/dvrk-team/dvrk_ctrl_ws/build/utility_interfaces': CMAKE_PREFIX_PATH=/home/dvrk-team/dvrk_ctrl_ws/install/utility_interfaces:/home/dvrk-team/dvrk_ctrl_ws/install/peg_transfer_interfaces:/home/dvrk-team/ros_ambf_ws/install/ambf_client:/home/dvrk-team/ros_ambf_ws/install/tf_function:/home/dvrk-team/ros_ambf_ws/install/ros_comm_plugin:/home/dvrk-team/ros_ambf_ws/install/ambf_server:/home/dvrk-team/ros_ambf_ws/install/ambf_msgs:/home/dvrk-team/ros2_ws/install/dvrk_robot:/home/dvrk-team/ros2_ws/install/saw_robot_io_1394_ros:/home/dvrk-team/ros2_ws/install/saw_intuitive_research_kit_example_psm_derived:/home/dvrk-team/ros2_ws/install/saw_intuitive_research_kit_example_bilateral_teleop:/home/dvrk-team/ros2_ws/install/saw_controllers_ros:/home/dvrk-team/ros2_ws/install/sawIntuitiveResearchKitCore:/home/dvrk-team/ros2_ws/install/sawTextToSpeechAll:/home/dvrk-team/ros2_ws/install/sawRobotIO1394Core:/home/dvrk-team/ros2_ws/install/sawControllersCore:/home/dvrk-team/ros2_ws/install/sawKeyboardAll:/home/dvrk-team/ros2_ws/install/dvrk_python:/home/dvrk-team/ros2_ws/install/dvrk_display:/home/dvrk-team/ros2_ws/install/dvrk_camera_registration:/home/dvrk-team/ros2_ws/install/data_collection:/home/dvrk-team/ros2_ws/install/crtk_python_client:/home/dvrk-team/ros2_ws/install/peg_transfer_interfaces:/home/dvrk-team/ros2_ws/install/dvrk_video:/home/dvrk-team/dvrk_ctrl_ws/install/peg_control:/home/dvrk-team/dvrk_ctrl_ws/install/utility_interface:/home/dvrk-team/dvrk_ctrl_ws/install/utilities:/home/dvrk-team/dvrk_ctrl_ws/install/peg_transfer:/home/dvrk-team/dvrk_ctrl_ws/install/dvrk_peg_transfer:/home/dvrk-team/ros2_ws/install/peg_transfer:/home/dvrk-team/ros2_ws/install/dvrk_mtm_gc:/opt/ros/jazzy:/home/dvrk-team/ros2_ws/install/dvrk_model:/home/dvrk-team/ros2_ws/install/dvrk_hrsv_widget:/home/dvrk-team/ros2_ws/install/dvrk_config_jhu:/home/dvrk-team/ros2_ws/install/dvrk_config:/home/dvrk-team/ros2_ws/install/dvrk_arms_from_ros:/home/dvrk-team/ros2_ws/install/cisst_ros_crtk:/home/dvrk-team/ros2_ws/install/crtk_msgs:/home/dvrk-team/ros2_ws/install/cisst_ros_bridge:/home/dvrk-team/ros2_ws/install/cisst_msgs:/home/dvrk-team/ros2_ws/install/cisst:/home/dvrk-team/ros2_ws/install/cisstNetlib:/opt/ros/jazzy/opt/gz_math_vendor:/opt/ros/jazzy/opt/gz_utils_vendor:/opt/ros/jazzy/opt/gz_cmake_vendor DEBUGINFOD_URLS=https://debuginfod.ubuntu.com /usr/bin/cmake --install /home/dvrk-team/dvrk_ctrl_ws/build/utility_interfaces
[0.509s] -- Install configuration: ""
[0.509s] -- Up-to-date: /home/dvrk-team/dvrk_ctrl_ws/install/utility_interfaces/share/ament_index/resource_index/rosidl_interfaces/utility_interfaces
[0.509s] -- Up-to-date: /home/dvrk-team/dvrk_ctrl_ws/install/utility_interfaces/share/utility_interfaces/srv/GetObjectPose.json
[0.509s] -- Up-to-date: /home/dvrk-team/dvrk_ctrl_ws/install/utility_interfaces/include/utility_interfaces/utility_interfaces
[0.509s] -- Up-to-date: /home/dvrk-team/dvrk_ctrl_ws/install/utility_interfaces/include/utility_interfaces/utility_interfaces/srv
[0.509s] -- Up-to-date: /home/dvrk-team/dvrk_ctrl_ws/install/utility_interfaces/include/utility_interfaces/utility_interfaces/srv/get_object_pose.h
[0.510s] -- Up-to-date: /home/dvrk-team/dvrk_ctrl_ws/install/utility_interfaces/include/utility_interfaces/utility_interfaces/srv/detail
[0.510s] -- Up-to-date: /home/dvrk-team/dvrk_ctrl_ws/install/utility_interfaces/include/utility_interfaces/utility_interfaces/srv/detail/get_object_pose__functions.c
[0.510s] -- Up-to-date: /home/dvrk-team/dvrk_ctrl_ws/install/utility_interfaces/include/utility_interfaces/utility_interfaces/srv/detail/get_object_pose__description.c
[0.510s] -- Up-to-date: /home/dvrk-team/dvrk_ctrl_ws/install/utility_interfaces/include/utility_interfaces/utility_interfaces/srv/detail/get_object_pose__type_support.c
[0.510s] -- Up-to-date: /home/dvrk-team/dvrk_ctrl_ws/install/utility_interfaces/include/utility_interfaces/utility_interfaces/srv/detail/get_object_pose__functions.h
[0.510s] -- Up-to-date: /home/dvrk-team/dvrk_ctrl_ws/install/utility_interfaces/include/utility_interfaces/utility_interfaces/srv/detail/get_object_pose__struct.h
[0.510s] -- Up-to-date: /home/dvrk-team/dvrk_ctrl_ws/install/utility_interfaces/include/utility_interfaces/utility_interfaces/srv/detail/get_object_pose__type_support.h
[0.510s] -- Up-to-date: /home/dvrk-team/dvrk_ctrl_ws/install/utility_interfaces/include/utility_interfaces/utility_interfaces/msg
[0.510s] -- Up-to-date: /home/dvrk-team/dvrk_ctrl_ws/install/utility_interfaces/include/utility_interfaces/utility_interfaces/msg/rosidl_generator_c__visibility_control.h
[0.510s] -- Up-to-date: /home/dvrk-team/dvrk_ctrl_ws/install/utility_interfaces/share/utility_interfaces/environment/library_path.sh
[0.511s] -- Up-to-date: /home/dvrk-team/dvrk_ctrl_ws/install/utility_interfaces/share/utility_interfaces/environment/library_path.dsv
[0.511s] -- Up-to-date: /home/dvrk-team/dvrk_ctrl_ws/install/utility_interfaces/lib/libutility_interfaces__rosidl_generator_c.so
[0.511s] -- Up-to-date: /home/dvrk-team/dvrk_ctrl_ws/install/utility_interfaces/include/utility_interfaces/utility_interfaces
[0.511s] -- Up-to-date: /home/dvrk-team/dvrk_ctrl_ws/install/utility_interfaces/include/utility_interfaces/utility_interfaces/srv
[0.511s] -- Up-to-date: /home/dvrk-team/dvrk_ctrl_ws/install/utility_interfaces/include/utility_interfaces/utility_interfaces/srv/detail
[0.511s] -- Up-to-date: /home/dvrk-team/dvrk_ctrl_ws/install/utility_interfaces/include/utility_interfaces/utility_interfaces/srv/detail/get_object_pose__rosidl_typesupport_fastrtps_c.h
[0.511s] -- Up-to-date: /home/dvrk-team/dvrk_ctrl_ws/install/utility_interfaces/include/utility_interfaces/utility_interfaces/msg
[0.511s] -- Up-to-date: /home/dvrk-team/dvrk_ctrl_ws/install/utility_interfaces/include/utility_interfaces/utility_interfaces/msg/rosidl_typesupport_fastrtps_c__visibility_control.h
[0.511s] -- Up-to-date: /home/dvrk-team/dvrk_ctrl_ws/install/utility_interfaces/lib/libutility_interfaces__rosidl_typesupport_fastrtps_c.so
[0.512s] -- Up-to-date: /home/dvrk-team/dvrk_ctrl_ws/install/utility_interfaces/include/utility_interfaces/utility_interfaces
[0.512s] -- Up-to-date: /home/dvrk-team/dvrk_ctrl_ws/install/utility_interfaces/include/utility_interfaces/utility_interfaces/srv
[0.512s] -- Up-to-date: /home/dvrk-team/dvrk_ctrl_ws/install/utility_interfaces/include/utility_interfaces/utility_interfaces/srv/get_object_pose.hpp
[0.512s] -- Up-to-date: /home/dvrk-team/dvrk_ctrl_ws/install/utility_interfaces/include/utility_interfaces/utility_interfaces/srv/detail
[0.512s] -- Up-to-date: /home/dvrk-team/dvrk_ctrl_ws/install/utility_interfaces/include/utility_interfaces/utility_interfaces/srv/detail/get_object_pose__struct.hpp
[0.512s] -- Up-to-date: /home/dvrk-team/dvrk_ctrl_ws/install/utility_interfaces/include/utility_interfaces/utility_interfaces/srv/detail/get_object_pose__builder.hpp
[0.512s] -- Up-to-date: /home/dvrk-team/dvrk_ctrl_ws/install/utility_interfaces/include/utility_interfaces/utility_interfaces/srv/detail/get_object_pose__traits.hpp
[0.512s] -- Up-to-date: /home/dvrk-team/dvrk_ctrl_ws/install/utility_interfaces/include/utility_interfaces/utility_interfaces/srv/detail/get_object_pose__type_support.hpp
[0.512s] -- Up-to-date: /home/dvrk-team/dvrk_ctrl_ws/install/utility_interfaces/include/utility_interfaces/utility_interfaces/msg
[0.512s] -- Up-to-date: /home/dvrk-team/dvrk_ctrl_ws/install/utility_interfaces/include/utility_interfaces/utility_interfaces/msg/rosidl_generator_cpp__visibility_control.hpp
[0.512s] -- Up-to-date: /home/dvrk-team/dvrk_ctrl_ws/install/utility_interfaces/include/utility_interfaces/utility_interfaces
[0.512s] -- Up-to-date: /home/dvrk-team/dvrk_ctrl_ws/install/utility_interfaces/include/utility_interfaces/utility_interfaces/srv
[0.512s] -- Up-to-date: /home/dvrk-team/dvrk_ctrl_ws/install/utility_interfaces/include/utility_interfaces/utility_interfaces/srv/detail
[0.513s] -- Up-to-date: /home/dvrk-team/dvrk_ctrl_ws/install/utility_interfaces/include/utility_interfaces/utility_interfaces/srv/detail/dds_fastrtps
[0.513s] -- Up-to-date: /home/dvrk-team/dvrk_ctrl_ws/install/utility_interfaces/include/utility_interfaces/utility_interfaces/srv/detail/get_object_pose__rosidl_typesupport_fastrtps_cpp.hpp
[0.513s] -- Up-to-date: /home/dvrk-team/dvrk_ctrl_ws/install/utility_interfaces/include/utility_interfaces/utility_interfaces/msg
[0.513s] -- Up-to-date: /home/dvrk-team/dvrk_ctrl_ws/install/utility_interfaces/include/utility_interfaces/utility_interfaces/msg/rosidl_typesupport_fastrtps_cpp__visibility_control.h
[0.513s] -- Up-to-date: /home/dvrk-team/dvrk_ctrl_ws/install/utility_interfaces/lib/libutility_interfaces__rosidl_typesupport_fastrtps_cpp.so
[0.513s] -- Up-to-date: /home/dvrk-team/dvrk_ctrl_ws/install/utility_interfaces/include/utility_interfaces/utility_interfaces
[0.513s] -- Up-to-date: /home/dvrk-team/dvrk_ctrl_ws/install/utility_interfaces/include/utility_interfaces/utility_interfaces/srv
[0.513s] -- Up-to-date: /home/dvrk-team/dvrk_ctrl_ws/install/utility_interfaces/include/utility_interfaces/utility_interfaces/srv/detail
[0.513s] -- Up-to-date: /home/dvrk-team/dvrk_ctrl_ws/install/utility_interfaces/include/utility_interfaces/utility_interfaces/srv/detail/get_object_pose__type_support.c
[0.513s] -- Up-to-date: /home/dvrk-team/dvrk_ctrl_ws/install/utility_interfaces/include/utility_interfaces/utility_interfaces/srv/detail/get_object_pose__rosidl_typesupport_introspection_c.h
[0.513s] -- Up-to-date: /home/dvrk-team/dvrk_ctrl_ws/install/utility_interfaces/include/utility_interfaces/utility_interfaces/msg
[0.513s] -- Up-to-date: /home/dvrk-team/dvrk_ctrl_ws/install/utility_interfaces/include/utility_interfaces/utility_interfaces/msg/rosidl_typesupport_introspection_c__visibility_control.h
[0.514s] -- Up-to-date: /home/dvrk-team/dvrk_ctrl_ws/install/utility_interfaces/lib/libutility_interfaces__rosidl_typesupport_introspection_c.so
[0.514s] -- Up-to-date: /home/dvrk-team/dvrk_ctrl_ws/install/utility_interfaces/lib/libutility_interfaces__rosidl_typesupport_c.so
[0.514s] -- Up-to-date: /home/dvrk-team/dvrk_ctrl_ws/install/utility_interfaces/include/utility_interfaces/utility_interfaces
[0.514s] -- Up-to-date: /home/dvrk-team/dvrk_ctrl_ws/install/utility_interfaces/include/utility_interfaces/utility_interfaces/srv
[0.514s] -- Up-to-date: /home/dvrk-team/dvrk_ctrl_ws/install/utility_interfaces/include/utility_interfaces/utility_interfaces/srv/detail
[0.514s] -- Up-to-date: /home/dvrk-team/dvrk_ctrl_ws/install/utility_interfaces/include/utility_interfaces/utility_interfaces/srv/detail/get_object_pose__type_support.cpp
[0.514s] -- Up-to-date: /home/dvrk-team/dvrk_ctrl_ws/install/utility_interfaces/include/utility_interfaces/utility_interfaces/srv/detail/get_object_pose__rosidl_typesupport_introspection_cpp.hpp
[0.514s] -- Up-to-date: /home/dvrk-team/dvrk_ctrl_ws/install/utility_interfaces/lib/libutility_interfaces__rosidl_typesupport_introspection_cpp.so
[0.514s] -- Up-to-date: /home/dvrk-team/dvrk_ctrl_ws/install/utility_interfaces/lib/libutility_interfaces__rosidl_typesupport_cpp.so
[0.514s] -- Up-to-date: /home/dvrk-team/dvrk_ctrl_ws/install/utility_interfaces/share/utility_interfaces/environment/pythonpath.sh
[0.514s] -- Up-to-date: /home/dvrk-team/dvrk_ctrl_ws/install/utility_interfaces/share/utility_interfaces/environment/pythonpath.dsv
[0.514s] -- Up-to-date: /home/dvrk-team/dvrk_ctrl_ws/install/utility_interfaces/lib/python3.12/site-packages/utility_interfaces-0.0.0-py3.12.egg-info
[0.514s] -- Installing: /home/dvrk-team/dvrk_ctrl_ws/install/utility_interfaces/lib/python3.12/site-packages/utility_interfaces-0.0.0-py3.12.egg-info/PKG-INFO
[0.514s] -- Installing: /home/dvrk-team/dvrk_ctrl_ws/install/utility_interfaces/lib/python3.12/site-packages/utility_interfaces-0.0.0-py3.12.egg-info/dependency_links.txt
[0.515s] -- Installing: /home/dvrk-team/dvrk_ctrl_ws/install/utility_interfaces/lib/python3.12/site-packages/utility_interfaces-0.0.0-py3.12.egg-info/SOURCES.txt
[0.515s] -- Installing: /home/dvrk-team/dvrk_ctrl_ws/install/utility_interfaces/lib/python3.12/site-packages/utility_interfaces-0.0.0-py3.12.egg-info/top_level.txt
[0.515s] -- Up-to-date: /home/dvrk-team/dvrk_ctrl_ws/install/utility_interfaces/lib/python3.12/site-packages/utility_interfaces
[0.515s] -- Up-to-date: /home/dvrk-team/dvrk_ctrl_ws/install/utility_interfaces/lib/python3.12/site-packages/utility_interfaces/utility_interfaces_s__rosidl_typesupport_introspection_c.so
[0.515s] -- Up-to-date: /home/dvrk-team/dvrk_ctrl_ws/install/utility_interfaces/lib/python3.12/site-packages/utility_interfaces/utility_interfaces_s__rosidl_typesupport_fastrtps_c.so
[0.515s] -- Up-to-date: /home/dvrk-team/dvrk_ctrl_ws/install/utility_interfaces/lib/python3.12/site-packages/utility_interfaces/_utility_interfaces_s.ep.rosidl_typesupport_c.c
[0.515s] -- Up-to-date: /home/dvrk-team/dvrk_ctrl_ws/install/utility_interfaces/lib/python3.12/site-packages/utility_interfaces/_utility_interfaces_s.ep.rosidl_typesupport_introspection_c.c
[0.515s] -- Up-to-date: /home/dvrk-team/dvrk_ctrl_ws/install/utility_interfaces/lib/python3.12/site-packages/utility_interfaces/srv
[0.515s] -- Up-to-date: /home/dvrk-team/dvrk_ctrl_ws/install/utility_interfaces/lib/python3.12/site-packages/utility_interfaces/srv/_get_object_pose.py
[0.515s] -- Up-to-date: /home/dvrk-team/dvrk_ctrl_ws/install/utility_interfaces/lib/python3.12/site-packages/utility_interfaces/srv/__init__.py
[0.515s] -- Up-to-date: /home/dvrk-team/dvrk_ctrl_ws/install/utility_interfaces/lib/python3.12/site-packages/utility_interfaces/srv/_get_object_pose_s.c
[0.515s] -- Up-to-date: /home/dvrk-team/dvrk_ctrl_ws/install/utility_interfaces/lib/python3.12/site-packages/utility_interfaces/utility_interfaces_s__rosidl_typesupport_c.so
[0.515s] -- Up-to-date: /home/dvrk-team/dvrk_ctrl_ws/install/utility_interfaces/lib/python3.12/site-packages/utility_interfaces/__init__.py
[0.515s] -- Up-to-date: /home/dvrk-team/dvrk_ctrl_ws/install/utility_interfaces/lib/python3.12/site-packages/utility_interfaces/_utility_interfaces_s.ep.rosidl_typesupport_fastrtps_c.c
[0.537s] Listing '/home/dvrk-team/dvrk_ctrl_ws/install/utility_interfaces/lib/python3.12/site-packages/utility_interfaces'...
[0.537s] Listing '/home/dvrk-team/dvrk_ctrl_ws/install/utility_interfaces/lib/python3.12/site-packages/utility_interfaces/srv'...
[0.540s] -- Up-to-date: /home/dvrk-team/dvrk_ctrl_ws/install/utility_interfaces/lib/python3.12/site-packages/utility_interfaces/utility_interfaces_s__rosidl_typesupport_fastrtps_c.so
[0.540s] -- Up-to-date: /home/dvrk-team/dvrk_ctrl_ws/install/utility_interfaces/lib/python3.12/site-packages/utility_interfaces/utility_interfaces_s__rosidl_typesupport_introspection_c.so
[0.540s] -- Up-to-date: /home/dvrk-team/dvrk_ctrl_ws/install/utility_interfaces/lib/python3.12/site-packages/utility_interfaces/utility_interfaces_s__rosidl_typesupport_c.so
[0.541s] -- Up-to-date: /home/dvrk-team/dvrk_ctrl_ws/install/utility_interfaces/lib/libutility_interfaces__rosidl_generator_py.so
[0.541s] -- Up-to-date: /home/dvrk-team/dvrk_ctrl_ws/install/utility_interfaces/share/ament_index/resource_index/rust_packages/utility_interfaces
[0.541s] -- Up-to-date: /home/dvrk-team/dvrk_ctrl_ws/install/utility_interfaces/share/utility_interfaces/rust
[0.541s] -- Up-to-date: /home/dvrk-team/dvrk_ctrl_ws/install/utility_interfaces/share/utility_interfaces/rust/build.rs
[0.541s] -- Up-to-date: /home/dvrk-team/dvrk_ctrl_ws/install/utility_interfaces/share/utility_interfaces/rust/src
[0.541s] -- Up-to-date: /home/dvrk-team/dvrk_ctrl_ws/install/utility_interfaces/share/utility_interfaces/rust/src/lib.rs
[0.541s] -- Up-to-date: /home/dvrk-team/dvrk_ctrl_ws/install/utility_interfaces/share/utility_interfaces/rust/src/srv.rs
[0.541s] -- Up-to-date: /home/dvrk-team/dvrk_ctrl_ws/install/utility_interfaces/share/utility_interfaces/rust/src/srv
[0.541s] -- Up-to-date: /home/dvrk-team/dvrk_ctrl_ws/install/utility_interfaces/share/utility_interfaces/rust/src/srv/rmw.rs
[0.542s] -- Up-to-date: /home/dvrk-team/dvrk_ctrl_ws/install/utility_interfaces/share/utility_interfaces/rust/Cargo.toml
[0.542s] -- Up-to-date: /home/dvrk-team/dvrk_ctrl_ws/install/utility_interfaces/share/utility_interfaces/srv/GetObjectPose.idl
[0.542s] -- Up-to-date: /home/dvrk-team/dvrk_ctrl_ws/install/utility_interfaces/share/utility_interfaces/srv/GetObjectPose.srv
[0.542s] -- Up-to-date: /home/dvrk-team/dvrk_ctrl_ws/install/utility_interfaces/share/ament_index/resource_index/package_run_dependencies/utility_interfaces
[0.542s] -- Up-to-date: /home/dvrk-team/dvrk_ctrl_ws/install/utility_interfaces/share/ament_index/resource_index/parent_prefix_path/utility_interfaces
[0.542s] -- Up-to-date: /home/dvrk-team/dvrk_ctrl_ws/install/utility_interfaces/share/utility_interfaces/environment/ament_prefix_path.sh
[0.542s] -- Up-to-date: /home/dvrk-team/dvrk_ctrl_ws/install/utility_interfaces/share/utility_interfaces/environment/ament_prefix_path.dsv
[0.542s] -- Up-to-date: /home/dvrk-team/dvrk_ctrl_ws/install/utility_interfaces/share/utility_interfaces/environment/path.sh
[0.542s] -- Up-to-date: /home/dvrk-team/dvrk_ctrl_ws/install/utility_interfaces/share/utility_interfaces/environment/path.dsv
[0.542s] -- Up-to-date: /home/dvrk-team/dvrk_ctrl_ws/install/utility_interfaces/share/utility_interfaces/local_setup.bash
[0.542s] -- Up-to-date: /home/dvrk-team/dvrk_ctrl_ws/install/utility_interfaces/share/utility_interfaces/local_setup.sh
[0.542s] -- Up-to-date: /home/dvrk-team/dvrk_ctrl_ws/install/utility_interfaces/share/utility_interfaces/local_setup.zsh
[0.542s] -- Up-to-date: /home/dvrk-team/dvrk_ctrl_ws/install/utility_interfaces/share/utility_interfaces/local_setup.dsv
[0.542s] -- Installing: /home/dvrk-team/dvrk_ctrl_ws/install/utility_interfaces/share/utility_interfaces/package.dsv
[0.542s] -- Up-to-date: /home/dvrk-team/dvrk_ctrl_ws/install/utility_interfaces/share/ament_index/resource_index/packages/utility_interfaces
[0.542s] -- Up-to-date: /home/dvrk-team/dvrk_ctrl_ws/install/utility_interfaces/share/utility_interfaces/cmake/export_utility_interfaces__rosidl_generator_cExport.cmake
[0.542s] -- Up-to-date: /home/dvrk-team/dvrk_ctrl_ws/install/utility_interfaces/share/utility_interfaces/cmake/export_utility_interfaces__rosidl_generator_cExport-noconfig.cmake
[0.542s] -- Up-to-date: /home/dvrk-team/dvrk_ctrl_ws/install/utility_interfaces/share/utility_interfaces/cmake/export_utility_interfaces__rosidl_typesupport_fastrtps_cExport.cmake
[0.542s] -- Up-to-date: /home/dvrk-team/dvrk_ctrl_ws/install/utility_interfaces/share/utility_interfaces/cmake/export_utility_interfaces__rosidl_typesupport_fastrtps_cExport-noconfig.cmake
[0.542s] -- Up-to-date: /home/dvrk-team/dvrk_ctrl_ws/install/utility_interfaces/share/utility_interfaces/cmake/export_utility_interfaces__rosidl_generator_cppExport.cmake
[0.542s] -- Up-to-date: /home/dvrk-team/dvrk_ctrl_ws/install/utility_interfaces/share/utility_interfaces/cmake/export_utility_interfaces__rosidl_typesupport_fastrtps_cppExport.cmake
[0.542s] -- Up-to-date: /home/dvrk-team/dvrk_ctrl_ws/install/utility_interfaces/share/utility_interfaces/cmake/export_utility_interfaces__rosidl_typesupport_fastrtps_cppExport-noconfig.cmake
[0.543s] -- Up-to-date: /home/dvrk-team/dvrk_ctrl_ws/install/utility_interfaces/share/utility_interfaces/cmake/utility_interfaces__rosidl_typesupport_introspection_cExport.cmake
[0.543s] -- Up-to-date: /home/dvrk-team/dvrk_ctrl_ws/install/utility_interfaces/share/utility_interfaces/cmake/utility_interfaces__rosidl_typesupport_introspection_cExport-noconfig.cmake
[0.543s] -- Up-to-date: /home/dvrk-team/dvrk_ctrl_ws/install/utility_interfaces/share/utility_interfaces/cmake/utility_interfaces__rosidl_typesupport_cExport.cmake
[0.543s] -- Up-to-date: /home/dvrk-team/dvrk_ctrl_ws/install/utility_interfaces/share/utility_interfaces/cmake/utility_interfaces__rosidl_typesupport_cExport-noconfig.cmake
[0.543s] -- Up-to-date: /home/dvrk-team/dvrk_ctrl_ws/install/utility_interfaces/share/utility_interfaces/cmake/utility_interfaces__rosidl_typesupport_introspection_cppExport.cmake
[0.543s] -- Up-to-date: /home/dvrk-team/dvrk_ctrl_ws/install/utility_interfaces/share/utility_interfaces/cmake/utility_interfaces__rosidl_typesupport_introspection_cppExport-noconfig.cmake
[0.543s] -- Up-to-date: /home/dvrk-team/dvrk_ctrl_ws/install/utility_interfaces/share/utility_interfaces/cmake/utility_interfaces__rosidl_typesupport_cppExport.cmake
[0.543s] -- Up-to-date: /home/dvrk-team/dvrk_ctrl_ws/install/utility_interfaces/share/utility_interfaces/cmake/utility_interfaces__rosidl_typesupport_cppExport-noconfig.cmake
[0.543s] -- Up-to-date: /home/dvrk-team/dvrk_ctrl_ws/install/utility_interfaces/share/utility_interfaces/cmake/export_utility_interfaces__rosidl_generator_pyExport.cmake
[0.543s] -- Up-to-date: /home/dvrk-team/dvrk_ctrl_ws/install/utility_interfaces/share/utility_interfaces/cmake/export_utility_interfaces__rosidl_generator_pyExport-noconfig.cmake
[0.543s] -- Up-to-date: /home/dvrk-team/dvrk_ctrl_ws/install/utility_interfaces/share/utility_interfaces/cmake/rosidl_cmake-extras.cmake
[0.543s] -- Up-to-date: /home/dvrk-team/dvrk_ctrl_ws/install/utility_interfaces/share/utility_interfaces/cmake/ament_cmake_export_dependencies-extras.cmake
[0.544s] -- Up-to-date: /home/dvrk-team/dvrk_ctrl_ws/install/utility_interfaces/share/utility_interfaces/cmake/ament_cmake_export_include_directories-extras.cmake
[0.544s] -- Up-to-date: /home/dvrk-team/dvrk_ctrl_ws/install/utility_interfaces/share/utility_interfaces/cmake/ament_cmake_export_libraries-extras.cmake
[0.544s] -- Up-to-date: /home/dvrk-team/dvrk_ctrl_ws/install/utility_interfaces/share/utility_interfaces/cmake/ament_cmake_export_targets-extras.cmake
[0.544s] -- Up-to-date: /home/dvrk-team/dvrk_ctrl_ws/install/utility_interfaces/share/utility_interfaces/cmake/rosidl_cmake_export_typesupport_targets-extras.cmake
[0.544s] -- Up-to-date: /home/dvrk-team/dvrk_ctrl_ws/install/utility_interfaces/share/utility_interfaces/cmake/rosidl_cmake_export_typesupport_libraries-extras.cmake
[0.544s] -- Up-to-date: /home/dvrk-team/dvrk_ctrl_ws/install/utility_interfaces/share/utility_interfaces/cmake/rosidl_cmake_aggregate_target-extras.cmake
[0.544s] -- Up-to-date: /home/dvrk-team/dvrk_ctrl_ws/install/utility_interfaces/share/utility_interfaces/cmake/utility_interfacesConfig.cmake
[0.544s] -- Up-to-date: /home/dvrk-team/dvrk_ctrl_ws/install/utility_interfaces/share/utility_interfaces/cmake/utility_interfacesConfig-version.cmake
[0.544s] -- Up-to-date: /home/dvrk-team/dvrk_ctrl_ws/install/utility_interfaces/share/utility_interfaces/package.xml
[0.546s] Invoked command in '/home/dvrk-team/dvrk_ctrl_ws/build/utility_interfaces' returned '0': CMAKE_PREFIX_PATH=/home/dvrk-team/dvrk_ctrl_ws/install/utility_interfaces:/home/dvrk-team/dvrk_ctrl_ws/install/peg_transfer_interfaces:/home/dvrk-team/ros_ambf_ws/install/ambf_client:/home/dvrk-team/ros_ambf_ws/install/tf_function:/home/dvrk-team/ros_ambf_ws/install/ros_comm_plugin:/home/dvrk-team/ros_ambf_ws/install/ambf_server:/home/dvrk-team/ros_ambf_ws/install/ambf_msgs:/home/dvrk-team/ros2_ws/install/dvrk_robot:/home/dvrk-team/ros2_ws/install/saw_robot_io_1394_ros:/home/dvrk-team/ros2_ws/install/saw_intuitive_research_kit_example_psm_derived:/home/dvrk-team/ros2_ws/install/saw_intuitive_research_kit_example_bilateral_teleop:/home/dvrk-team/ros2_ws/install/saw_controllers_ros:/home/dvrk-team/ros2_ws/install/sawIntuitiveResearchKitCore:/home/dvrk-team/ros2_ws/install/sawTextToSpeechAll:/home/dvrk-team/ros2_ws/install/sawRobotIO1394Core:/home/dvrk-team/ros2_ws/install/sawControllersCore:/home/dvrk-team/ros2_ws/install/sawKeyboardAll:/home/dvrk-team/ros2_ws/install/dvrk_python:/home/dvrk-team/ros2_ws/install/dvrk_display:/home/dvrk-team/ros2_ws/install/dvrk_camera_registration:/home/dvrk-team/ros2_ws/install/data_collection:/home/dvrk-team/ros2_ws/install/crtk_python_client:/home/dvrk-team/ros2_ws/install/peg_transfer_interfaces:/home/dvrk-team/ros2_ws/install/dvrk_video:/home/dvrk-team/dvrk_ctrl_ws/install/peg_control:/home/dvrk-team/dvrk_ctrl_ws/install/utility_interface:/home/dvrk-team/dvrk_ctrl_ws/install/utilities:/home/dvrk-team/dvrk_ctrl_ws/install/peg_transfer:/home/dvrk-team/dvrk_ctrl_ws/install/dvrk_peg_transfer:/home/dvrk-team/ros2_ws/install/peg_transfer:/home/dvrk-team/ros2_ws/install/dvrk_mtm_gc:/opt/ros/jazzy:/home/dvrk-team/ros2_ws/install/dvrk_model:/home/dvrk-team/ros2_ws/install/dvrk_hrsv_widget:/home/dvrk-team/ros2_ws/install/dvrk_config_jhu:/home/dvrk-team/ros2_ws/install/dvrk_config:/home/dvrk-team/ros2_ws/install/dvrk_arms_from_ros:/home/dvrk-team/ros2_ws/install/cisst_ros_crtk:/home/dvrk-team/ros2_ws/install/crtk_msgs:/home/dvrk-team/ros2_ws/install/cisst_ros_bridge:/home/dvrk-team/ros2_ws/install/cisst_msgs:/home/dvrk-team/ros2_ws/install/cisst:/home/dvrk-team/ros2_ws/install/cisstNetlib:/opt/ros/jazzy/opt/gz_math_vendor:/opt/ros/jazzy/opt/gz_utils_vendor:/opt/ros/jazzy/opt/gz_cmake_vendor DEBUGINFOD_URLS=https://debuginfod.ubuntu.com /usr/bin/cmake --install /home/dvrk-team/dvrk_ctrl_ws/build/utility_interfaces
