[0.240s] Invoking command in '/home/dvrk-team/dvrk_ctrl_ws/build/utility_interfaces': CMAKE_PREFIX_PATH=${CMAKE_PREFIX_PATH}:/home/dvrk-team/dvrk_ctrl_ws/install/utility_interface:/home/dvrk-team/dvrk_ctrl_ws/install/utilities:/home/dvrk-team/dvrk_ctrl_ws/install/peg_transfer:/home/dvrk-team/dvrk_ctrl_ws/install/peg_control:/home/dvrk-team/dvrk_ctrl_ws/install/dvrk_peg_transfer:/opt/ros/jazzy DEBUGINFOD_URLS=https://debuginfod.ubuntu.com /usr/bin/cmake --build /home/dvrk-team/dvrk_ctrl_ws/build/utility_interfaces -- -j24 -l24
[0.285s] [  2%] Built target utility_interfaces__rs
[0.286s] [  5%] Built target utility_interfaces__rosidl_generator_type_description
[0.294s] [  5%] Built target ament_cmake_python_copy_utility_interfaces
[0.302s] [  8%] Built target utility_interfaces__cpp
[0.303s] [ 22%] Built target utility_interfaces__rosidl_generator_c
[0.317s] [ 65%] Built target utility_interfaces__rosidl_typesupport_c
[0.317s] [ 65%] Built target utility_interfaces__rosidl_typesupport_fastrtps_c
[0.317s] [ 65%] Built target utility_interfaces__rosidl_typesupport_introspection_c
[0.317s] [ 65%] Built target utility_interfaces__rosidl_typesupport_cpp
[0.317s] [ 65%] Built target utility_interfaces__rosidl_typesupport_introspection_cpp
[0.318s] [ 74%] Built target utility_interfaces__rosidl_typesupport_fastrtps_cpp
[0.331s] [ 74%] Built target utility_interfaces
[0.343s] [ 77%] Built target utility_interfaces__py
[0.362s] [ 82%] Built target utility_interfaces__rosidl_generator_py
[0.377s] [ 88%] Built target utility_interfaces_s__rosidl_typesupport_fastrtps_c
[0.379s] [ 94%] Built target utility_interfaces_s__rosidl_typesupport_introspection_c
[0.380s] [100%] Built target utility_interfaces_s__rosidl_typesupport_c
[0.414s] running egg_info
[0.422s] writing utility_interfaces.egg-info/PKG-INFO
[0.422s] writing dependency_links to utility_interfaces.egg-info/dependency_links.txt
[0.422s] writing top-level names to utility_interfaces.egg-info/top_level.txt
[0.443s] reading manifest file 'utility_interfaces.egg-info/SOURCES.txt'
[0.444s] writing manifest file 'utility_interfaces.egg-info/SOURCES.txt'
[0.465s] [100%] Built target ament_cmake_python_build_utility_interfaces_egg
[0.476s] Invoked command in '/home/dvrk-team/dvrk_ctrl_ws/build/utility_interfaces' returned '0': CMAKE_PREFIX_PATH=${CMAKE_PREFIX_PATH}:/home/dvrk-team/dvrk_ctrl_ws/install/utility_interface:/home/dvrk-team/dvrk_ctrl_ws/install/utilities:/home/dvrk-team/dvrk_ctrl_ws/install/peg_transfer:/home/dvrk-team/dvrk_ctrl_ws/install/peg_control:/home/dvrk-team/dvrk_ctrl_ws/install/dvrk_peg_transfer:/opt/ros/jazzy DEBUGINFOD_URLS=https://debuginfod.ubuntu.com /usr/bin/cmake --build /home/dvrk-team/dvrk_ctrl_ws/build/utility_interfaces -- -j24 -l24
[0.483s] Invoking command in '/home/dvrk-team/dvrk_ctrl_ws/build/utility_interfaces': CMAKE_PREFIX_PATH=${CMAKE_PREFIX_PATH}:/home/dvrk-team/dvrk_ctrl_ws/install/utility_interface:/home/dvrk-team/dvrk_ctrl_ws/install/utilities:/home/dvrk-team/dvrk_ctrl_ws/install/peg_transfer:/home/dvrk-team/dvrk_ctrl_ws/install/peg_control:/home/dvrk-team/dvrk_ctrl_ws/install/dvrk_peg_transfer:/opt/ros/jazzy DEBUGINFOD_URLS=https://debuginfod.ubuntu.com /usr/bin/cmake --install /home/dvrk-team/dvrk_ctrl_ws/build/utility_interfaces
[0.494s] -- Install configuration: ""
[0.495s] -- Up-to-date: /home/dvrk-team/dvrk_ctrl_ws/install/utility_interfaces/share/ament_index/resource_index/rosidl_interfaces/utility_interfaces
[0.495s] -- Up-to-date: /home/dvrk-team/dvrk_ctrl_ws/install/utility_interfaces/share/utility_interfaces/srv/GetObjectPose.json
[0.495s] -- Up-to-date: /home/dvrk-team/dvrk_ctrl_ws/install/utility_interfaces/include/utility_interfaces/utility_interfaces
[0.495s] -- Up-to-date: /home/dvrk-team/dvrk_ctrl_ws/install/utility_interfaces/include/utility_interfaces/utility_interfaces/srv
[0.495s] -- Up-to-date: /home/dvrk-team/dvrk_ctrl_ws/install/utility_interfaces/include/utility_interfaces/utility_interfaces/srv/get_object_pose.h
[0.495s] -- Up-to-date: /home/dvrk-team/dvrk_ctrl_ws/install/utility_interfaces/include/utility_interfaces/utility_interfaces/srv/detail
[0.496s] -- Up-to-date: /home/dvrk-team/dvrk_ctrl_ws/install/utility_interfaces/include/utility_interfaces/utility_interfaces/srv/detail/get_object_pose__functions.c
[0.496s] -- Up-to-date: /home/dvrk-team/dvrk_ctrl_ws/install/utility_interfaces/include/utility_interfaces/utility_interfaces/srv/detail/get_object_pose__description.c
[0.496s] -- Up-to-date: /home/dvrk-team/dvrk_ctrl_ws/install/utility_interfaces/include/utility_interfaces/utility_interfaces/srv/detail/get_object_pose__type_support.c
[0.496s] -- Up-to-date: /home/dvrk-team/dvrk_ctrl_ws/install/utility_interfaces/include/utility_interfaces/utility_interfaces/srv/detail/get_object_pose__functions.h
[0.496s] -- Up-to-date: /home/dvrk-team/dvrk_ctrl_ws/install/utility_interfaces/include/utility_interfaces/utility_interfaces/srv/detail/get_object_pose__struct.h
[0.496s] -- Up-to-date: /home/dvrk-team/dvrk_ctrl_ws/install/utility_interfaces/include/utility_interfaces/utility_interfaces/srv/detail/get_object_pose__type_support.h
[0.496s] -- Up-to-date: /home/dvrk-team/dvrk_ctrl_ws/install/utility_interfaces/include/utility_interfaces/utility_interfaces/msg
[0.496s] -- Up-to-date: /home/dvrk-team/dvrk_ctrl_ws/install/utility_interfaces/include/utility_interfaces/utility_interfaces/msg/rosidl_generator_c__visibility_control.h
[0.496s] -- Up-to-date: /home/dvrk-team/dvrk_ctrl_ws/install/utility_interfaces/share/utility_interfaces/environment/library_path.sh
[0.497s] -- Up-to-date: /home/dvrk-team/dvrk_ctrl_ws/install/utility_interfaces/share/utility_interfaces/environment/library_path.dsv
[0.497s] -- Up-to-date: /home/dvrk-team/dvrk_ctrl_ws/install/utility_interfaces/lib/libutility_interfaces__rosidl_generator_c.so
[0.497s] -- Up-to-date: /home/dvrk-team/dvrk_ctrl_ws/install/utility_interfaces/include/utility_interfaces/utility_interfaces
[0.497s] -- Up-to-date: /home/dvrk-team/dvrk_ctrl_ws/install/utility_interfaces/include/utility_interfaces/utility_interfaces/srv
[0.497s] -- Up-to-date: /home/dvrk-team/dvrk_ctrl_ws/install/utility_interfaces/include/utility_interfaces/utility_interfaces/srv/detail
[0.497s] -- Up-to-date: /home/dvrk-team/dvrk_ctrl_ws/install/utility_interfaces/include/utility_interfaces/utility_interfaces/srv/detail/get_object_pose__rosidl_typesupport_fastrtps_c.h
[0.497s] -- Up-to-date: /home/dvrk-team/dvrk_ctrl_ws/install/utility_interfaces/include/utility_interfaces/utility_interfaces/msg
[0.497s] -- Up-to-date: /home/dvrk-team/dvrk_ctrl_ws/install/utility_interfaces/include/utility_interfaces/utility_interfaces/msg/rosidl_typesupport_fastrtps_c__visibility_control.h
[0.497s] -- Up-to-date: /home/dvrk-team/dvrk_ctrl_ws/install/utility_interfaces/lib/libutility_interfaces__rosidl_typesupport_fastrtps_c.so
[0.497s] -- Up-to-date: /home/dvrk-team/dvrk_ctrl_ws/install/utility_interfaces/include/utility_interfaces/utility_interfaces
[0.497s] -- Up-to-date: /home/dvrk-team/dvrk_ctrl_ws/install/utility_interfaces/include/utility_interfaces/utility_interfaces/srv
[0.498s] -- Up-to-date: /home/dvrk-team/dvrk_ctrl_ws/install/utility_interfaces/include/utility_interfaces/utility_interfaces/srv/get_object_pose.hpp
[0.498s] -- Up-to-date: /home/dvrk-team/dvrk_ctrl_ws/install/utility_interfaces/include/utility_interfaces/utility_interfaces/srv/detail
[0.498s] -- Up-to-date: /home/dvrk-team/dvrk_ctrl_ws/install/utility_interfaces/include/utility_interfaces/utility_interfaces/srv/detail/get_object_pose__struct.hpp
[0.498s] -- Up-to-date: /home/dvrk-team/dvrk_ctrl_ws/install/utility_interfaces/include/utility_interfaces/utility_interfaces/srv/detail/get_object_pose__builder.hpp
[0.498s] -- Up-to-date: /home/dvrk-team/dvrk_ctrl_ws/install/utility_interfaces/include/utility_interfaces/utility_interfaces/srv/detail/get_object_pose__traits.hpp
[0.498s] -- Up-to-date: /home/dvrk-team/dvrk_ctrl_ws/install/utility_interfaces/include/utility_interfaces/utility_interfaces/srv/detail/get_object_pose__type_support.hpp
[0.498s] -- Up-to-date: /home/dvrk-team/dvrk_ctrl_ws/install/utility_interfaces/include/utility_interfaces/utility_interfaces/msg
[0.498s] -- Up-to-date: /home/dvrk-team/dvrk_ctrl_ws/install/utility_interfaces/include/utility_interfaces/utility_interfaces/msg/rosidl_generator_cpp__visibility_control.hpp
[0.498s] -- Up-to-date: /home/dvrk-team/dvrk_ctrl_ws/install/utility_interfaces/include/utility_interfaces/utility_interfaces
[0.499s] -- Up-to-date: /home/dvrk-team/dvrk_ctrl_ws/install/utility_interfaces/include/utility_interfaces/utility_interfaces/srv
[0.499s] -- Up-to-date: /home/dvrk-team/dvrk_ctrl_ws/install/utility_interfaces/include/utility_interfaces/utility_interfaces/srv/detail
[0.499s] -- Up-to-date: /home/dvrk-team/dvrk_ctrl_ws/install/utility_interfaces/include/utility_interfaces/utility_interfaces/srv/detail/dds_fastrtps
[0.500s] -- Up-to-date: /home/dvrk-team/dvrk_ctrl_ws/install/utility_interfaces/include/utility_interfaces/utility_interfaces/srv/detail/get_object_pose__rosidl_typesupport_fastrtps_cpp.hpp
[0.500s] -- Up-to-date: /home/dvrk-team/dvrk_ctrl_ws/install/utility_interfaces/include/utility_interfaces/utility_interfaces/msg
[0.501s] -- Up-to-date: /home/dvrk-team/dvrk_ctrl_ws/install/utility_interfaces/include/utility_interfaces/utility_interfaces/msg/rosidl_typesupport_fastrtps_cpp__visibility_control.h
[0.501s] -- Up-to-date: /home/dvrk-team/dvrk_ctrl_ws/install/utility_interfaces/lib/libutility_interfaces__rosidl_typesupport_fastrtps_cpp.so
[0.501s] -- Up-to-date: /home/dvrk-team/dvrk_ctrl_ws/install/utility_interfaces/include/utility_interfaces/utility_interfaces
[0.501s] -- Up-to-date: /home/dvrk-team/dvrk_ctrl_ws/install/utility_interfaces/include/utility_interfaces/utility_interfaces/srv
[0.502s] -- Up-to-date: /home/dvrk-team/dvrk_ctrl_ws/install/utility_interfaces/include/utility_interfaces/utility_interfaces/srv/detail
[0.502s] -- Up-to-date: /home/dvrk-team/dvrk_ctrl_ws/install/utility_interfaces/include/utility_interfaces/utility_interfaces/srv/detail/get_object_pose__type_support.c
[0.502s] -- Up-to-date: /home/dvrk-team/dvrk_ctrl_ws/install/utility_interfaces/include/utility_interfaces/utility_interfaces/srv/detail/get_object_pose__rosidl_typesupport_introspection_c.h
[0.502s] -- Up-to-date: /home/dvrk-team/dvrk_ctrl_ws/install/utility_interfaces/include/utility_interfaces/utility_interfaces/msg
[0.502s] -- Up-to-date: /home/dvrk-team/dvrk_ctrl_ws/install/utility_interfaces/include/utility_interfaces/utility_interfaces/msg/rosidl_typesupport_introspection_c__visibility_control.h
[0.502s] -- Up-to-date: /home/dvrk-team/dvrk_ctrl_ws/install/utility_interfaces/lib/libutility_interfaces__rosidl_typesupport_introspection_c.so
[0.502s] -- Up-to-date: /home/dvrk-team/dvrk_ctrl_ws/install/utility_interfaces/lib/libutility_interfaces__rosidl_typesupport_c.so
[0.502s] -- Up-to-date: /home/dvrk-team/dvrk_ctrl_ws/install/utility_interfaces/include/utility_interfaces/utility_interfaces
[0.502s] -- Up-to-date: /home/dvrk-team/dvrk_ctrl_ws/install/utility_interfaces/include/utility_interfaces/utility_interfaces/srv
[0.502s] -- Up-to-date: /home/dvrk-team/dvrk_ctrl_ws/install/utility_interfaces/include/utility_interfaces/utility_interfaces/srv/detail
[0.502s] -- Up-to-date: /home/dvrk-team/dvrk_ctrl_ws/install/utility_interfaces/include/utility_interfaces/utility_interfaces/srv/detail/get_object_pose__type_support.cpp
[0.503s] -- Up-to-date: /home/dvrk-team/dvrk_ctrl_ws/install/utility_interfaces/include/utility_interfaces/utility_interfaces/srv/detail/get_object_pose__rosidl_typesupport_introspection_cpp.hpp
[0.503s] -- Up-to-date: /home/dvrk-team/dvrk_ctrl_ws/install/utility_interfaces/lib/libutility_interfaces__rosidl_typesupport_introspection_cpp.so
[0.503s] -- Up-to-date: /home/dvrk-team/dvrk_ctrl_ws/install/utility_interfaces/lib/libutility_interfaces__rosidl_typesupport_cpp.so
[0.503s] -- Up-to-date: /home/dvrk-team/dvrk_ctrl_ws/install/utility_interfaces/share/utility_interfaces/environment/pythonpath.sh
[0.503s] -- Up-to-date: /home/dvrk-team/dvrk_ctrl_ws/install/utility_interfaces/share/utility_interfaces/environment/pythonpath.dsv
[0.503s] -- Up-to-date: /home/dvrk-team/dvrk_ctrl_ws/install/utility_interfaces/lib/python3.12/site-packages/utility_interfaces-0.0.0-py3.12.egg-info
[0.503s] -- Installing: /home/dvrk-team/dvrk_ctrl_ws/install/utility_interfaces/lib/python3.12/site-packages/utility_interfaces-0.0.0-py3.12.egg-info/PKG-INFO
[0.503s] -- Installing: /home/dvrk-team/dvrk_ctrl_ws/install/utility_interfaces/lib/python3.12/site-packages/utility_interfaces-0.0.0-py3.12.egg-info/dependency_links.txt
[0.503s] -- Installing: /home/dvrk-team/dvrk_ctrl_ws/install/utility_interfaces/lib/python3.12/site-packages/utility_interfaces-0.0.0-py3.12.egg-info/SOURCES.txt
[0.503s] -- Installing: /home/dvrk-team/dvrk_ctrl_ws/install/utility_interfaces/lib/python3.12/site-packages/utility_interfaces-0.0.0-py3.12.egg-info/top_level.txt
[0.503s] -- Up-to-date: /home/dvrk-team/dvrk_ctrl_ws/install/utility_interfaces/lib/python3.12/site-packages/utility_interfaces
[0.503s] -- Up-to-date: /home/dvrk-team/dvrk_ctrl_ws/install/utility_interfaces/lib/python3.12/site-packages/utility_interfaces/utility_interfaces_s__rosidl_typesupport_introspection_c.so
[0.503s] -- Up-to-date: /home/dvrk-team/dvrk_ctrl_ws/install/utility_interfaces/lib/python3.12/site-packages/utility_interfaces/utility_interfaces_s__rosidl_typesupport_fastrtps_c.so
[0.503s] -- Up-to-date: /home/dvrk-team/dvrk_ctrl_ws/install/utility_interfaces/lib/python3.12/site-packages/utility_interfaces/_utility_interfaces_s.ep.rosidl_typesupport_c.c
[0.503s] -- Up-to-date: /home/dvrk-team/dvrk_ctrl_ws/install/utility_interfaces/lib/python3.12/site-packages/utility_interfaces/_utility_interfaces_s.ep.rosidl_typesupport_introspection_c.c
[0.503s] -- Up-to-date: /home/dvrk-team/dvrk_ctrl_ws/install/utility_interfaces/lib/python3.12/site-packages/utility_interfaces/srv
[0.504s] -- Up-to-date: /home/dvrk-team/dvrk_ctrl_ws/install/utility_interfaces/lib/python3.12/site-packages/utility_interfaces/srv/_get_object_pose.py
[0.504s] -- Up-to-date: /home/dvrk-team/dvrk_ctrl_ws/install/utility_interfaces/lib/python3.12/site-packages/utility_interfaces/srv/__init__.py
[0.504s] -- Up-to-date: /home/dvrk-team/dvrk_ctrl_ws/install/utility_interfaces/lib/python3.12/site-packages/utility_interfaces/srv/_get_object_pose_s.c
[0.504s] -- Up-to-date: /home/dvrk-team/dvrk_ctrl_ws/install/utility_interfaces/lib/python3.12/site-packages/utility_interfaces/utility_interfaces_s__rosidl_typesupport_c.so
[0.504s] -- Up-to-date: /home/dvrk-team/dvrk_ctrl_ws/install/utility_interfaces/lib/python3.12/site-packages/utility_interfaces/__init__.py
[0.504s] -- Up-to-date: /home/dvrk-team/dvrk_ctrl_ws/install/utility_interfaces/lib/python3.12/site-packages/utility_interfaces/_utility_interfaces_s.ep.rosidl_typesupport_fastrtps_c.c
[0.523s] Listing '/home/dvrk-team/dvrk_ctrl_ws/install/utility_interfaces/lib/python3.12/site-packages/utility_interfaces'...
[0.523s] Listing '/home/dvrk-team/dvrk_ctrl_ws/install/utility_interfaces/lib/python3.12/site-packages/utility_interfaces/srv'...
[0.527s] -- Up-to-date: /home/dvrk-team/dvrk_ctrl_ws/install/utility_interfaces/lib/python3.12/site-packages/utility_interfaces/utility_interfaces_s__rosidl_typesupport_fastrtps_c.so
[0.527s] -- Up-to-date: /home/dvrk-team/dvrk_ctrl_ws/install/utility_interfaces/lib/python3.12/site-packages/utility_interfaces/utility_interfaces_s__rosidl_typesupport_introspection_c.so
[0.527s] -- Up-to-date: /home/dvrk-team/dvrk_ctrl_ws/install/utility_interfaces/lib/python3.12/site-packages/utility_interfaces/utility_interfaces_s__rosidl_typesupport_c.so
[0.527s] -- Up-to-date: /home/dvrk-team/dvrk_ctrl_ws/install/utility_interfaces/lib/libutility_interfaces__rosidl_generator_py.so
[0.527s] -- Up-to-date: /home/dvrk-team/dvrk_ctrl_ws/install/utility_interfaces/share/ament_index/resource_index/rust_packages/utility_interfaces
[0.527s] -- Up-to-date: /home/dvrk-team/dvrk_ctrl_ws/install/utility_interfaces/share/utility_interfaces/rust
[0.527s] -- Up-to-date: /home/dvrk-team/dvrk_ctrl_ws/install/utility_interfaces/share/utility_interfaces/rust/build.rs
[0.527s] -- Up-to-date: /home/dvrk-team/dvrk_ctrl_ws/install/utility_interfaces/share/utility_interfaces/rust/src
[0.527s] -- Up-to-date: /home/dvrk-team/dvrk_ctrl_ws/install/utility_interfaces/share/utility_interfaces/rust/src/lib.rs
[0.527s] -- Up-to-date: /home/dvrk-team/dvrk_ctrl_ws/install/utility_interfaces/share/utility_interfaces/rust/src/srv.rs
[0.527s] -- Up-to-date: /home/dvrk-team/dvrk_ctrl_ws/install/utility_interfaces/share/utility_interfaces/rust/src/srv
[0.528s] -- Up-to-date: /home/dvrk-team/dvrk_ctrl_ws/install/utility_interfaces/share/utility_interfaces/rust/src/srv/rmw.rs
[0.528s] -- Up-to-date: /home/dvrk-team/dvrk_ctrl_ws/install/utility_interfaces/share/utility_interfaces/rust/Cargo.toml
[0.528s] -- Up-to-date: /home/dvrk-team/dvrk_ctrl_ws/install/utility_interfaces/share/utility_interfaces/srv/GetObjectPose.idl
[0.528s] -- Up-to-date: /home/dvrk-team/dvrk_ctrl_ws/install/utility_interfaces/share/utility_interfaces/srv/GetObjectPose.srv
[0.528s] -- Up-to-date: /home/dvrk-team/dvrk_ctrl_ws/install/utility_interfaces/share/ament_index/resource_index/package_run_dependencies/utility_interfaces
[0.528s] -- Up-to-date: /home/dvrk-team/dvrk_ctrl_ws/install/utility_interfaces/share/ament_index/resource_index/parent_prefix_path/utility_interfaces
[0.528s] -- Up-to-date: /home/dvrk-team/dvrk_ctrl_ws/install/utility_interfaces/share/utility_interfaces/environment/ament_prefix_path.sh
[0.528s] -- Up-to-date: /home/dvrk-team/dvrk_ctrl_ws/install/utility_interfaces/share/utility_interfaces/environment/ament_prefix_path.dsv
[0.528s] -- Up-to-date: /home/dvrk-team/dvrk_ctrl_ws/install/utility_interfaces/share/utility_interfaces/environment/path.sh
[0.528s] -- Up-to-date: /home/dvrk-team/dvrk_ctrl_ws/install/utility_interfaces/share/utility_interfaces/environment/path.dsv
[0.528s] -- Up-to-date: /home/dvrk-team/dvrk_ctrl_ws/install/utility_interfaces/share/utility_interfaces/local_setup.bash
[0.528s] -- Up-to-date: /home/dvrk-team/dvrk_ctrl_ws/install/utility_interfaces/share/utility_interfaces/local_setup.sh
[0.528s] -- Up-to-date: /home/dvrk-team/dvrk_ctrl_ws/install/utility_interfaces/share/utility_interfaces/local_setup.zsh
[0.528s] -- Up-to-date: /home/dvrk-team/dvrk_ctrl_ws/install/utility_interfaces/share/utility_interfaces/local_setup.dsv
[0.529s] -- Installing: /home/dvrk-team/dvrk_ctrl_ws/install/utility_interfaces/share/utility_interfaces/package.dsv
[0.529s] -- Up-to-date: /home/dvrk-team/dvrk_ctrl_ws/install/utility_interfaces/share/ament_index/resource_index/packages/utility_interfaces
[0.529s] -- Up-to-date: /home/dvrk-team/dvrk_ctrl_ws/install/utility_interfaces/share/utility_interfaces/cmake/export_utility_interfaces__rosidl_generator_cExport.cmake
[0.529s] -- Up-to-date: /home/dvrk-team/dvrk_ctrl_ws/install/utility_interfaces/share/utility_interfaces/cmake/export_utility_interfaces__rosidl_generator_cExport-noconfig.cmake
[0.529s] -- Up-to-date: /home/dvrk-team/dvrk_ctrl_ws/install/utility_interfaces/share/utility_interfaces/cmake/export_utility_interfaces__rosidl_typesupport_fastrtps_cExport.cmake
[0.529s] -- Up-to-date: /home/dvrk-team/dvrk_ctrl_ws/install/utility_interfaces/share/utility_interfaces/cmake/export_utility_interfaces__rosidl_typesupport_fastrtps_cExport-noconfig.cmake
[0.529s] -- Up-to-date: /home/dvrk-team/dvrk_ctrl_ws/install/utility_interfaces/share/utility_interfaces/cmake/export_utility_interfaces__rosidl_generator_cppExport.cmake
[0.529s] -- Up-to-date: /home/dvrk-team/dvrk_ctrl_ws/install/utility_interfaces/share/utility_interfaces/cmake/export_utility_interfaces__rosidl_typesupport_fastrtps_cppExport.cmake
[0.529s] -- Up-to-date: /home/dvrk-team/dvrk_ctrl_ws/install/utility_interfaces/share/utility_interfaces/cmake/export_utility_interfaces__rosidl_typesupport_fastrtps_cppExport-noconfig.cmake
[0.529s] -- Up-to-date: /home/dvrk-team/dvrk_ctrl_ws/install/utility_interfaces/share/utility_interfaces/cmake/utility_interfaces__rosidl_typesupport_introspection_cExport.cmake
[0.529s] -- Up-to-date: /home/dvrk-team/dvrk_ctrl_ws/install/utility_interfaces/share/utility_interfaces/cmake/utility_interfaces__rosidl_typesupport_introspection_cExport-noconfig.cmake
[0.529s] -- Up-to-date: /home/dvrk-team/dvrk_ctrl_ws/install/utility_interfaces/share/utility_interfaces/cmake/utility_interfaces__rosidl_typesupport_cExport.cmake
[0.529s] -- Up-to-date: /home/dvrk-team/dvrk_ctrl_ws/install/utility_interfaces/share/utility_interfaces/cmake/utility_interfaces__rosidl_typesupport_cExport-noconfig.cmake
[0.529s] -- Up-to-date: /home/dvrk-team/dvrk_ctrl_ws/install/utility_interfaces/share/utility_interfaces/cmake/utility_interfaces__rosidl_typesupport_introspection_cppExport.cmake
[0.529s] -- Up-to-date: /home/dvrk-team/dvrk_ctrl_ws/install/utility_interfaces/share/utility_interfaces/cmake/utility_interfaces__rosidl_typesupport_introspection_cppExport-noconfig.cmake
[0.529s] -- Up-to-date: /home/dvrk-team/dvrk_ctrl_ws/install/utility_interfaces/share/utility_interfaces/cmake/utility_interfaces__rosidl_typesupport_cppExport.cmake
[0.529s] -- Up-to-date: /home/dvrk-team/dvrk_ctrl_ws/install/utility_interfaces/share/utility_interfaces/cmake/utility_interfaces__rosidl_typesupport_cppExport-noconfig.cmake
[0.530s] -- Up-to-date: /home/dvrk-team/dvrk_ctrl_ws/install/utility_interfaces/share/utility_interfaces/cmake/export_utility_interfaces__rosidl_generator_pyExport.cmake
[0.530s] -- Up-to-date: /home/dvrk-team/dvrk_ctrl_ws/install/utility_interfaces/share/utility_interfaces/cmake/export_utility_interfaces__rosidl_generator_pyExport-noconfig.cmake
[0.530s] -- Up-to-date: /home/dvrk-team/dvrk_ctrl_ws/install/utility_interfaces/share/utility_interfaces/cmake/rosidl_cmake-extras.cmake
[0.530s] -- Up-to-date: /home/dvrk-team/dvrk_ctrl_ws/install/utility_interfaces/share/utility_interfaces/cmake/ament_cmake_export_dependencies-extras.cmake
[0.530s] -- Up-to-date: /home/dvrk-team/dvrk_ctrl_ws/install/utility_interfaces/share/utility_interfaces/cmake/ament_cmake_export_include_directories-extras.cmake
[0.530s] -- Up-to-date: /home/dvrk-team/dvrk_ctrl_ws/install/utility_interfaces/share/utility_interfaces/cmake/ament_cmake_export_libraries-extras.cmake
[0.530s] -- Up-to-date: /home/dvrk-team/dvrk_ctrl_ws/install/utility_interfaces/share/utility_interfaces/cmake/ament_cmake_export_targets-extras.cmake
[0.530s] -- Up-to-date: /home/dvrk-team/dvrk_ctrl_ws/install/utility_interfaces/share/utility_interfaces/cmake/rosidl_cmake_export_typesupport_targets-extras.cmake
[0.531s] -- Up-to-date: /home/dvrk-team/dvrk_ctrl_ws/install/utility_interfaces/share/utility_interfaces/cmake/rosidl_cmake_export_typesupport_libraries-extras.cmake
[0.531s] -- Up-to-date: /home/dvrk-team/dvrk_ctrl_ws/install/utility_interfaces/share/utility_interfaces/cmake/rosidl_cmake_aggregate_target-extras.cmake
[0.531s] -- Up-to-date: /home/dvrk-team/dvrk_ctrl_ws/install/utility_interfaces/share/utility_interfaces/cmake/utility_interfacesConfig.cmake
[0.531s] -- Up-to-date: /home/dvrk-team/dvrk_ctrl_ws/install/utility_interfaces/share/utility_interfaces/cmake/utility_interfacesConfig-version.cmake
[0.531s] -- Up-to-date: /home/dvrk-team/dvrk_ctrl_ws/install/utility_interfaces/share/utility_interfaces/package.xml
[0.531s] Invoked command in '/home/dvrk-team/dvrk_ctrl_ws/build/utility_interfaces' returned '0': CMAKE_PREFIX_PATH=${CMAKE_PREFIX_PATH}:/home/dvrk-team/dvrk_ctrl_ws/install/utility_interface:/home/dvrk-team/dvrk_ctrl_ws/install/utilities:/home/dvrk-team/dvrk_ctrl_ws/install/peg_transfer:/home/dvrk-team/dvrk_ctrl_ws/install/peg_control:/home/dvrk-team/dvrk_ctrl_ws/install/dvrk_peg_transfer:/opt/ros/jazzy DEBUGINFOD_URLS=https://debuginfod.ubuntu.com /usr/bin/cmake --install /home/dvrk-team/dvrk_ctrl_ws/build/utility_interfaces
