[0.114s] Invoking command in '/home/dvrk-team/dvrk_ctrl_ws/build/peg_transfer_interfaces': CMAKE_PREFIX_PATH=/home/dvrk-team/ros2_ws/install/dvrk_robot:/home/dvrk-team/ros2_ws/install/saw_robot_io_1394_ros:/home/dvrk-team/ros2_ws/install/saw_intuitive_research_kit_example_psm_derived:/home/dvrk-team/ros2_ws/install/saw_intuitive_research_kit_example_bilateral_teleop:/home/dvrk-team/ros2_ws/install/saw_controllers_ros:/home/dvrk-team/ros2_ws/install/sawIntuitiveResearchKitCore:/home/dvrk-team/ros2_ws/install/sawTextToSpeechAll:/home/dvrk-team/ros2_ws/install/sawRobotIO1394Core:/home/dvrk-team/ros2_ws/install/sawControllersCore:/home/dvrk-team/ros2_ws/install/sawKeyboardAll:/home/dvrk-team/ros2_ws/install/dvrk_python:/home/dvrk-team/ros2_ws/install/dvrk_display:/home/dvrk-team/ros2_ws/install/dvrk_camera_registration:/home/dvrk-team/ros2_ws/install/data_collection:/home/dvrk-team/ros2_ws/install/crtk_python_client:/home/dvrk-team/ros2_ws/install/peg_transfer_interfaces:/home/dvrk-team/ros2_ws/install/dvrk_video:/home/dvrk-team/dvrk_ctrl_ws/install/peg_transfer:/home/dvrk-team/dvrk_ctrl_ws/install/dvrk_peg_transfer:/home/dvrk-team/ros2_ws/install/dvrk_mtm_gc:/home/dvrk-team/ros2_ws/install/peg_transfer:/opt/ros/jazzy:/home/dvrk-team/ros2_ws/install/dvrk_model:/home/dvrk-team/ros2_ws/install/dvrk_hrsv_widget:/home/dvrk-team/ros2_ws/install/dvrk_config_jhu:/home/dvrk-team/ros2_ws/install/dvrk_config:/home/dvrk-team/ros2_ws/install/dvrk_arms_from_ros:/home/dvrk-team/ros2_ws/install/cisst_ros_crtk:/home/dvrk-team/ros2_ws/install/crtk_msgs:/home/dvrk-team/ros2_ws/install/cisst_ros_bridge:/home/dvrk-team/ros2_ws/install/cisst_msgs:/home/dvrk-team/ros2_ws/install/cisst:/home/dvrk-team/ros2_ws/install/cisstNetlib:/home/dvrk-team/ros_ambf_ws/install/ambf_client:/home/dvrk-team/ros_ambf_ws/install/tf_function:/home/dvrk-team/ros_ambf_ws/install/ros_comm_plugin:/home/dvrk-team/ros_ambf_ws/install/ambf_server:/home/dvrk-team/ros_ambf_ws/install/ambf_msgs:/opt/ros/jazzy/opt/gz_math_vendor:/opt/ros/jazzy/opt/gz_utils_vendor:/opt/ros/jazzy/opt/gz_cmake_vendor DEBUGINFOD_URLS=https://debuginfod.ubuntu.com /usr/bin/cmake /home/dvrk-team/dvrk_ctrl_ws/src/peg_transfer_interfaces -DCMAKE_INSTALL_PREFIX=/home/dvrk-team/dvrk_ctrl_ws/install/peg_transfer_interfaces
[0.156s] -- The C compiler identification is GNU 13.3.0
[0.190s] -- The CXX compiler identification is GNU 13.3.0
[0.202s] -- Detecting C compiler ABI info
[0.266s] -- Detecting C compiler ABI info - done
[0.273s] -- Check for working C compiler: /usr/bin/cc - skipped
[0.274s] -- Detecting C compile features
[0.274s] -- Detecting C compile features - done
[0.282s] -- Detecting CXX compiler ABI info
[0.354s] -- Detecting CXX compiler ABI info - done
[0.360s] -- Check for working CXX compiler: /usr/bin/c++ - skipped
[0.360s] -- Detecting CXX compile features
[0.360s] -- Detecting CXX compile features - done
[0.362s] -- Found ament_cmake: 2.5.6 (/opt/ros/jazzy/share/ament_cmake/cmake)
[0.475s] -- Found Python3: /usr/bin/python3 (found version "3.12.3") found components: Interpreter 
[0.556s] -- Found ament_lint_auto: 0.17.5 (/opt/ros/jazzy/share/ament_lint_auto/cmake)
[0.620s] -- Found geometry_msgs: 5.3.8 (/opt/ros/jazzy/share/geometry_msgs/cmake)
[0.648s] -- Found rosidl_generator_c: 4.6.9 (/opt/ros/jazzy/share/rosidl_generator_c/cmake)
[0.657s] -- Found rosidl_generator_cpp: 4.6.9 (/opt/ros/jazzy/share/rosidl_generator_cpp/cmake)
[0.668s] -- Using all available rosidl_typesupport_c: rosidl_typesupport_fastrtps_c;rosidl_typesupport_introspection_c
[0.680s] -- Using all available rosidl_typesupport_cpp: rosidl_typesupport_fastrtps_cpp;rosidl_typesupport_introspection_cpp
[0.706s] -- Found rosidl_default_generators: 1.6.1 (/opt/ros/jazzy/share/rosidl_default_generators/cmake)
[0.716s] -- Found rosidl_adapter: 4.6.9 (/opt/ros/jazzy/share/rosidl_adapter/cmake)
[1.099s] -- Found ament_cmake_ros: 0.12.1 (/opt/ros/jazzy/share/ament_cmake_ros/cmake)
[1.678s] -- Using all available rosidl_typesupport_c: rosidl_typesupport_fastrtps_c;rosidl_typesupport_introspection_c
[1.906s] -- Using all available rosidl_typesupport_cpp: rosidl_typesupport_fastrtps_cpp;rosidl_typesupport_introspection_cpp
[1.908s] -- Found python_cmake_module: 0.11.1 (/opt/ros/jazzy/share/python_cmake_module/cmake)
[1.996s] -- Found PythonExtra: /usr/bin/python3  
[2.279s] -- Found Python3: /usr/bin/python3 (found version "3.12.3") found components: Interpreter Development NumPy Development.Module Development.Embed 
[2.353s] -- Found Python3: /usr/bin/python3 (found version "3.12.3") found components: Interpreter 
[2.357s] -- Added test 'lint_cmake' to check CMake code style
[2.358s] -- Added test 'xmllint' to check XML markup files
[2.361s] -- Configuring done (2.2s)
[2.382s] -- Generating done (0.0s)
[2.389s] -- Build files have been written to: /home/dvrk-team/dvrk_ctrl_ws/build/peg_transfer_interfaces
[2.396s] Invoked command in '/home/dvrk-team/dvrk_ctrl_ws/build/peg_transfer_interfaces' returned '0': CMAKE_PREFIX_PATH=/home/dvrk-team/ros2_ws/install/dvrk_robot:/home/dvrk-team/ros2_ws/install/saw_robot_io_1394_ros:/home/dvrk-team/ros2_ws/install/saw_intuitive_research_kit_example_psm_derived:/home/dvrk-team/ros2_ws/install/saw_intuitive_research_kit_example_bilateral_teleop:/home/dvrk-team/ros2_ws/install/saw_controllers_ros:/home/dvrk-team/ros2_ws/install/sawIntuitiveResearchKitCore:/home/dvrk-team/ros2_ws/install/sawTextToSpeechAll:/home/dvrk-team/ros2_ws/install/sawRobotIO1394Core:/home/dvrk-team/ros2_ws/install/sawControllersCore:/home/dvrk-team/ros2_ws/install/sawKeyboardAll:/home/dvrk-team/ros2_ws/install/dvrk_python:/home/dvrk-team/ros2_ws/install/dvrk_display:/home/dvrk-team/ros2_ws/install/dvrk_camera_registration:/home/dvrk-team/ros2_ws/install/data_collection:/home/dvrk-team/ros2_ws/install/crtk_python_client:/home/dvrk-team/ros2_ws/install/peg_transfer_interfaces:/home/dvrk-team/ros2_ws/install/dvrk_video:/home/dvrk-team/dvrk_ctrl_ws/install/peg_transfer:/home/dvrk-team/dvrk_ctrl_ws/install/dvrk_peg_transfer:/home/dvrk-team/ros2_ws/install/dvrk_mtm_gc:/home/dvrk-team/ros2_ws/install/peg_transfer:/opt/ros/jazzy:/home/dvrk-team/ros2_ws/install/dvrk_model:/home/dvrk-team/ros2_ws/install/dvrk_hrsv_widget:/home/dvrk-team/ros2_ws/install/dvrk_config_jhu:/home/dvrk-team/ros2_ws/install/dvrk_config:/home/dvrk-team/ros2_ws/install/dvrk_arms_from_ros:/home/dvrk-team/ros2_ws/install/cisst_ros_crtk:/home/dvrk-team/ros2_ws/install/crtk_msgs:/home/dvrk-team/ros2_ws/install/cisst_ros_bridge:/home/dvrk-team/ros2_ws/install/cisst_msgs:/home/dvrk-team/ros2_ws/install/cisst:/home/dvrk-team/ros2_ws/install/cisstNetlib:/home/dvrk-team/ros_ambf_ws/install/ambf_client:/home/dvrk-team/ros_ambf_ws/install/tf_function:/home/dvrk-team/ros_ambf_ws/install/ros_comm_plugin:/home/dvrk-team/ros_ambf_ws/install/ambf_server:/home/dvrk-team/ros_ambf_ws/install/ambf_msgs:/opt/ros/jazzy/opt/gz_math_vendor:/opt/ros/jazzy/opt/gz_utils_vendor:/opt/ros/jazzy/opt/gz_cmake_vendor DEBUGINFOD_URLS=https://debuginfod.ubuntu.com /usr/bin/cmake /home/dvrk-team/dvrk_ctrl_ws/src/peg_transfer_interfaces -DCMAKE_INSTALL_PREFIX=/home/dvrk-team/dvrk_ctrl_ws/install/peg_transfer_interfaces
[2.398s] Invoking command in '/home/dvrk-team/dvrk_ctrl_ws/build/peg_transfer_interfaces': CMAKE_PREFIX_PATH=/home/dvrk-team/ros2_ws/install/dvrk_robot:/home/dvrk-team/ros2_ws/install/saw_robot_io_1394_ros:/home/dvrk-team/ros2_ws/install/saw_intuitive_research_kit_example_psm_derived:/home/dvrk-team/ros2_ws/install/saw_intuitive_research_kit_example_bilateral_teleop:/home/dvrk-team/ros2_ws/install/saw_controllers_ros:/home/dvrk-team/ros2_ws/install/sawIntuitiveResearchKitCore:/home/dvrk-team/ros2_ws/install/sawTextToSpeechAll:/home/dvrk-team/ros2_ws/install/sawRobotIO1394Core:/home/dvrk-team/ros2_ws/install/sawControllersCore:/home/dvrk-team/ros2_ws/install/sawKeyboardAll:/home/dvrk-team/ros2_ws/install/dvrk_python:/home/dvrk-team/ros2_ws/install/dvrk_display:/home/dvrk-team/ros2_ws/install/dvrk_camera_registration:/home/dvrk-team/ros2_ws/install/data_collection:/home/dvrk-team/ros2_ws/install/crtk_python_client:/home/dvrk-team/ros2_ws/install/peg_transfer_interfaces:/home/dvrk-team/ros2_ws/install/dvrk_video:/home/dvrk-team/dvrk_ctrl_ws/install/peg_transfer:/home/dvrk-team/dvrk_ctrl_ws/install/dvrk_peg_transfer:/home/dvrk-team/ros2_ws/install/dvrk_mtm_gc:/home/dvrk-team/ros2_ws/install/peg_transfer:/opt/ros/jazzy:/home/dvrk-team/ros2_ws/install/dvrk_model:/home/dvrk-team/ros2_ws/install/dvrk_hrsv_widget:/home/dvrk-team/ros2_ws/install/dvrk_config_jhu:/home/dvrk-team/ros2_ws/install/dvrk_config:/home/dvrk-team/ros2_ws/install/dvrk_arms_from_ros:/home/dvrk-team/ros2_ws/install/cisst_ros_crtk:/home/dvrk-team/ros2_ws/install/crtk_msgs:/home/dvrk-team/ros2_ws/install/cisst_ros_bridge:/home/dvrk-team/ros2_ws/install/cisst_msgs:/home/dvrk-team/ros2_ws/install/cisst:/home/dvrk-team/ros2_ws/install/cisstNetlib:/home/dvrk-team/ros_ambf_ws/install/ambf_client:/home/dvrk-team/ros_ambf_ws/install/tf_function:/home/dvrk-team/ros_ambf_ws/install/ros_comm_plugin:/home/dvrk-team/ros_ambf_ws/install/ambf_server:/home/dvrk-team/ros_ambf_ws/install/ambf_msgs:/opt/ros/jazzy/opt/gz_math_vendor:/opt/ros/jazzy/opt/gz_utils_vendor:/opt/ros/jazzy/opt/gz_cmake_vendor DEBUGINFOD_URLS=https://debuginfod.ubuntu.com /usr/bin/cmake --build /home/dvrk-team/dvrk_ctrl_ws/build/peg_transfer_interfaces -- -j24 -l24
[2.434s] [  2%] [34m[1mGenerating type hashes for ROS interfaces[0m
[2.438s] [  5%] [34m[1mGenerating Rust code for ROS interfaces[0m
[2.442s] [  5%] Built target ament_cmake_python_copy_peg_transfer_interfaces
[2.531s] [  5%] Built target peg_transfer_interfaces__rosidl_generator_type_description
[2.539s] [  8%] [34m[1mGenerating C code for ROS interfaces[0m
[2.546s] [ 11%] [34m[1mGenerating C++ code for ROS interfaces[0m
[2.549s] running egg_info
[2.550s] creating peg_transfer_interfaces.egg-info
[2.550s] [ 11%] Built target peg_transfer_interfaces__rs
[2.557s] writing peg_transfer_interfaces.egg-info/PKG-INFO
[2.557s] writing dependency_links to peg_transfer_interfaces.egg-info/dependency_links.txt
[2.557s] writing top-level names to peg_transfer_interfaces.egg-info/top_level.txt
[2.557s] writing manifest file 'peg_transfer_interfaces.egg-info/SOURCES.txt'
[2.578s] reading manifest file 'peg_transfer_interfaces.egg-info/SOURCES.txt'
[2.578s] writing manifest file 'peg_transfer_interfaces.egg-info/SOURCES.txt'
[2.594s] [ 11%] Built target ament_cmake_python_build_peg_transfer_interfaces_egg
[2.678s] [ 11%] Built target peg_transfer_interfaces__cpp
[2.683s] [ 14%] [32mBuilding C object CMakeFiles/peg_transfer_interfaces__rosidl_generator_c.dir/rosidl_generator_c/peg_transfer_interfaces/srv/detail/get_object_pose__description.c.o[0m
[2.683s] [ 17%] [32mBuilding C object CMakeFiles/peg_transfer_interfaces__rosidl_generator_c.dir/rosidl_generator_c/peg_transfer_interfaces/srv/detail/get_object_pose__functions.c.o[0m
[2.685s] [ 20%] [32mBuilding C object CMakeFiles/peg_transfer_interfaces__rosidl_generator_c.dir/rosidl_generator_c/peg_transfer_interfaces/srv/detail/get_object_pose__type_support.c.o[0m
[2.726s] [ 22%] [32m[1mLinking C shared library libpeg_transfer_interfaces__rosidl_generator_c.so[0m
[2.754s] [ 22%] Built target peg_transfer_interfaces__rosidl_generator_c
[2.761s] [ 25%] [34m[1mGenerating C++ type support for eProsima Fast-RTPS[0m
[2.761s] [ 31%] [34m[1mGenerating C++ type support dispatch for ROS interfaces[0m
[2.761s] [ 31%] [34m[1mGenerating C++ introspection for ROS interfaces[0m
[2.762s] [ 37%] [34m[1mGenerating C introspection for ROS interfaces[0m
[2.762s] [ 37%] [34m[1mGenerating C type support for eProsima Fast-RTPS[0m
[2.762s] [ 40%] [34m[1mGenerating C type support dispatch for ROS interfaces[0m
[2.888s] [ 42%] [32mBuilding C object CMakeFiles/peg_transfer_interfaces__rosidl_typesupport_introspection_c.dir/rosidl_typesupport_introspection_c/peg_transfer_interfaces/srv/detail/get_object_pose__type_support.c.o[0m
[2.892s] [ 45%] [32mBuilding CXX object CMakeFiles/peg_transfer_interfaces__rosidl_typesupport_c.dir/rosidl_typesupport_c/peg_transfer_interfaces/srv/get_object_pose__type_support.cpp.o[0m
[2.893s] [ 48%] [32mBuilding CXX object CMakeFiles/peg_transfer_interfaces__rosidl_typesupport_cpp.dir/rosidl_typesupport_cpp/peg_transfer_interfaces/srv/get_object_pose__type_support.cpp.o[0m
[2.904s] [ 51%] [32mBuilding CXX object CMakeFiles/peg_transfer_interfaces__rosidl_typesupport_introspection_cpp.dir/rosidl_typesupport_introspection_cpp/peg_transfer_interfaces/srv/detail/get_object_pose__type_support.cpp.o[0m
[2.910s] [ 54%] [32mBuilding CXX object CMakeFiles/peg_transfer_interfaces__rosidl_typesupport_fastrtps_cpp.dir/rosidl_typesupport_fastrtps_cpp/peg_transfer_interfaces/srv/detail/dds_fastrtps/get_object_pose__type_support.cpp.o[0m
[2.912s] [ 57%] [32mBuilding CXX object CMakeFiles/peg_transfer_interfaces__rosidl_typesupport_fastrtps_c.dir/rosidl_typesupport_fastrtps_c/peg_transfer_interfaces/srv/detail/get_object_pose__type_support_c.cpp.o[0m
[2.923s] [ 60%] [32m[1mLinking C shared library libpeg_transfer_interfaces__rosidl_typesupport_introspection_c.so[0m
[2.925s] [ 62%] [32m[1mLinking CXX shared library libpeg_transfer_interfaces__rosidl_typesupport_c.so[0m
[2.945s] [ 62%] Built target peg_transfer_interfaces__rosidl_typesupport_introspection_c
[2.950s] [ 62%] Built target peg_transfer_interfaces__rosidl_typesupport_c
[3.069s] [ 65%] [32m[1mLinking CXX shared library libpeg_transfer_interfaces__rosidl_typesupport_cpp.so[0m
[3.090s] [ 68%] [32m[1mLinking CXX shared library libpeg_transfer_interfaces__rosidl_typesupport_introspection_cpp.so[0m
[3.117s] [ 68%] Built target peg_transfer_interfaces__rosidl_typesupport_cpp
[3.129s] [ 71%] [32m[1mLinking CXX shared library libpeg_transfer_interfaces__rosidl_typesupport_fastrtps_c.so[0m
[3.138s] [ 71%] Built target peg_transfer_interfaces__rosidl_typesupport_introspection_cpp
[3.174s] [ 71%] Built target peg_transfer_interfaces__rosidl_typesupport_fastrtps_c
[3.183s] [ 74%] [32m[1mLinking CXX shared library libpeg_transfer_interfaces__rosidl_typesupport_fastrtps_cpp.so[0m
[3.237s] [ 74%] Built target peg_transfer_interfaces__rosidl_typesupport_fastrtps_cpp
[3.252s] [ 74%] Built target peg_transfer_interfaces
[3.269s] [ 77%] [34m[1mGenerating Python code for ROS interfaces[0m
[3.426s] [ 77%] Built target peg_transfer_interfaces__py
[3.440s] [ 80%] [32mBuilding C object CMakeFiles/peg_transfer_interfaces__rosidl_generator_py.dir/rosidl_generator_py/peg_transfer_interfaces/srv/_get_object_pose_s.c.o[0m
[3.515s] [ 82%] [32m[1mLinking C shared library libpeg_transfer_interfaces__rosidl_generator_py.so[0m
[3.548s] [ 82%] Built target peg_transfer_interfaces__rosidl_generator_py
[3.563s] [ 85%] [32mBuilding C object CMakeFiles/peg_transfer_interfaces_s__rosidl_typesupport_c.dir/rosidl_generator_py/peg_transfer_interfaces/_peg_transfer_interfaces_s.ep.rosidl_typesupport_c.c.o[0m
[3.566s] [ 88%] [32mBuilding C object CMakeFiles/peg_transfer_interfaces_s__rosidl_typesupport_introspection_c.dir/rosidl_generator_py/peg_transfer_interfaces/_peg_transfer_interfaces_s.ep.rosidl_typesupport_introspection_c.c.o[0m
[3.567s] [ 91%] [32mBuilding C object CMakeFiles/peg_transfer_interfaces_s__rosidl_typesupport_fastrtps_c.dir/rosidl_generator_py/peg_transfer_interfaces/_peg_transfer_interfaces_s.ep.rosidl_typesupport_fastrtps_c.c.o[0m
[3.626s] [ 97%] [32m[1mLinking C shared module rosidl_generator_py/peg_transfer_interfaces/peg_transfer_interfaces_s__rosidl_typesupport_c.so[0m
[3.626s] [ 97%] [32m[1mLinking C shared module rosidl_generator_py/peg_transfer_interfaces/peg_transfer_interfaces_s__rosidl_typesupport_fastrtps_c.so[0m
[3.627s] [100%] [32m[1mLinking C shared module rosidl_generator_py/peg_transfer_interfaces/peg_transfer_interfaces_s__rosidl_typesupport_introspection_c.so[0m
[3.647s] [100%] Built target peg_transfer_interfaces_s__rosidl_typesupport_c
[3.647s] [100%] Built target peg_transfer_interfaces_s__rosidl_typesupport_introspection_c
[3.647s] [100%] Built target peg_transfer_interfaces_s__rosidl_typesupport_fastrtps_c
[3.655s] Invoked command in '/home/dvrk-team/dvrk_ctrl_ws/build/peg_transfer_interfaces' returned '0': CMAKE_PREFIX_PATH=/home/dvrk-team/ros2_ws/install/dvrk_robot:/home/dvrk-team/ros2_ws/install/saw_robot_io_1394_ros:/home/dvrk-team/ros2_ws/install/saw_intuitive_research_kit_example_psm_derived:/home/dvrk-team/ros2_ws/install/saw_intuitive_research_kit_example_bilateral_teleop:/home/dvrk-team/ros2_ws/install/saw_controllers_ros:/home/dvrk-team/ros2_ws/install/sawIntuitiveResearchKitCore:/home/dvrk-team/ros2_ws/install/sawTextToSpeechAll:/home/dvrk-team/ros2_ws/install/sawRobotIO1394Core:/home/dvrk-team/ros2_ws/install/sawControllersCore:/home/dvrk-team/ros2_ws/install/sawKeyboardAll:/home/dvrk-team/ros2_ws/install/dvrk_python:/home/dvrk-team/ros2_ws/install/dvrk_display:/home/dvrk-team/ros2_ws/install/dvrk_camera_registration:/home/dvrk-team/ros2_ws/install/data_collection:/home/dvrk-team/ros2_ws/install/crtk_python_client:/home/dvrk-team/ros2_ws/install/peg_transfer_interfaces:/home/dvrk-team/ros2_ws/install/dvrk_video:/home/dvrk-team/dvrk_ctrl_ws/install/peg_transfer:/home/dvrk-team/dvrk_ctrl_ws/install/dvrk_peg_transfer:/home/dvrk-team/ros2_ws/install/dvrk_mtm_gc:/home/dvrk-team/ros2_ws/install/peg_transfer:/opt/ros/jazzy:/home/dvrk-team/ros2_ws/install/dvrk_model:/home/dvrk-team/ros2_ws/install/dvrk_hrsv_widget:/home/dvrk-team/ros2_ws/install/dvrk_config_jhu:/home/dvrk-team/ros2_ws/install/dvrk_config:/home/dvrk-team/ros2_ws/install/dvrk_arms_from_ros:/home/dvrk-team/ros2_ws/install/cisst_ros_crtk:/home/dvrk-team/ros2_ws/install/crtk_msgs:/home/dvrk-team/ros2_ws/install/cisst_ros_bridge:/home/dvrk-team/ros2_ws/install/cisst_msgs:/home/dvrk-team/ros2_ws/install/cisst:/home/dvrk-team/ros2_ws/install/cisstNetlib:/home/dvrk-team/ros_ambf_ws/install/ambf_client:/home/dvrk-team/ros_ambf_ws/install/tf_function:/home/dvrk-team/ros_ambf_ws/install/ros_comm_plugin:/home/dvrk-team/ros_ambf_ws/install/ambf_server:/home/dvrk-team/ros_ambf_ws/install/ambf_msgs:/opt/ros/jazzy/opt/gz_math_vendor:/opt/ros/jazzy/opt/gz_utils_vendor:/opt/ros/jazzy/opt/gz_cmake_vendor DEBUGINFOD_URLS=https://debuginfod.ubuntu.com /usr/bin/cmake --build /home/dvrk-team/dvrk_ctrl_ws/build/peg_transfer_interfaces -- -j24 -l24
[3.661s] Invoking command in '/home/dvrk-team/dvrk_ctrl_ws/build/peg_transfer_interfaces': CMAKE_PREFIX_PATH=/home/dvrk-team/ros2_ws/install/dvrk_robot:/home/dvrk-team/ros2_ws/install/saw_robot_io_1394_ros:/home/dvrk-team/ros2_ws/install/saw_intuitive_research_kit_example_psm_derived:/home/dvrk-team/ros2_ws/install/saw_intuitive_research_kit_example_bilateral_teleop:/home/dvrk-team/ros2_ws/install/saw_controllers_ros:/home/dvrk-team/ros2_ws/install/sawIntuitiveResearchKitCore:/home/dvrk-team/ros2_ws/install/sawTextToSpeechAll:/home/dvrk-team/ros2_ws/install/sawRobotIO1394Core:/home/dvrk-team/ros2_ws/install/sawControllersCore:/home/dvrk-team/ros2_ws/install/sawKeyboardAll:/home/dvrk-team/ros2_ws/install/dvrk_python:/home/dvrk-team/ros2_ws/install/dvrk_display:/home/dvrk-team/ros2_ws/install/dvrk_camera_registration:/home/dvrk-team/ros2_ws/install/data_collection:/home/dvrk-team/ros2_ws/install/crtk_python_client:/home/dvrk-team/ros2_ws/install/peg_transfer_interfaces:/home/dvrk-team/ros2_ws/install/dvrk_video:/home/dvrk-team/dvrk_ctrl_ws/install/peg_transfer:/home/dvrk-team/dvrk_ctrl_ws/install/dvrk_peg_transfer:/home/dvrk-team/ros2_ws/install/dvrk_mtm_gc:/home/dvrk-team/ros2_ws/install/peg_transfer:/opt/ros/jazzy:/home/dvrk-team/ros2_ws/install/dvrk_model:/home/dvrk-team/ros2_ws/install/dvrk_hrsv_widget:/home/dvrk-team/ros2_ws/install/dvrk_config_jhu:/home/dvrk-team/ros2_ws/install/dvrk_config:/home/dvrk-team/ros2_ws/install/dvrk_arms_from_ros:/home/dvrk-team/ros2_ws/install/cisst_ros_crtk:/home/dvrk-team/ros2_ws/install/crtk_msgs:/home/dvrk-team/ros2_ws/install/cisst_ros_bridge:/home/dvrk-team/ros2_ws/install/cisst_msgs:/home/dvrk-team/ros2_ws/install/cisst:/home/dvrk-team/ros2_ws/install/cisstNetlib:/home/dvrk-team/ros_ambf_ws/install/ambf_client:/home/dvrk-team/ros_ambf_ws/install/tf_function:/home/dvrk-team/ros_ambf_ws/install/ros_comm_plugin:/home/dvrk-team/ros_ambf_ws/install/ambf_server:/home/dvrk-team/ros_ambf_ws/install/ambf_msgs:/opt/ros/jazzy/opt/gz_math_vendor:/opt/ros/jazzy/opt/gz_utils_vendor:/opt/ros/jazzy/opt/gz_cmake_vendor DEBUGINFOD_URLS=https://debuginfod.ubuntu.com /usr/bin/cmake --install /home/dvrk-team/dvrk_ctrl_ws/build/peg_transfer_interfaces
[3.668s] -- Install configuration: ""
[3.668s] -- Installing: /home/dvrk-team/dvrk_ctrl_ws/install/peg_transfer_interfaces/share/ament_index/resource_index/rosidl_interfaces/peg_transfer_interfaces
[3.668s] -- Installing: /home/dvrk-team/dvrk_ctrl_ws/install/peg_transfer_interfaces/share/peg_transfer_interfaces/srv/GetObjectPose.json
[3.668s] -- Installing: /home/dvrk-team/dvrk_ctrl_ws/install/peg_transfer_interfaces/include/peg_transfer_interfaces/peg_transfer_interfaces
[3.668s] -- Installing: /home/dvrk-team/dvrk_ctrl_ws/install/peg_transfer_interfaces/include/peg_transfer_interfaces/peg_transfer_interfaces/srv
[3.668s] -- Installing: /home/dvrk-team/dvrk_ctrl_ws/install/peg_transfer_interfaces/include/peg_transfer_interfaces/peg_transfer_interfaces/srv/get_object_pose.h
[3.668s] -- Installing: /home/dvrk-team/dvrk_ctrl_ws/install/peg_transfer_interfaces/include/peg_transfer_interfaces/peg_transfer_interfaces/srv/detail
[3.668s] -- Installing: /home/dvrk-team/dvrk_ctrl_ws/install/peg_transfer_interfaces/include/peg_transfer_interfaces/peg_transfer_interfaces/srv/detail/get_object_pose__functions.c
[3.668s] -- Installing: /home/dvrk-team/dvrk_ctrl_ws/install/peg_transfer_interfaces/include/peg_transfer_interfaces/peg_transfer_interfaces/srv/detail/get_object_pose__description.c
[3.668s] -- Installing: /home/dvrk-team/dvrk_ctrl_ws/install/peg_transfer_interfaces/include/peg_transfer_interfaces/peg_transfer_interfaces/srv/detail/get_object_pose__type_support.c
[3.669s] -- Installing: /home/dvrk-team/dvrk_ctrl_ws/install/peg_transfer_interfaces/include/peg_transfer_interfaces/peg_transfer_interfaces/srv/detail/get_object_pose__functions.h
[3.669s] -- Installing: /home/dvrk-team/dvrk_ctrl_ws/install/peg_transfer_interfaces/include/peg_transfer_interfaces/peg_transfer_interfaces/srv/detail/get_object_pose__struct.h
[3.669s] -- Installing: /home/dvrk-team/dvrk_ctrl_ws/install/peg_transfer_interfaces/include/peg_transfer_interfaces/peg_transfer_interfaces/srv/detail/get_object_pose__type_support.h
[3.669s] -- Installing: /home/dvrk-team/dvrk_ctrl_ws/install/peg_transfer_interfaces/include/peg_transfer_interfaces/peg_transfer_interfaces/msg
[3.669s] -- Installing: /home/dvrk-team/dvrk_ctrl_ws/install/peg_transfer_interfaces/include/peg_transfer_interfaces/peg_transfer_interfaces/msg/rosidl_generator_c__visibility_control.h
[3.669s] -- Installing: /home/dvrk-team/dvrk_ctrl_ws/install/peg_transfer_interfaces/share/peg_transfer_interfaces/environment/library_path.sh
[3.669s] -- Installing: /home/dvrk-team/dvrk_ctrl_ws/install/peg_transfer_interfaces/share/peg_transfer_interfaces/environment/library_path.dsv
[3.669s] -- Installing: /home/dvrk-team/dvrk_ctrl_ws/install/peg_transfer_interfaces/lib/libpeg_transfer_interfaces__rosidl_generator_c.so
[3.669s] -- Set non-toolchain portion of runtime path of "/home/dvrk-team/dvrk_ctrl_ws/install/peg_transfer_interfaces/lib/libpeg_transfer_interfaces__rosidl_generator_c.so" to ""
[3.669s] -- Up-to-date: /home/dvrk-team/dvrk_ctrl_ws/install/peg_transfer_interfaces/include/peg_transfer_interfaces/peg_transfer_interfaces
[3.669s] -- Up-to-date: /home/dvrk-team/dvrk_ctrl_ws/install/peg_transfer_interfaces/include/peg_transfer_interfaces/peg_transfer_interfaces/srv
[3.669s] -- Up-to-date: /home/dvrk-team/dvrk_ctrl_ws/install/peg_transfer_interfaces/include/peg_transfer_interfaces/peg_transfer_interfaces/srv/detail
[3.669s] -- Installing: /home/dvrk-team/dvrk_ctrl_ws/install/peg_transfer_interfaces/include/peg_transfer_interfaces/peg_transfer_interfaces/srv/detail/get_object_pose__rosidl_typesupport_fastrtps_c.h
[3.669s] -- Up-to-date: /home/dvrk-team/dvrk_ctrl_ws/install/peg_transfer_interfaces/include/peg_transfer_interfaces/peg_transfer_interfaces/msg
[3.669s] -- Installing: /home/dvrk-team/dvrk_ctrl_ws/install/peg_transfer_interfaces/include/peg_transfer_interfaces/peg_transfer_interfaces/msg/rosidl_typesupport_fastrtps_c__visibility_control.h
[3.670s] -- Installing: /home/dvrk-team/dvrk_ctrl_ws/install/peg_transfer_interfaces/lib/libpeg_transfer_interfaces__rosidl_typesupport_fastrtps_c.so
[3.670s] -- Set non-toolchain portion of runtime path of "/home/dvrk-team/dvrk_ctrl_ws/install/peg_transfer_interfaces/lib/libpeg_transfer_interfaces__rosidl_typesupport_fastrtps_c.so" to ""
[3.670s] -- Up-to-date: /home/dvrk-team/dvrk_ctrl_ws/install/peg_transfer_interfaces/include/peg_transfer_interfaces/peg_transfer_interfaces
[3.670s] -- Up-to-date: /home/dvrk-team/dvrk_ctrl_ws/install/peg_transfer_interfaces/include/peg_transfer_interfaces/peg_transfer_interfaces/srv
[3.670s] -- Installing: /home/dvrk-team/dvrk_ctrl_ws/install/peg_transfer_interfaces/include/peg_transfer_interfaces/peg_transfer_interfaces/srv/get_object_pose.hpp
[3.670s] -- Up-to-date: /home/dvrk-team/dvrk_ctrl_ws/install/peg_transfer_interfaces/include/peg_transfer_interfaces/peg_transfer_interfaces/srv/detail
[3.670s] -- Installing: /home/dvrk-team/dvrk_ctrl_ws/install/peg_transfer_interfaces/include/peg_transfer_interfaces/peg_transfer_interfaces/srv/detail/get_object_pose__struct.hpp
[3.670s] -- Installing: /home/dvrk-team/dvrk_ctrl_ws/install/peg_transfer_interfaces/include/peg_transfer_interfaces/peg_transfer_interfaces/srv/detail/get_object_pose__builder.hpp
[3.670s] -- Installing: /home/dvrk-team/dvrk_ctrl_ws/install/peg_transfer_interfaces/include/peg_transfer_interfaces/peg_transfer_interfaces/srv/detail/get_object_pose__traits.hpp
[3.670s] -- Installing: /home/dvrk-team/dvrk_ctrl_ws/install/peg_transfer_interfaces/include/peg_transfer_interfaces/peg_transfer_interfaces/srv/detail/get_object_pose__type_support.hpp
[3.670s] -- Up-to-date: /home/dvrk-team/dvrk_ctrl_ws/install/peg_transfer_interfaces/include/peg_transfer_interfaces/peg_transfer_interfaces/msg
[3.670s] -- Installing: /home/dvrk-team/dvrk_ctrl_ws/install/peg_transfer_interfaces/include/peg_transfer_interfaces/peg_transfer_interfaces/msg/rosidl_generator_cpp__visibility_control.hpp
[3.670s] -- Up-to-date: /home/dvrk-team/dvrk_ctrl_ws/install/peg_transfer_interfaces/include/peg_transfer_interfaces/peg_transfer_interfaces
[3.670s] -- Up-to-date: /home/dvrk-team/dvrk_ctrl_ws/install/peg_transfer_interfaces/include/peg_transfer_interfaces/peg_transfer_interfaces/srv
[3.670s] -- Up-to-date: /home/dvrk-team/dvrk_ctrl_ws/install/peg_transfer_interfaces/include/peg_transfer_interfaces/peg_transfer_interfaces/srv/detail
[3.670s] -- Installing: /home/dvrk-team/dvrk_ctrl_ws/install/peg_transfer_interfaces/include/peg_transfer_interfaces/peg_transfer_interfaces/srv/detail/dds_fastrtps
[3.670s] -- Installing: /home/dvrk-team/dvrk_ctrl_ws/install/peg_transfer_interfaces/include/peg_transfer_interfaces/peg_transfer_interfaces/srv/detail/get_object_pose__rosidl_typesupport_fastrtps_cpp.hpp
[3.670s] -- Up-to-date: /home/dvrk-team/dvrk_ctrl_ws/install/peg_transfer_interfaces/include/peg_transfer_interfaces/peg_transfer_interfaces/msg
[3.670s] -- Installing: /home/dvrk-team/dvrk_ctrl_ws/install/peg_transfer_interfaces/include/peg_transfer_interfaces/peg_transfer_interfaces/msg/rosidl_typesupport_fastrtps_cpp__visibility_control.h
[3.671s] -- Installing: /home/dvrk-team/dvrk_ctrl_ws/install/peg_transfer_interfaces/lib/libpeg_transfer_interfaces__rosidl_typesupport_fastrtps_cpp.so
[3.671s] -- Set non-toolchain portion of runtime path of "/home/dvrk-team/dvrk_ctrl_ws/install/peg_transfer_interfaces/lib/libpeg_transfer_interfaces__rosidl_typesupport_fastrtps_cpp.so" to ""
[3.671s] -- Up-to-date: /home/dvrk-team/dvrk_ctrl_ws/install/peg_transfer_interfaces/include/peg_transfer_interfaces/peg_transfer_interfaces
[3.671s] -- Up-to-date: /home/dvrk-team/dvrk_ctrl_ws/install/peg_transfer_interfaces/include/peg_transfer_interfaces/peg_transfer_interfaces/srv
[3.671s] -- Up-to-date: /home/dvrk-team/dvrk_ctrl_ws/install/peg_transfer_interfaces/include/peg_transfer_interfaces/peg_transfer_interfaces/srv/detail
[3.671s] -- Up-to-date: /home/dvrk-team/dvrk_ctrl_ws/install/peg_transfer_interfaces/include/peg_transfer_interfaces/peg_transfer_interfaces/srv/detail/get_object_pose__type_support.c
[3.671s] -- Installing: /home/dvrk-team/dvrk_ctrl_ws/install/peg_transfer_interfaces/include/peg_transfer_interfaces/peg_transfer_interfaces/srv/detail/get_object_pose__rosidl_typesupport_introspection_c.h
[3.671s] -- Up-to-date: /home/dvrk-team/dvrk_ctrl_ws/install/peg_transfer_interfaces/include/peg_transfer_interfaces/peg_transfer_interfaces/msg
[3.671s] -- Installing: /home/dvrk-team/dvrk_ctrl_ws/install/peg_transfer_interfaces/include/peg_transfer_interfaces/peg_transfer_interfaces/msg/rosidl_typesupport_introspection_c__visibility_control.h
[3.671s] -- Installing: /home/dvrk-team/dvrk_ctrl_ws/install/peg_transfer_interfaces/lib/libpeg_transfer_interfaces__rosidl_typesupport_introspection_c.so
[3.671s] -- Set non-toolchain portion of runtime path of "/home/dvrk-team/dvrk_ctrl_ws/install/peg_transfer_interfaces/lib/libpeg_transfer_interfaces__rosidl_typesupport_introspection_c.so" to ""
[3.671s] -- Installing: /home/dvrk-team/dvrk_ctrl_ws/install/peg_transfer_interfaces/lib/libpeg_transfer_interfaces__rosidl_typesupport_c.so
[3.671s] -- Set non-toolchain portion of runtime path of "/home/dvrk-team/dvrk_ctrl_ws/install/peg_transfer_interfaces/lib/libpeg_transfer_interfaces__rosidl_typesupport_c.so" to ""
[3.671s] -- Up-to-date: /home/dvrk-team/dvrk_ctrl_ws/install/peg_transfer_interfaces/include/peg_transfer_interfaces/peg_transfer_interfaces
[3.671s] -- Up-to-date: /home/dvrk-team/dvrk_ctrl_ws/install/peg_transfer_interfaces/include/peg_transfer_interfaces/peg_transfer_interfaces/srv
[3.672s] -- Up-to-date: /home/dvrk-team/dvrk_ctrl_ws/install/peg_transfer_interfaces/include/peg_transfer_interfaces/peg_transfer_interfaces/srv/detail
[3.672s] -- Installing: /home/dvrk-team/dvrk_ctrl_ws/install/peg_transfer_interfaces/include/peg_transfer_interfaces/peg_transfer_interfaces/srv/detail/get_object_pose__type_support.cpp
[3.672s] -- Installing: /home/dvrk-team/dvrk_ctrl_ws/install/peg_transfer_interfaces/include/peg_transfer_interfaces/peg_transfer_interfaces/srv/detail/get_object_pose__rosidl_typesupport_introspection_cpp.hpp
[3.672s] -- Installing: /home/dvrk-team/dvrk_ctrl_ws/install/peg_transfer_interfaces/lib/libpeg_transfer_interfaces__rosidl_typesupport_introspection_cpp.so
[3.672s] -- Set non-toolchain portion of runtime path of "/home/dvrk-team/dvrk_ctrl_ws/install/peg_transfer_interfaces/lib/libpeg_transfer_interfaces__rosidl_typesupport_introspection_cpp.so" to ""
[3.672s] -- Installing: /home/dvrk-team/dvrk_ctrl_ws/install/peg_transfer_interfaces/lib/libpeg_transfer_interfaces__rosidl_typesupport_cpp.so
[3.672s] -- Set non-toolchain portion of runtime path of "/home/dvrk-team/dvrk_ctrl_ws/install/peg_transfer_interfaces/lib/libpeg_transfer_interfaces__rosidl_typesupport_cpp.so" to ""
[3.672s] -- Installing: /home/dvrk-team/dvrk_ctrl_ws/install/peg_transfer_interfaces/share/peg_transfer_interfaces/environment/pythonpath.sh
[3.672s] -- Installing: /home/dvrk-team/dvrk_ctrl_ws/install/peg_transfer_interfaces/share/peg_transfer_interfaces/environment/pythonpath.dsv
[3.672s] -- Installing: /home/dvrk-team/dvrk_ctrl_ws/install/peg_transfer_interfaces/lib/python3.12/site-packages/peg_transfer_interfaces-0.0.0-py3.12.egg-info
[3.672s] -- Installing: /home/dvrk-team/dvrk_ctrl_ws/install/peg_transfer_interfaces/lib/python3.12/site-packages/peg_transfer_interfaces-0.0.0-py3.12.egg-info/PKG-INFO
[3.672s] -- Installing: /home/dvrk-team/dvrk_ctrl_ws/install/peg_transfer_interfaces/lib/python3.12/site-packages/peg_transfer_interfaces-0.0.0-py3.12.egg-info/dependency_links.txt
[3.672s] -- Installing: /home/dvrk-team/dvrk_ctrl_ws/install/peg_transfer_interfaces/lib/python3.12/site-packages/peg_transfer_interfaces-0.0.0-py3.12.egg-info/SOURCES.txt
[3.672s] -- Installing: /home/dvrk-team/dvrk_ctrl_ws/install/peg_transfer_interfaces/lib/python3.12/site-packages/peg_transfer_interfaces-0.0.0-py3.12.egg-info/top_level.txt
[3.672s] -- Installing: /home/dvrk-team/dvrk_ctrl_ws/install/peg_transfer_interfaces/lib/python3.12/site-packages/peg_transfer_interfaces
[3.672s] -- Installing: /home/dvrk-team/dvrk_ctrl_ws/install/peg_transfer_interfaces/lib/python3.12/site-packages/peg_transfer_interfaces/_peg_transfer_interfaces_s.ep.rosidl_typesupport_c.c
[3.672s] -- Installing: /home/dvrk-team/dvrk_ctrl_ws/install/peg_transfer_interfaces/lib/python3.12/site-packages/peg_transfer_interfaces/peg_transfer_interfaces_s__rosidl_typesupport_introspection_c.so
[3.672s] -- Installing: /home/dvrk-team/dvrk_ctrl_ws/install/peg_transfer_interfaces/lib/python3.12/site-packages/peg_transfer_interfaces/peg_transfer_interfaces_s__rosidl_typesupport_fastrtps_c.so
[3.672s] -- Installing: /home/dvrk-team/dvrk_ctrl_ws/install/peg_transfer_interfaces/lib/python3.12/site-packages/peg_transfer_interfaces/peg_transfer_interfaces_s__rosidl_typesupport_c.so
[3.673s] -- Installing: /home/dvrk-team/dvrk_ctrl_ws/install/peg_transfer_interfaces/lib/python3.12/site-packages/peg_transfer_interfaces/srv
[3.673s] -- Installing: /home/dvrk-team/dvrk_ctrl_ws/install/peg_transfer_interfaces/lib/python3.12/site-packages/peg_transfer_interfaces/srv/_get_object_pose.py
[3.673s] -- Installing: /home/dvrk-team/dvrk_ctrl_ws/install/peg_transfer_interfaces/lib/python3.12/site-packages/peg_transfer_interfaces/srv/__init__.py
[3.673s] -- Installing: /home/dvrk-team/dvrk_ctrl_ws/install/peg_transfer_interfaces/lib/python3.12/site-packages/peg_transfer_interfaces/srv/_get_object_pose_s.c
[3.673s] -- Installing: /home/dvrk-team/dvrk_ctrl_ws/install/peg_transfer_interfaces/lib/python3.12/site-packages/peg_transfer_interfaces/_peg_transfer_interfaces_s.ep.rosidl_typesupport_introspection_c.c
[3.673s] -- Installing: /home/dvrk-team/dvrk_ctrl_ws/install/peg_transfer_interfaces/lib/python3.12/site-packages/peg_transfer_interfaces/__init__.py
[3.673s] -- Installing: /home/dvrk-team/dvrk_ctrl_ws/install/peg_transfer_interfaces/lib/python3.12/site-packages/peg_transfer_interfaces/_peg_transfer_interfaces_s.ep.rosidl_typesupport_fastrtps_c.c
[3.697s] Listing '/home/dvrk-team/dvrk_ctrl_ws/install/peg_transfer_interfaces/lib/python3.12/site-packages/peg_transfer_interfaces'...
[3.697s] Compiling '/home/dvrk-team/dvrk_ctrl_ws/install/peg_transfer_interfaces/lib/python3.12/site-packages/peg_transfer_interfaces/__init__.py'...
[3.697s] Listing '/home/dvrk-team/dvrk_ctrl_ws/install/peg_transfer_interfaces/lib/python3.12/site-packages/peg_transfer_interfaces/srv'...
[3.697s] Compiling '/home/dvrk-team/dvrk_ctrl_ws/install/peg_transfer_interfaces/lib/python3.12/site-packages/peg_transfer_interfaces/srv/__init__.py'...
[3.697s] Compiling '/home/dvrk-team/dvrk_ctrl_ws/install/peg_transfer_interfaces/lib/python3.12/site-packages/peg_transfer_interfaces/srv/_get_object_pose.py'...
[3.700s] -- Installing: /home/dvrk-team/dvrk_ctrl_ws/install/peg_transfer_interfaces/lib/python3.12/site-packages/peg_transfer_interfaces/peg_transfer_interfaces_s__rosidl_typesupport_fastrtps_c.so
[3.701s] -- Set non-toolchain portion of runtime path of "/home/dvrk-team/dvrk_ctrl_ws/install/peg_transfer_interfaces/lib/python3.12/site-packages/peg_transfer_interfaces/peg_transfer_interfaces_s__rosidl_typesupport_fastrtps_c.so" to ""
[3.701s] -- Installing: /home/dvrk-team/dvrk_ctrl_ws/install/peg_transfer_interfaces/lib/python3.12/site-packages/peg_transfer_interfaces/peg_transfer_interfaces_s__rosidl_typesupport_introspection_c.so
[3.701s] -- Set non-toolchain portion of runtime path of "/home/dvrk-team/dvrk_ctrl_ws/install/peg_transfer_interfaces/lib/python3.12/site-packages/peg_transfer_interfaces/peg_transfer_interfaces_s__rosidl_typesupport_introspection_c.so" to ""
[3.701s] -- Installing: /home/dvrk-team/dvrk_ctrl_ws/install/peg_transfer_interfaces/lib/python3.12/site-packages/peg_transfer_interfaces/peg_transfer_interfaces_s__rosidl_typesupport_c.so
[3.701s] -- Set non-toolchain portion of runtime path of "/home/dvrk-team/dvrk_ctrl_ws/install/peg_transfer_interfaces/lib/python3.12/site-packages/peg_transfer_interfaces/peg_transfer_interfaces_s__rosidl_typesupport_c.so" to ""
[3.701s] -- Installing: /home/dvrk-team/dvrk_ctrl_ws/install/peg_transfer_interfaces/lib/libpeg_transfer_interfaces__rosidl_generator_py.so
[3.702s] -- Set non-toolchain portion of runtime path of "/home/dvrk-team/dvrk_ctrl_ws/install/peg_transfer_interfaces/lib/libpeg_transfer_interfaces__rosidl_generator_py.so" to ""
[3.702s] -- Installing: /home/dvrk-team/dvrk_ctrl_ws/install/peg_transfer_interfaces/share/ament_index/resource_index/rust_packages/peg_transfer_interfaces
[3.702s] -- Installing: /home/dvrk-team/dvrk_ctrl_ws/install/peg_transfer_interfaces/share/peg_transfer_interfaces/rust
[3.702s] -- Installing: /home/dvrk-team/dvrk_ctrl_ws/install/peg_transfer_interfaces/share/peg_transfer_interfaces/rust/build.rs
[3.702s] -- Installing: /home/dvrk-team/dvrk_ctrl_ws/install/peg_transfer_interfaces/share/peg_transfer_interfaces/rust/src
[3.702s] -- Installing: /home/dvrk-team/dvrk_ctrl_ws/install/peg_transfer_interfaces/share/peg_transfer_interfaces/rust/src/lib.rs
[3.702s] -- Installing: /home/dvrk-team/dvrk_ctrl_ws/install/peg_transfer_interfaces/share/peg_transfer_interfaces/rust/src/srv.rs
[3.702s] -- Installing: /home/dvrk-team/dvrk_ctrl_ws/install/peg_transfer_interfaces/share/peg_transfer_interfaces/rust/src/srv
[3.702s] -- Installing: /home/dvrk-team/dvrk_ctrl_ws/install/peg_transfer_interfaces/share/peg_transfer_interfaces/rust/src/srv/rmw.rs
[3.702s] -- Installing: /home/dvrk-team/dvrk_ctrl_ws/install/peg_transfer_interfaces/share/peg_transfer_interfaces/rust/Cargo.toml
[3.703s] -- Installing: /home/dvrk-team/dvrk_ctrl_ws/install/peg_transfer_interfaces/share/peg_transfer_interfaces/srv/GetObjectPose.idl
[3.703s] -- Installing: /home/dvrk-team/dvrk_ctrl_ws/install/peg_transfer_interfaces/share/peg_transfer_interfaces/srv/GetObjectPose.srv
[3.703s] -- Installing: /home/dvrk-team/dvrk_ctrl_ws/install/peg_transfer_interfaces/share/ament_index/resource_index/package_run_dependencies/peg_transfer_interfaces
[3.703s] -- Installing: /home/dvrk-team/dvrk_ctrl_ws/install/peg_transfer_interfaces/share/ament_index/resource_index/parent_prefix_path/peg_transfer_interfaces
[3.703s] -- Installing: /home/dvrk-team/dvrk_ctrl_ws/install/peg_transfer_interfaces/share/peg_transfer_interfaces/environment/ament_prefix_path.sh
[3.703s] -- Installing: /home/dvrk-team/dvrk_ctrl_ws/install/peg_transfer_interfaces/share/peg_transfer_interfaces/environment/ament_prefix_path.dsv
[3.703s] -- Installing: /home/dvrk-team/dvrk_ctrl_ws/install/peg_transfer_interfaces/share/peg_transfer_interfaces/environment/path.sh
[3.703s] -- Installing: /home/dvrk-team/dvrk_ctrl_ws/install/peg_transfer_interfaces/share/peg_transfer_interfaces/environment/path.dsv
[3.703s] -- Installing: /home/dvrk-team/dvrk_ctrl_ws/install/peg_transfer_interfaces/share/peg_transfer_interfaces/local_setup.bash
[3.704s] -- Installing: /home/dvrk-team/dvrk_ctrl_ws/install/peg_transfer_interfaces/share/peg_transfer_interfaces/local_setup.sh
[3.704s] -- Installing: /home/dvrk-team/dvrk_ctrl_ws/install/peg_transfer_interfaces/share/peg_transfer_interfaces/local_setup.zsh
[3.704s] -- Installing: /home/dvrk-team/dvrk_ctrl_ws/install/peg_transfer_interfaces/share/peg_transfer_interfaces/local_setup.dsv
[3.704s] -- Installing: /home/dvrk-team/dvrk_ctrl_ws/install/peg_transfer_interfaces/share/peg_transfer_interfaces/package.dsv
[3.704s] -- Installing: /home/dvrk-team/dvrk_ctrl_ws/install/peg_transfer_interfaces/share/ament_index/resource_index/packages/peg_transfer_interfaces
[3.704s] -- Installing: /home/dvrk-team/dvrk_ctrl_ws/install/peg_transfer_interfaces/share/peg_transfer_interfaces/cmake/export_peg_transfer_interfaces__rosidl_generator_cExport.cmake
[3.704s] -- Installing: /home/dvrk-team/dvrk_ctrl_ws/install/peg_transfer_interfaces/share/peg_transfer_interfaces/cmake/export_peg_transfer_interfaces__rosidl_generator_cExport-noconfig.cmake
[3.704s] -- Installing: /home/dvrk-team/dvrk_ctrl_ws/install/peg_transfer_interfaces/share/peg_transfer_interfaces/cmake/export_peg_transfer_interfaces__rosidl_typesupport_fastrtps_cExport.cmake
[3.705s] -- Installing: /home/dvrk-team/dvrk_ctrl_ws/install/peg_transfer_interfaces/share/peg_transfer_interfaces/cmake/export_peg_transfer_interfaces__rosidl_typesupport_fastrtps_cExport-noconfig.cmake
[3.705s] -- Installing: /home/dvrk-team/dvrk_ctrl_ws/install/peg_transfer_interfaces/share/peg_transfer_interfaces/cmake/export_peg_transfer_interfaces__rosidl_generator_cppExport.cmake
[3.705s] -- Installing: /home/dvrk-team/dvrk_ctrl_ws/install/peg_transfer_interfaces/share/peg_transfer_interfaces/cmake/export_peg_transfer_interfaces__rosidl_typesupport_fastrtps_cppExport.cmake
[3.705s] -- Installing: /home/dvrk-team/dvrk_ctrl_ws/install/peg_transfer_interfaces/share/peg_transfer_interfaces/cmake/export_peg_transfer_interfaces__rosidl_typesupport_fastrtps_cppExport-noconfig.cmake
[3.705s] -- Installing: /home/dvrk-team/dvrk_ctrl_ws/install/peg_transfer_interfaces/share/peg_transfer_interfaces/cmake/peg_transfer_interfaces__rosidl_typesupport_introspection_cExport.cmake
[3.705s] -- Installing: /home/dvrk-team/dvrk_ctrl_ws/install/peg_transfer_interfaces/share/peg_transfer_interfaces/cmake/peg_transfer_interfaces__rosidl_typesupport_introspection_cExport-noconfig.cmake
[3.705s] -- Installing: /home/dvrk-team/dvrk_ctrl_ws/install/peg_transfer_interfaces/share/peg_transfer_interfaces/cmake/peg_transfer_interfaces__rosidl_typesupport_cExport.cmake
[3.705s] -- Installing: /home/dvrk-team/dvrk_ctrl_ws/install/peg_transfer_interfaces/share/peg_transfer_interfaces/cmake/peg_transfer_interfaces__rosidl_typesupport_cExport-noconfig.cmake
[3.705s] -- Installing: /home/dvrk-team/dvrk_ctrl_ws/install/peg_transfer_interfaces/share/peg_transfer_interfaces/cmake/peg_transfer_interfaces__rosidl_typesupport_introspection_cppExport.cmake
[3.706s] -- Installing: /home/dvrk-team/dvrk_ctrl_ws/install/peg_transfer_interfaces/share/peg_transfer_interfaces/cmake/peg_transfer_interfaces__rosidl_typesupport_introspection_cppExport-noconfig.cmake
[3.706s] -- Installing: /home/dvrk-team/dvrk_ctrl_ws/install/peg_transfer_interfaces/share/peg_transfer_interfaces/cmake/peg_transfer_interfaces__rosidl_typesupport_cppExport.cmake
[3.706s] -- Installing: /home/dvrk-team/dvrk_ctrl_ws/install/peg_transfer_interfaces/share/peg_transfer_interfaces/cmake/peg_transfer_interfaces__rosidl_typesupport_cppExport-noconfig.cmake
[3.706s] -- Installing: /home/dvrk-team/dvrk_ctrl_ws/install/peg_transfer_interfaces/share/peg_transfer_interfaces/cmake/export_peg_transfer_interfaces__rosidl_generator_pyExport.cmake
[3.706s] -- Installing: /home/dvrk-team/dvrk_ctrl_ws/install/peg_transfer_interfaces/share/peg_transfer_interfaces/cmake/export_peg_transfer_interfaces__rosidl_generator_pyExport-noconfig.cmake
[3.706s] -- Installing: /home/dvrk-team/dvrk_ctrl_ws/install/peg_transfer_interfaces/share/peg_transfer_interfaces/cmake/rosidl_cmake-extras.cmake
[3.706s] -- Installing: /home/dvrk-team/dvrk_ctrl_ws/install/peg_transfer_interfaces/share/peg_transfer_interfaces/cmake/ament_cmake_export_dependencies-extras.cmake
[3.706s] -- Installing: /home/dvrk-team/dvrk_ctrl_ws/install/peg_transfer_interfaces/share/peg_transfer_interfaces/cmake/ament_cmake_export_include_directories-extras.cmake
[3.706s] -- Installing: /home/dvrk-team/dvrk_ctrl_ws/install/peg_transfer_interfaces/share/peg_transfer_interfaces/cmake/ament_cmake_export_libraries-extras.cmake
[3.707s] -- Installing: /home/dvrk-team/dvrk_ctrl_ws/install/peg_transfer_interfaces/share/peg_transfer_interfaces/cmake/ament_cmake_export_targets-extras.cmake
[3.707s] -- Installing: /home/dvrk-team/dvrk_ctrl_ws/install/peg_transfer_interfaces/share/peg_transfer_interfaces/cmake/rosidl_cmake_export_typesupport_targets-extras.cmake
[3.707s] -- Installing: /home/dvrk-team/dvrk_ctrl_ws/install/peg_transfer_interfaces/share/peg_transfer_interfaces/cmake/rosidl_cmake_export_typesupport_libraries-extras.cmake
[3.707s] -- Installing: /home/dvrk-team/dvrk_ctrl_ws/install/peg_transfer_interfaces/share/peg_transfer_interfaces/cmake/rosidl_cmake_aggregate_target-extras.cmake
[3.707s] -- Installing: /home/dvrk-team/dvrk_ctrl_ws/install/peg_transfer_interfaces/share/peg_transfer_interfaces/cmake/peg_transfer_interfacesConfig.cmake
[3.707s] -- Installing: /home/dvrk-team/dvrk_ctrl_ws/install/peg_transfer_interfaces/share/peg_transfer_interfaces/cmake/peg_transfer_interfacesConfig-version.cmake
[3.707s] -- Installing: /home/dvrk-team/dvrk_ctrl_ws/install/peg_transfer_interfaces/share/peg_transfer_interfaces/package.xml
[3.709s] Invoked command in '/home/dvrk-team/dvrk_ctrl_ws/build/peg_transfer_interfaces' returned '0': CMAKE_PREFIX_PATH=/home/dvrk-team/ros2_ws/install/dvrk_robot:/home/dvrk-team/ros2_ws/install/saw_robot_io_1394_ros:/home/dvrk-team/ros2_ws/install/saw_intuitive_research_kit_example_psm_derived:/home/dvrk-team/ros2_ws/install/saw_intuitive_research_kit_example_bilateral_teleop:/home/dvrk-team/ros2_ws/install/saw_controllers_ros:/home/dvrk-team/ros2_ws/install/sawIntuitiveResearchKitCore:/home/dvrk-team/ros2_ws/install/sawTextToSpeechAll:/home/dvrk-team/ros2_ws/install/sawRobotIO1394Core:/home/dvrk-team/ros2_ws/install/sawControllersCore:/home/dvrk-team/ros2_ws/install/sawKeyboardAll:/home/dvrk-team/ros2_ws/install/dvrk_python:/home/dvrk-team/ros2_ws/install/dvrk_display:/home/dvrk-team/ros2_ws/install/dvrk_camera_registration:/home/dvrk-team/ros2_ws/install/data_collection:/home/dvrk-team/ros2_ws/install/crtk_python_client:/home/dvrk-team/ros2_ws/install/peg_transfer_interfaces:/home/dvrk-team/ros2_ws/install/dvrk_video:/home/dvrk-team/dvrk_ctrl_ws/install/peg_transfer:/home/dvrk-team/dvrk_ctrl_ws/install/dvrk_peg_transfer:/home/dvrk-team/ros2_ws/install/dvrk_mtm_gc:/home/dvrk-team/ros2_ws/install/peg_transfer:/opt/ros/jazzy:/home/dvrk-team/ros2_ws/install/dvrk_model:/home/dvrk-team/ros2_ws/install/dvrk_hrsv_widget:/home/dvrk-team/ros2_ws/install/dvrk_config_jhu:/home/dvrk-team/ros2_ws/install/dvrk_config:/home/dvrk-team/ros2_ws/install/dvrk_arms_from_ros:/home/dvrk-team/ros2_ws/install/cisst_ros_crtk:/home/dvrk-team/ros2_ws/install/crtk_msgs:/home/dvrk-team/ros2_ws/install/cisst_ros_bridge:/home/dvrk-team/ros2_ws/install/cisst_msgs:/home/dvrk-team/ros2_ws/install/cisst:/home/dvrk-team/ros2_ws/install/cisstNetlib:/home/dvrk-team/ros_ambf_ws/install/ambf_client:/home/dvrk-team/ros_ambf_ws/install/tf_function:/home/dvrk-team/ros_ambf_ws/install/ros_comm_plugin:/home/dvrk-team/ros_ambf_ws/install/ambf_server:/home/dvrk-team/ros_ambf_ws/install/ambf_msgs:/opt/ros/jazzy/opt/gz_math_vendor:/opt/ros/jazzy/opt/gz_utils_vendor:/opt/ros/jazzy/opt/gz_cmake_vendor DEBUGINFOD_URLS=https://debuginfod.ubuntu.com /usr/bin/cmake --install /home/dvrk-team/dvrk_ctrl_ws/build/peg_transfer_interfaces
