[0.472s] Invoking command in '/home/dvrk-team/dvrk_ctrl_ws/src/utilities': DEBUGINFOD_URLS=https://debuginfod.ubuntu.com PYTHONPATH=/home/dvrk-team/dvrk_ctrl_ws/build/utilities/prefix_override:/usr/lib/python3/dist-packages/colcon_core/task/python/colcon_distutils_commands:/home/dvrk-team/dvrk_ctrl_ws/install/utilities/lib/python3.12/site-packages:${PYTHONPATH} /usr/bin/python3 -W ignore:setup.py install is deprecated -W ignore:easy_install command is deprecated setup.py egg_info --egg-base ../../build/utilities build --build-base /home/dvrk-team/dvrk_ctrl_ws/build/utilities/build install --record /home/dvrk-team/dvrk_ctrl_ws/build/utilities/install.log --install-scripts $base/lib/utilities --single-version-externally-managed install_data
[0.592s] running egg_info
[0.592s] creating ../../build/utilities/utilities.egg-info
[0.599s] writing ../../build/utilities/utilities.egg-info/PKG-INFO
[0.599s] writing dependency_links to ../../build/utilities/utilities.egg-info/dependency_links.txt
[0.599s] writing requirements to ../../build/utilities/utilities.egg-info/requires.txt
[0.599s] writing top-level names to ../../build/utilities/utilities.egg-info/top_level.txt
[0.599s] writing manifest file '../../build/utilities/utilities.egg-info/SOURCES.txt'
[0.613s] reading manifest file '../../build/utilities/utilities.egg-info/SOURCES.txt'
[0.613s] adding license file 'LICENSE'
[0.614s] writing manifest file '../../build/utilities/utilities.egg-info/SOURCES.txt'
[0.614s] running build
[0.614s] running build_py
[0.614s] creating /home/dvrk-team/dvrk_ctrl_ws/build/utilities/build
[0.614s] creating /home/dvrk-team/dvrk_ctrl_ws/build/utilities/build/lib
[0.614s] creating /home/dvrk-team/dvrk_ctrl_ws/build/utilities/build/lib/utilities
[0.614s] copying utilities/__init__.py -> /home/dvrk-team/dvrk_ctrl_ws/build/utilities/build/lib/utilities
[0.614s] running install
[0.616s] running install_lib
[0.623s] creating /home/dvrk-team/dvrk_ctrl_ws/install/utilities/lib/python3.12/site-packages/utilities
[0.623s] copying /home/dvrk-team/dvrk_ctrl_ws/build/utilities/build/lib/utilities/__init__.py -> /home/dvrk-team/dvrk_ctrl_ws/install/utilities/lib/python3.12/site-packages/utilities
[0.623s] byte-compiling /home/dvrk-team/dvrk_ctrl_ws/install/utilities/lib/python3.12/site-packages/utilities/__init__.py to __init__.cpython-312.pyc
[0.623s] running install_data
[0.623s] creating /home/dvrk-team/dvrk_ctrl_ws/install/utilities/share/ament_index
[0.624s] creating /home/dvrk-team/dvrk_ctrl_ws/install/utilities/share/ament_index/resource_index
[0.624s] creating /home/dvrk-team/dvrk_ctrl_ws/install/utilities/share/ament_index/resource_index/packages
[0.624s] copying resource/utilities -> /home/dvrk-team/dvrk_ctrl_ws/install/utilities/share/ament_index/resource_index/packages
[0.624s] copying package.xml -> /home/dvrk-team/dvrk_ctrl_ws/install/utilities/share/utilities
[0.624s] running install_egg_info
[0.631s] Copying ../../build/utilities/utilities.egg-info to /home/dvrk-team/dvrk_ctrl_ws/install/utilities/lib/python3.12/site-packages/utilities-0.0.0-py3.12.egg-info
[0.631s] running install_scripts
[0.681s] writing list of installed files to '/home/dvrk-team/dvrk_ctrl_ws/build/utilities/install.log'
[0.701s] Invoked command in '/home/dvrk-team/dvrk_ctrl_ws/src/utilities' returned '0': DEBUGINFOD_URLS=https://debuginfod.ubuntu.com PYTHONPATH=/home/dvrk-team/dvrk_ctrl_ws/build/utilities/prefix_override:/usr/lib/python3/dist-packages/colcon_core/task/python/colcon_distutils_commands:/home/dvrk-team/dvrk_ctrl_ws/install/utilities/lib/python3.12/site-packages:${PYTHONPATH} /usr/bin/python3 -W ignore:setup.py install is deprecated -W ignore:easy_install command is deprecated setup.py egg_info --egg-base ../../build/utilities build --build-base /home/dvrk-team/dvrk_ctrl_ws/build/utilities/build install --record /home/dvrk-team/dvrk_ctrl_ws/build/utilities/install.log --install-scripts $base/lib/utilities --single-version-externally-managed install_data
