running egg_info
writing ../../build/peg_control/peg_control.egg-info/PKG-INFO
writing dependency_links to ../../build/peg_control/peg_control.egg-info/dependency_links.txt
writing entry points to ../../build/peg_control/peg_control.egg-info/entry_points.txt
writing requirements to ../../build/peg_control/peg_control.egg-info/requires.txt
writing top-level names to ../../build/peg_control/peg_control.egg-info/top_level.txt
reading manifest file '../../build/peg_control/peg_control.egg-info/SOURCES.txt'
adding license file 'LICENSE'
writing manifest file '../../build/peg_control/peg_control.egg-info/SOURCES.txt'
running build
running build_py
copying peg_control/psm_to_block.py -> /home/dvrk-team/dvrk_ctrl_ws/build/peg_control/build/lib/peg_control
running install
running install_lib
copying /home/dvrk-team/dvrk_ctrl_ws/build/peg_control/build/lib/peg_control/psm_to_block.py -> /home/dvrk-team/dvrk_ctrl_ws/install/peg_control/lib/python3.12/site-packages/peg_control
byte-compiling /home/dvrk-team/dvrk_ctrl_ws/install/peg_control/lib/python3.12/site-packages/peg_control/psm_to_block.py to psm_to_block.cpython-312.pyc
running install_data
running install_egg_info
removing '/home/dvrk-team/dvrk_ctrl_ws/install/peg_control/lib/python3.12/site-packages/peg_control-0.0.0-py3.12.egg-info' (and everything under it)
Copying ../../build/peg_control/peg_control.egg-info to /home/dvrk-team/dvrk_ctrl_ws/install/peg_control/lib/python3.12/site-packages/peg_control-0.0.0-py3.12.egg-info
running install_scripts
Installing psm_to_block script to /home/dvrk-team/dvrk_ctrl_ws/install/peg_control/lib/peg_control
writing list of installed files to '/home/dvrk-team/dvrk_ctrl_ws/build/peg_control/install.log'
