[0.483s] Invoking command in '/home/dvrk-team/dvrk_ctrl_ws/src/utilities': DEBUGINFOD_URLS=https://debuginfod.ubuntu.com PYTHONPATH=/home/dvrk-team/dvrk_ctrl_ws/build/utilities/prefix_override:/usr/lib/python3/dist-packages/colcon_core/task/python/colcon_distutils_commands:/home/dvrk-team/dvrk_ctrl_ws/install/utilities/lib/python3.12/site-packages:${PYTHONPATH} /usr/bin/python3 -W ignore:setup.py install is deprecated -W ignore:easy_install command is deprecated setup.py egg_info --egg-base ../../build/utilities build --build-base /home/dvrk-team/dvrk_ctrl_ws/build/utilities/build install --record /home/dvrk-team/dvrk_ctrl_ws/build/utilities/install.log --install-scripts $base/lib/utilities --single-version-externally-managed install_data
[0.602s] running egg_info
[0.609s] writing ../../build/utilities/utilities.egg-info/PKG-INFO
[0.609s] writing dependency_links to ../../build/utilities/utilities.egg-info/dependency_links.txt
[0.609s] writing entry points to ../../build/utilities/utilities.egg-info/entry_points.txt
[0.609s] writing requirements to ../../build/utilities/utilities.egg-info/requires.txt
[0.610s] writing top-level names to ../../build/utilities/utilities.egg-info/top_level.txt
[0.623s] reading manifest file '../../build/utilities/utilities.egg-info/SOURCES.txt'
[0.623s] adding license file 'LICENSE'
[0.624s] writing manifest file '../../build/utilities/utilities.egg-info/SOURCES.txt'
[0.624s] running build
[0.624s] running build_py
[0.624s] copying utilities/psm2_cmd.py -> /home/dvrk-team/dvrk_ctrl_ws/build/utilities/build/lib/utilities
[0.624s] copying utilities/object_loc.py -> /home/dvrk-team/dvrk_ctrl_ws/build/utilities/build/lib/utilities
[0.624s] copying utilities/tool_cmd.py -> /home/dvrk-team/dvrk_ctrl_ws/build/utilities/build/lib/utilities
[0.624s] copying utilities/psm1_cmd.py -> /home/dvrk-team/dvrk_ctrl_ws/build/utilities/build/lib/utilities
[0.625s] running install
[0.626s] running install_lib
[0.633s] copying /home/dvrk-team/dvrk_ctrl_ws/build/utilities/build/lib/utilities/psm2_cmd.py -> /home/dvrk-team/dvrk_ctrl_ws/install/utilities/lib/python3.12/site-packages/utilities
[0.633s] copying /home/dvrk-team/dvrk_ctrl_ws/build/utilities/build/lib/utilities/object_loc.py -> /home/dvrk-team/dvrk_ctrl_ws/install/utilities/lib/python3.12/site-packages/utilities
[0.634s] copying /home/dvrk-team/dvrk_ctrl_ws/build/utilities/build/lib/utilities/tool_cmd.py -> /home/dvrk-team/dvrk_ctrl_ws/install/utilities/lib/python3.12/site-packages/utilities
[0.634s] copying /home/dvrk-team/dvrk_ctrl_ws/build/utilities/build/lib/utilities/psm1_cmd.py -> /home/dvrk-team/dvrk_ctrl_ws/install/utilities/lib/python3.12/site-packages/utilities
[0.634s] byte-compiling /home/dvrk-team/dvrk_ctrl_ws/install/utilities/lib/python3.12/site-packages/utilities/psm2_cmd.py to psm2_cmd.cpython-312.pyc
[0.634s] byte-compiling /home/dvrk-team/dvrk_ctrl_ws/install/utilities/lib/python3.12/site-packages/utilities/object_loc.py to object_loc.cpython-312.pyc
[0.634s] byte-compiling /home/dvrk-team/dvrk_ctrl_ws/install/utilities/lib/python3.12/site-packages/utilities/tool_cmd.py to tool_cmd.cpython-312.pyc
[0.635s] byte-compiling /home/dvrk-team/dvrk_ctrl_ws/install/utilities/lib/python3.12/site-packages/utilities/psm1_cmd.py to psm1_cmd.cpython-312.pyc
[0.635s] running install_data
[0.635s] running install_egg_info
[0.643s] removing '/home/dvrk-team/dvrk_ctrl_ws/install/utilities/lib/python3.12/site-packages/utilities-0.0.0-py3.12.egg-info' (and everything under it)
[0.643s] Copying ../../build/utilities/utilities.egg-info to /home/dvrk-team/dvrk_ctrl_ws/install/utilities/lib/python3.12/site-packages/utilities-0.0.0-py3.12.egg-info
[0.643s] running install_scripts
[0.695s] Installing object_loc script to /home/dvrk-team/dvrk_ctrl_ws/install/utilities/lib/utilities
[0.695s] Installing tool_cmd script to /home/dvrk-team/dvrk_ctrl_ws/install/utilities/lib/utilities
[0.695s] writing list of installed files to '/home/dvrk-team/dvrk_ctrl_ws/build/utilities/install.log'
[0.709s] Invoked command in '/home/dvrk-team/dvrk_ctrl_ws/src/utilities' returned '0': DEBUGINFOD_URLS=https://debuginfod.ubuntu.com PYTHONPATH=/home/dvrk-team/dvrk_ctrl_ws/build/utilities/prefix_override:/usr/lib/python3/dist-packages/colcon_core/task/python/colcon_distutils_commands:/home/dvrk-team/dvrk_ctrl_ws/install/utilities/lib/python3.12/site-packages:${PYTHONPATH} /usr/bin/python3 -W ignore:setup.py install is deprecated -W ignore:easy_install command is deprecated setup.py egg_info --egg-base ../../build/utilities build --build-base /home/dvrk-team/dvrk_ctrl_ws/build/utilities/build install --record /home/dvrk-team/dvrk_ctrl_ws/build/utilities/install.log --install-scripts $base/lib/utilities --single-version-externally-managed install_data
