running egg_info
creating ../../build/peg_transfer/peg_transfer.egg-info
writing ../../build/peg_transfer/peg_transfer.egg-info/PKG-INFO
writing dependency_links to ../../build/peg_transfer/peg_transfer.egg-info/dependency_links.txt
writing requirements to ../../build/peg_transfer/peg_transfer.egg-info/requires.txt
writing top-level names to ../../build/peg_transfer/peg_transfer.egg-info/top_level.txt
writing manifest file '../../build/peg_transfer/peg_transfer.egg-info/SOURCES.txt'
reading manifest file '../../build/peg_transfer/peg_transfer.egg-info/SOURCES.txt'
writing manifest file '../../build/peg_transfer/peg_transfer.egg-info/SOURCES.txt'
running build
running build_py
creating /home/dvrk-team/dvrk_ctrl_ws/build/peg_transfer/build
creating /home/dvrk-team/dvrk_ctrl_ws/build/peg_transfer/build/lib
creating /home/dvrk-team/dvrk_ctrl_ws/build/peg_transfer/build/lib/peg_transfer
copying peg_transfer/__init__.py -> /home/dvrk-team/dvrk_ctrl_ws/build/peg_transfer/build/lib/peg_transfer
running install
running install_lib
creating /home/dvrk-team/dvrk_ctrl_ws/install/peg_transfer/lib/python3.12/site-packages/peg_transfer
copying /home/dvrk-team/dvrk_ctrl_ws/build/peg_transfer/build/lib/peg_transfer/__init__.py -> /home/dvrk-team/dvrk_ctrl_ws/install/peg_transfer/lib/python3.12/site-packages/peg_transfer
byte-compiling /home/dvrk-team/dvrk_ctrl_ws/install/peg_transfer/lib/python3.12/site-packages/peg_transfer/__init__.py to __init__.cpython-312.pyc
running install_data
creating /home/dvrk-team/dvrk_ctrl_ws/install/peg_transfer/share/ament_index
creating /home/dvrk-team/dvrk_ctrl_ws/install/peg_transfer/share/ament_index/resource_index
creating /home/dvrk-team/dvrk_ctrl_ws/install/peg_transfer/share/ament_index/resource_index/packages
copying resource/peg_transfer -> /home/dvrk-team/dvrk_ctrl_ws/install/peg_transfer/share/ament_index/resource_index/packages
copying package.xml -> /home/dvrk-team/dvrk_ctrl_ws/install/peg_transfer/share/peg_transfer
running install_egg_info
Copying ../../build/peg_transfer/peg_transfer.egg-info to /home/dvrk-team/dvrk_ctrl_ws/install/peg_transfer/lib/python3.12/site-packages/peg_transfer-0.0.0-py3.12.egg-info
running install_scripts
writing list of installed files to '/home/dvrk-team/dvrk_ctrl_ws/build/peg_transfer/install.log'
