[0.045s] DEBUG:colcon:Command line arguments: ['/usr/bin/colcon', 'build']
[0.046s] DEBUG:colcon:Parsed command line arguments: Namespace(log_base=None, log_level=None, verb_name='build', build_base='build', install_base='install', merge_install=False, symlink_install=False, test_result_base=None, continue_on_error=False, executor='parallel', parallel_workers=24, event_handlers=None, ignore_user_meta=False, metas=['./colcon.meta'], base_paths=['.'], packages_ignore=None, packages_ignore_regex=None, paths=None, packages_up_to=None, packages_up_to_regex=None, packages_above=None, packages_above_and_dependencies=None, packages_above_depth=None, packages_select_by_dep=None, packages_skip_by_dep=None, packages_skip_up_to=None, packages_select_build_failed=False, packages_skip_build_finished=False, packages_select_test_failures=False, packages_skip_test_passed=False, packages_select=None, packages_skip=None, packages_select_regex=None, packages_skip_regex=None, packages_start=None, packages_end=None, allow_overriding=[], cmake_args=None, cmake_target=None, cmake_target_skip_unavailable=False, cmake_clean_cache=False, cmake_clean_first=False, cmake_force_configure=False, ament_cmake_args=None, catkin_cmake_args=None, catkin_skip_building_tests=False, mixin_files=None, mixin=None, verb_parser=<colcon_mixin.mixin.mixin_argument.MixinArgumentDecorator object at 0x7b13ad891e80>, verb_extension=<colcon_core.verb.build.BuildVerb object at 0x7b13ad9b28d0>, main=<bound method BuildVerb.main of <colcon_core.verb.build.BuildVerb object at 0x7b13ad9b28d0>>, mixin_verb=('build',))
[0.062s] Level 1:colcon.colcon_core.package_discovery:discover_packages(colcon_meta) check parameters
[0.062s] Level 1:colcon.colcon_core.package_discovery:discover_packages(recursive) check parameters
[0.062s] Level 1:colcon.colcon_core.package_discovery:discover_packages(ignore) check parameters
[0.062s] Level 1:colcon.colcon_core.package_discovery:discover_packages(path) check parameters
[0.062s] Level 1:colcon.colcon_core.package_discovery:discover_packages(colcon_meta) discover
[0.062s] Level 1:colcon.colcon_core.package_discovery:discover_packages(recursive) discover
[0.062s] INFO:colcon.colcon_core.package_discovery:Crawling recursively for packages in '/home/dvrk-team/dvrk_ctrl_ws'
[0.062s] Level 1:colcon.colcon_core.package_identification:_identify(.) by extensions ['ignore', 'ignore_ament_install']
[0.062s] Level 1:colcon.colcon_core.package_identification:_identify(.) by extension 'ignore'
[0.062s] Level 1:colcon.colcon_core.package_identification:_identify(.) by extension 'ignore_ament_install'
[0.062s] Level 1:colcon.colcon_core.package_identification:_identify(.) by extensions ['colcon_pkg']
[0.062s] Level 1:colcon.colcon_core.package_identification:_identify(.) by extension 'colcon_pkg'
[0.062s] Level 1:colcon.colcon_core.package_identification:_identify(.) by extensions ['colcon_meta']
[0.062s] Level 1:colcon.colcon_core.package_identification:_identify(.) by extension 'colcon_meta'
[0.062s] Level 1:colcon.colcon_core.package_identification:_identify(.) by extensions ['ros']
[0.062s] Level 1:colcon.colcon_core.package_identification:_identify(.) by extension 'ros'
[0.074s] Level 1:colcon.colcon_core.package_identification:_identify(.) by extensions ['cmake', 'python']
[0.074s] Level 1:colcon.colcon_core.package_identification:_identify(.) by extension 'cmake'
[0.074s] Level 1:colcon.colcon_core.package_identification:_identify(.) by extension 'python'
[0.074s] Level 1:colcon.colcon_core.package_identification:_identify(.) by extensions ['python_setup_py']
[0.074s] Level 1:colcon.colcon_core.package_identification:_identify(.) by extension 'python_setup_py'
[0.074s] Level 1:colcon.colcon_core.package_identification:_identify(build) by extensions ['ignore', 'ignore_ament_install']
[0.074s] Level 1:colcon.colcon_core.package_identification:_identify(build) by extension 'ignore'
[0.074s] Level 1:colcon.colcon_core.package_identification:_identify(build) ignored
[0.074s] Level 1:colcon.colcon_core.package_identification:_identify(install) by extensions ['ignore', 'ignore_ament_install']
[0.074s] Level 1:colcon.colcon_core.package_identification:_identify(install) by extension 'ignore'
[0.074s] Level 1:colcon.colcon_core.package_identification:_identify(install) ignored
[0.074s] Level 1:colcon.colcon_core.package_identification:_identify(log) by extensions ['ignore', 'ignore_ament_install']
[0.074s] Level 1:colcon.colcon_core.package_identification:_identify(log) by extension 'ignore'
[0.074s] Level 1:colcon.colcon_core.package_identification:_identify(log) ignored
[0.074s] Level 1:colcon.colcon_core.package_identification:_identify(src) by extensions ['ignore', 'ignore_ament_install']
[0.074s] Level 1:colcon.colcon_core.package_identification:_identify(src) by extension 'ignore'
[0.074s] Level 1:colcon.colcon_core.package_identification:_identify(src) by extension 'ignore_ament_install'
[0.074s] Level 1:colcon.colcon_core.package_identification:_identify(src) by extensions ['colcon_pkg']
[0.074s] Level 1:colcon.colcon_core.package_identification:_identify(src) by extension 'colcon_pkg'
[0.074s] Level 1:colcon.colcon_core.package_identification:_identify(src) by extensions ['colcon_meta']
[0.074s] Level 1:colcon.colcon_core.package_identification:_identify(src) by extension 'colcon_meta'
[0.074s] Level 1:colcon.colcon_core.package_identification:_identify(src) by extensions ['ros']
[0.074s] Level 1:colcon.colcon_core.package_identification:_identify(src) by extension 'ros'
[0.074s] Level 1:colcon.colcon_core.package_identification:_identify(src) by extensions ['cmake', 'python']
[0.074s] Level 1:colcon.colcon_core.package_identification:_identify(src) by extension 'cmake'
[0.074s] Level 1:colcon.colcon_core.package_identification:_identify(src) by extension 'python'
[0.074s] Level 1:colcon.colcon_core.package_identification:_identify(src) by extensions ['python_setup_py']
[0.074s] Level 1:colcon.colcon_core.package_identification:_identify(src) by extension 'python_setup_py'
[0.074s] Level 1:colcon.colcon_core.package_identification:_identify(src/dvrk_peg_transfer) by extensions ['ignore', 'ignore_ament_install']
[0.074s] Level 1:colcon.colcon_core.package_identification:_identify(src/dvrk_peg_transfer) by extension 'ignore'
[0.074s] Level 1:colcon.colcon_core.package_identification:_identify(src/dvrk_peg_transfer) by extension 'ignore_ament_install'
[0.074s] Level 1:colcon.colcon_core.package_identification:_identify(src/dvrk_peg_transfer) by extensions ['colcon_pkg']
[0.074s] Level 1:colcon.colcon_core.package_identification:_identify(src/dvrk_peg_transfer) by extension 'colcon_pkg'
[0.075s] Level 1:colcon.colcon_core.package_identification:_identify(src/dvrk_peg_transfer) by extensions ['colcon_meta']
[0.075s] Level 1:colcon.colcon_core.package_identification:_identify(src/dvrk_peg_transfer) by extension 'colcon_meta'
[0.075s] Level 1:colcon.colcon_core.package_identification:_identify(src/dvrk_peg_transfer) by extensions ['ros']
[0.075s] Level 1:colcon.colcon_core.package_identification:_identify(src/dvrk_peg_transfer) by extension 'ros'
[0.076s] DEBUG:colcon.colcon_core.package_identification:Package 'src/dvrk_peg_transfer' with type 'ros.ament_python' and name 'dvrk_peg_transfer'
[0.076s] Level 1:colcon.colcon_core.package_identification:_identify(src/peg_transfer_interfaces) by extensions ['ignore', 'ignore_ament_install']
[0.076s] Level 1:colcon.colcon_core.package_identification:_identify(src/peg_transfer_interfaces) by extension 'ignore'
[0.076s] Level 1:colcon.colcon_core.package_identification:_identify(src/peg_transfer_interfaces) by extension 'ignore_ament_install'
[0.076s] Level 1:colcon.colcon_core.package_identification:_identify(src/peg_transfer_interfaces) by extensions ['colcon_pkg']
[0.076s] Level 1:colcon.colcon_core.package_identification:_identify(src/peg_transfer_interfaces) by extension 'colcon_pkg'
[0.076s] Level 1:colcon.colcon_core.package_identification:_identify(src/peg_transfer_interfaces) by extensions ['colcon_meta']
[0.076s] Level 1:colcon.colcon_core.package_identification:_identify(src/peg_transfer_interfaces) by extension 'colcon_meta'
[0.076s] Level 1:colcon.colcon_core.package_identification:_identify(src/peg_transfer_interfaces) by extensions ['ros']
[0.076s] Level 1:colcon.colcon_core.package_identification:_identify(src/peg_transfer_interfaces) by extension 'ros'
[0.076s] DEBUG:colcon.colcon_core.package_identification:Package 'src/peg_transfer_interfaces' with type 'ros.ament_cmake' and name 'peg_transfer_interfaces'
[0.076s] Level 1:colcon.colcon_core.package_discovery:discover_packages(recursive) using defaults
[0.076s] Level 1:colcon.colcon_core.package_discovery:discover_packages(ignore) discover
[0.076s] Level 1:colcon.colcon_core.package_discovery:discover_packages(ignore) using defaults
[0.076s] Level 1:colcon.colcon_core.package_discovery:discover_packages(path) discover
[0.076s] Level 1:colcon.colcon_core.package_discovery:discover_packages(path) using defaults
[0.084s] Level 1:colcon.colcon_core.package_discovery:discover_packages(prefix_path) check parameters
[0.084s] Level 1:colcon.colcon_core.package_discovery:discover_packages(prefix_path) discover
[0.085s] DEBUG:colcon.colcon_installed_package_information.package_discovery:Found 2 installed packages in /home/dvrk-team/dvrk_ctrl_ws/install
[0.085s] DEBUG:colcon.colcon_installed_package_information.package_discovery:Found 6 installed packages in /home/dvrk-team/ros_ambf_ws/install
[0.086s] DEBUG:colcon.colcon_installed_package_information.package_discovery:Found 31 installed packages in /home/dvrk-team/ros2_ws/install
[0.086s] DEBUG:colcon.colcon_installed_package_information.package_discovery:Found 297 installed packages in /opt/ros/jazzy
[0.087s] Level 1:colcon.colcon_core.package_discovery:discover_packages(prefix_path) using defaults
[0.103s] Level 5:colcon.colcon_core.verb:set package 'dvrk_peg_transfer' build argument 'cmake_args' from command line to 'None'
[0.103s] Level 5:colcon.colcon_core.verb:set package 'dvrk_peg_transfer' build argument 'cmake_target' from command line to 'None'
[0.103s] Level 5:colcon.colcon_core.verb:set package 'dvrk_peg_transfer' build argument 'cmake_target_skip_unavailable' from command line to 'False'
[0.103s] Level 5:colcon.colcon_core.verb:set package 'dvrk_peg_transfer' build argument 'cmake_clean_cache' from command line to 'False'
[0.103s] Level 5:colcon.colcon_core.verb:set package 'dvrk_peg_transfer' build argument 'cmake_clean_first' from command line to 'False'
[0.103s] Level 5:colcon.colcon_core.verb:set package 'dvrk_peg_transfer' build argument 'cmake_force_configure' from command line to 'False'
[0.103s] Level 5:colcon.colcon_core.verb:set package 'dvrk_peg_transfer' build argument 'ament_cmake_args' from command line to 'None'
[0.103s] Level 5:colcon.colcon_core.verb:set package 'dvrk_peg_transfer' build argument 'catkin_cmake_args' from command line to 'None'
[0.103s] Level 5:colcon.colcon_core.verb:set package 'dvrk_peg_transfer' build argument 'catkin_skip_building_tests' from command line to 'False'
[0.103s] DEBUG:colcon.colcon_core.verb:Building package 'dvrk_peg_transfer' with the following arguments: {'ament_cmake_args': None, 'build_base': '/home/dvrk-team/dvrk_ctrl_ws/build/dvrk_peg_transfer', 'catkin_cmake_args': None, 'catkin_skip_building_tests': False, 'cmake_args': None, 'cmake_clean_cache': False, 'cmake_clean_first': False, 'cmake_force_configure': False, 'cmake_target': None, 'cmake_target_skip_unavailable': False, 'install_base': '/home/dvrk-team/dvrk_ctrl_ws/install/dvrk_peg_transfer', 'merge_install': False, 'path': '/home/dvrk-team/dvrk_ctrl_ws/src/dvrk_peg_transfer', 'symlink_install': False, 'test_result_base': None}
[0.103s] Level 5:colcon.colcon_core.verb:set package 'peg_transfer_interfaces' build argument 'cmake_args' from command line to 'None'
[0.103s] Level 5:colcon.colcon_core.verb:set package 'peg_transfer_interfaces' build argument 'cmake_target' from command line to 'None'
[0.103s] Level 5:colcon.colcon_core.verb:set package 'peg_transfer_interfaces' build argument 'cmake_target_skip_unavailable' from command line to 'False'
[0.103s] Level 5:colcon.colcon_core.verb:set package 'peg_transfer_interfaces' build argument 'cmake_clean_cache' from command line to 'False'
[0.103s] Level 5:colcon.colcon_core.verb:set package 'peg_transfer_interfaces' build argument 'cmake_clean_first' from command line to 'False'
[0.103s] Level 5:colcon.colcon_core.verb:set package 'peg_transfer_interfaces' build argument 'cmake_force_configure' from command line to 'False'
[0.103s] Level 5:colcon.colcon_core.verb:set package 'peg_transfer_interfaces' build argument 'ament_cmake_args' from command line to 'None'
[0.103s] Level 5:colcon.colcon_core.verb:set package 'peg_transfer_interfaces' build argument 'catkin_cmake_args' from command line to 'None'
[0.103s] Level 5:colcon.colcon_core.verb:set package 'peg_transfer_interfaces' build argument 'catkin_skip_building_tests' from command line to 'False'
[0.103s] DEBUG:colcon.colcon_core.verb:Building package 'peg_transfer_interfaces' with the following arguments: {'ament_cmake_args': None, 'build_base': '/home/dvrk-team/dvrk_ctrl_ws/build/peg_transfer_interfaces', 'catkin_cmake_args': None, 'catkin_skip_building_tests': False, 'cmake_args': None, 'cmake_clean_cache': False, 'cmake_clean_first': False, 'cmake_force_configure': False, 'cmake_target': None, 'cmake_target_skip_unavailable': False, 'install_base': '/home/dvrk-team/dvrk_ctrl_ws/install/peg_transfer_interfaces', 'merge_install': False, 'path': '/home/dvrk-team/dvrk_ctrl_ws/src/peg_transfer_interfaces', 'symlink_install': False, 'test_result_base': None}
[0.103s] INFO:colcon.colcon_core.executor:Executing jobs using 'parallel' executor
[0.104s] DEBUG:colcon.colcon_parallel_executor.executor.parallel:run_until_complete
[0.105s] INFO:colcon.colcon_ros.task.ament_python.build:Building ROS package in '/home/dvrk-team/dvrk_ctrl_ws/src/dvrk_peg_transfer' with build type 'ament_python'
[0.105s] Level 1:colcon.colcon_core.shell:create_environment_hook('dvrk_peg_transfer', 'ament_prefix_path')
[0.107s] INFO:colcon.colcon_core.plugin_system:Skipping extension 'colcon_core.shell.bat': Not used on non-Windows systems
[0.107s] INFO:colcon.colcon_core.shell:Creating environment hook '/home/dvrk-team/dvrk_ctrl_ws/install/dvrk_peg_transfer/share/dvrk_peg_transfer/hook/ament_prefix_path.ps1'
[0.108s] INFO:colcon.colcon_core.shell:Creating environment descriptor '/home/dvrk-team/dvrk_ctrl_ws/install/dvrk_peg_transfer/share/dvrk_peg_transfer/hook/ament_prefix_path.dsv'
[0.108s] INFO:colcon.colcon_core.shell:Creating environment hook '/home/dvrk-team/dvrk_ctrl_ws/install/dvrk_peg_transfer/share/dvrk_peg_transfer/hook/ament_prefix_path.sh'
[0.109s] INFO:colcon.colcon_core.shell:Skip shell extension 'powershell' for command environment: Not usable outside of PowerShell
[0.109s] DEBUG:colcon.colcon_core.shell:Skip shell extension 'dsv' for command environment
[0.112s] INFO:colcon.colcon_ros.task.ament_cmake.build:Building ROS package in '/home/dvrk-team/dvrk_ctrl_ws/src/peg_transfer_interfaces' with build type 'ament_cmake'
[0.112s] INFO:colcon.colcon_cmake.task.cmake.build:Building CMake package in '/home/dvrk-team/dvrk_ctrl_ws/src/peg_transfer_interfaces'
[0.112s] INFO:colcon.colcon_core.shell:Skip shell extension 'powershell' for command environment: Not usable outside of PowerShell
[0.112s] DEBUG:colcon.colcon_core.shell:Skip shell extension 'dsv' for command environment
[0.220s] INFO:colcon.colcon_core.task.python.build:Building Python package in '/home/dvrk-team/dvrk_ctrl_ws/src/dvrk_peg_transfer'
[0.220s] INFO:colcon.colcon_core.shell:Skip shell extension 'powershell' for command environment: Not usable outside of PowerShell
[0.220s] DEBUG:colcon.colcon_core.shell:Skip shell extension 'dsv' for command environment
[0.227s] DEBUG:colcon.colcon_core.event_handler.log_command:Invoking command in '/home/dvrk-team/dvrk_ctrl_ws/build/peg_transfer_interfaces': CMAKE_PREFIX_PATH=/home/dvrk-team/ros2_ws/install/dvrk_robot:/home/dvrk-team/ros2_ws/install/saw_robot_io_1394_ros:/home/dvrk-team/ros2_ws/install/saw_intuitive_research_kit_example_psm_derived:/home/dvrk-team/ros2_ws/install/saw_intuitive_research_kit_example_bilateral_teleop:/home/dvrk-team/ros2_ws/install/saw_controllers_ros:/home/dvrk-team/ros2_ws/install/sawIntuitiveResearchKitCore:/home/dvrk-team/ros2_ws/install/sawTextToSpeechAll:/home/dvrk-team/ros2_ws/install/sawRobotIO1394Core:/home/dvrk-team/ros2_ws/install/sawControllersCore:/home/dvrk-team/ros2_ws/install/sawKeyboardAll:/home/dvrk-team/ros2_ws/install/dvrk_python:/home/dvrk-team/ros2_ws/install/dvrk_display:/home/dvrk-team/ros2_ws/install/dvrk_camera_registration:/home/dvrk-team/ros2_ws/install/data_collection:/home/dvrk-team/ros2_ws/install/crtk_python_client:/home/dvrk-team/ros2_ws/install/peg_transfer_interfaces:/home/dvrk-team/ros2_ws/install/dvrk_video:/home/dvrk-team/dvrk_ctrl_ws/install/peg_transfer:/home/dvrk-team/dvrk_ctrl_ws/install/dvrk_peg_transfer:/home/dvrk-team/ros2_ws/install/dvrk_mtm_gc:/home/dvrk-team/ros2_ws/install/peg_transfer:/opt/ros/jazzy:/home/dvrk-team/ros2_ws/install/dvrk_model:/home/dvrk-team/ros2_ws/install/dvrk_hrsv_widget:/home/dvrk-team/ros2_ws/install/dvrk_config_jhu:/home/dvrk-team/ros2_ws/install/dvrk_config:/home/dvrk-team/ros2_ws/install/dvrk_arms_from_ros:/home/dvrk-team/ros2_ws/install/cisst_ros_crtk:/home/dvrk-team/ros2_ws/install/crtk_msgs:/home/dvrk-team/ros2_ws/install/cisst_ros_bridge:/home/dvrk-team/ros2_ws/install/cisst_msgs:/home/dvrk-team/ros2_ws/install/cisst:/home/dvrk-team/ros2_ws/install/cisstNetlib:/home/dvrk-team/ros_ambf_ws/install/ambf_client:/home/dvrk-team/ros_ambf_ws/install/tf_function:/home/dvrk-team/ros_ambf_ws/install/ros_comm_plugin:/home/dvrk-team/ros_ambf_ws/install/ambf_server:/home/dvrk-team/ros_ambf_ws/install/ambf_msgs:/opt/ros/jazzy/opt/gz_math_vendor:/opt/ros/jazzy/opt/gz_utils_vendor:/opt/ros/jazzy/opt/gz_cmake_vendor DEBUGINFOD_URLS=https://debuginfod.ubuntu.com /usr/bin/cmake /home/dvrk-team/dvrk_ctrl_ws/src/peg_transfer_interfaces -DCMAKE_INSTALL_PREFIX=/home/dvrk-team/dvrk_ctrl_ws/install/peg_transfer_interfaces
[0.481s] DEBUG:colcon.colcon_core.task.python.build:Available setuptools commands: install_data, easy_install, install_scripts, install, bdist_egg, symlink_data, update_catalog, install_headers, build_ext, clean, upload_docs, bdist_rpm, register, sdist, editable_wheel, build, install_lib, compile_catalog, build_scripts, develop, build_py, dist_info, test, bdist_wheel, upload, check, bdist_dumb, alias, extract_messages, saveopts, install_egg_info, bdist, build_clib, rotate, setopt, egg_info, init_catalog
[0.482s] DEBUG:colcon.colcon_core.event_handler.log_command:Invoking command in '/home/dvrk-team/dvrk_ctrl_ws/src/dvrk_peg_transfer': DEBUGINFOD_URLS=https://debuginfod.ubuntu.com PYTHONPATH=/home/dvrk-team/dvrk_ctrl_ws/build/dvrk_peg_transfer/prefix_override:/usr/lib/python3/dist-packages/colcon_core/task/python/colcon_distutils_commands:/home/dvrk-team/dvrk_ctrl_ws/install/dvrk_peg_transfer/lib/python3.12/site-packages:${PYTHONPATH} /usr/bin/python3 -W ignore:setup.py install is deprecated -W ignore:easy_install command is deprecated setup.py egg_info --egg-base ../../build/dvrk_peg_transfer build --build-base /home/dvrk-team/dvrk_ctrl_ws/build/dvrk_peg_transfer/build install --record /home/dvrk-team/dvrk_ctrl_ws/build/dvrk_peg_transfer/install.log --install-scripts $base/lib/dvrk_peg_transfer --single-version-externally-managed install_data
[0.705s] DEBUG:colcon.colcon_core.event_handler.log_command:Invoked command in '/home/dvrk-team/dvrk_ctrl_ws/src/dvrk_peg_transfer' returned '0': DEBUGINFOD_URLS=https://debuginfod.ubuntu.com PYTHONPATH=/home/dvrk-team/dvrk_ctrl_ws/build/dvrk_peg_transfer/prefix_override:/usr/lib/python3/dist-packages/colcon_core/task/python/colcon_distutils_commands:/home/dvrk-team/dvrk_ctrl_ws/install/dvrk_peg_transfer/lib/python3.12/site-packages:${PYTHONPATH} /usr/bin/python3 -W ignore:setup.py install is deprecated -W ignore:easy_install command is deprecated setup.py egg_info --egg-base ../../build/dvrk_peg_transfer build --build-base /home/dvrk-team/dvrk_ctrl_ws/build/dvrk_peg_transfer/build install --record /home/dvrk-team/dvrk_ctrl_ws/build/dvrk_peg_transfer/install.log --install-scripts $base/lib/dvrk_peg_transfer --single-version-externally-managed install_data
[0.706s] Level 1:colcon.colcon_core.environment:checking '/home/dvrk-team/dvrk_ctrl_ws/install/dvrk_peg_transfer' for CMake module files
[0.707s] Level 1:colcon.colcon_core.environment:checking '/home/dvrk-team/dvrk_ctrl_ws/install/dvrk_peg_transfer' for CMake config files
[0.707s] Level 1:colcon.colcon_core.environment:checking '/home/dvrk-team/dvrk_ctrl_ws/install/dvrk_peg_transfer/lib'
[0.707s] Level 1:colcon.colcon_core.environment:checking '/home/dvrk-team/dvrk_ctrl_ws/install/dvrk_peg_transfer/bin'
[0.708s] Level 1:colcon.colcon_core.environment:checking '/home/dvrk-team/dvrk_ctrl_ws/install/dvrk_peg_transfer/lib/pkgconfig/dvrk_peg_transfer.pc'
[0.708s] Level 1:colcon.colcon_core.environment:checking '/home/dvrk-team/dvrk_ctrl_ws/install/dvrk_peg_transfer/lib/python3.12/site-packages'
[0.708s] Level 1:colcon.colcon_core.shell:create_environment_hook('dvrk_peg_transfer', 'pythonpath')
[0.708s] INFO:colcon.colcon_core.shell:Creating environment hook '/home/dvrk-team/dvrk_ctrl_ws/install/dvrk_peg_transfer/share/dvrk_peg_transfer/hook/pythonpath.ps1'
[0.708s] INFO:colcon.colcon_core.shell:Creating environment descriptor '/home/dvrk-team/dvrk_ctrl_ws/install/dvrk_peg_transfer/share/dvrk_peg_transfer/hook/pythonpath.dsv'
[0.709s] INFO:colcon.colcon_core.shell:Creating environment hook '/home/dvrk-team/dvrk_ctrl_ws/install/dvrk_peg_transfer/share/dvrk_peg_transfer/hook/pythonpath.sh'
[0.709s] Level 1:colcon.colcon_core.environment:checking '/home/dvrk-team/dvrk_ctrl_ws/install/dvrk_peg_transfer/bin'
[0.709s] Level 1:colcon.colcon_core.environment:create_environment_scripts_only(dvrk_peg_transfer)
[0.710s] INFO:colcon.colcon_core.shell:Creating package script '/home/dvrk-team/dvrk_ctrl_ws/install/dvrk_peg_transfer/share/dvrk_peg_transfer/package.ps1'
[0.710s] INFO:colcon.colcon_core.shell:Creating package descriptor '/home/dvrk-team/dvrk_ctrl_ws/install/dvrk_peg_transfer/share/dvrk_peg_transfer/package.dsv'
[0.711s] INFO:colcon.colcon_core.shell:Creating package script '/home/dvrk-team/dvrk_ctrl_ws/install/dvrk_peg_transfer/share/dvrk_peg_transfer/package.sh'
[0.711s] INFO:colcon.colcon_core.shell:Creating package script '/home/dvrk-team/dvrk_ctrl_ws/install/dvrk_peg_transfer/share/dvrk_peg_transfer/package.bash'
[0.711s] INFO:colcon.colcon_core.shell:Creating package script '/home/dvrk-team/dvrk_ctrl_ws/install/dvrk_peg_transfer/share/dvrk_peg_transfer/package.zsh'
[0.712s] Level 1:colcon.colcon_core.environment:create_file_with_runtime_dependencies(/home/dvrk-team/dvrk_ctrl_ws/install/dvrk_peg_transfer/share/colcon-core/packages/dvrk_peg_transfer)
[2.509s] DEBUG:colcon.colcon_core.event_handler.log_command:Invoked command in '/home/dvrk-team/dvrk_ctrl_ws/build/peg_transfer_interfaces' returned '0': CMAKE_PREFIX_PATH=/home/dvrk-team/ros2_ws/install/dvrk_robot:/home/dvrk-team/ros2_ws/install/saw_robot_io_1394_ros:/home/dvrk-team/ros2_ws/install/saw_intuitive_research_kit_example_psm_derived:/home/dvrk-team/ros2_ws/install/saw_intuitive_research_kit_example_bilateral_teleop:/home/dvrk-team/ros2_ws/install/saw_controllers_ros:/home/dvrk-team/ros2_ws/install/sawIntuitiveResearchKitCore:/home/dvrk-team/ros2_ws/install/sawTextToSpeechAll:/home/dvrk-team/ros2_ws/install/sawRobotIO1394Core:/home/dvrk-team/ros2_ws/install/sawControllersCore:/home/dvrk-team/ros2_ws/install/sawKeyboardAll:/home/dvrk-team/ros2_ws/install/dvrk_python:/home/dvrk-team/ros2_ws/install/dvrk_display:/home/dvrk-team/ros2_ws/install/dvrk_camera_registration:/home/dvrk-team/ros2_ws/install/data_collection:/home/dvrk-team/ros2_ws/install/crtk_python_client:/home/dvrk-team/ros2_ws/install/peg_transfer_interfaces:/home/dvrk-team/ros2_ws/install/dvrk_video:/home/dvrk-team/dvrk_ctrl_ws/install/peg_transfer:/home/dvrk-team/dvrk_ctrl_ws/install/dvrk_peg_transfer:/home/dvrk-team/ros2_ws/install/dvrk_mtm_gc:/home/dvrk-team/ros2_ws/install/peg_transfer:/opt/ros/jazzy:/home/dvrk-team/ros2_ws/install/dvrk_model:/home/dvrk-team/ros2_ws/install/dvrk_hrsv_widget:/home/dvrk-team/ros2_ws/install/dvrk_config_jhu:/home/dvrk-team/ros2_ws/install/dvrk_config:/home/dvrk-team/ros2_ws/install/dvrk_arms_from_ros:/home/dvrk-team/ros2_ws/install/cisst_ros_crtk:/home/dvrk-team/ros2_ws/install/crtk_msgs:/home/dvrk-team/ros2_ws/install/cisst_ros_bridge:/home/dvrk-team/ros2_ws/install/cisst_msgs:/home/dvrk-team/ros2_ws/install/cisst:/home/dvrk-team/ros2_ws/install/cisstNetlib:/home/dvrk-team/ros_ambf_ws/install/ambf_client:/home/dvrk-team/ros_ambf_ws/install/tf_function:/home/dvrk-team/ros_ambf_ws/install/ros_comm_plugin:/home/dvrk-team/ros_ambf_ws/install/ambf_server:/home/dvrk-team/ros_ambf_ws/install/ambf_msgs:/opt/ros/jazzy/opt/gz_math_vendor:/opt/ros/jazzy/opt/gz_utils_vendor:/opt/ros/jazzy/opt/gz_cmake_vendor DEBUGINFOD_URLS=https://debuginfod.ubuntu.com /usr/bin/cmake /home/dvrk-team/dvrk_ctrl_ws/src/peg_transfer_interfaces -DCMAKE_INSTALL_PREFIX=/home/dvrk-team/dvrk_ctrl_ws/install/peg_transfer_interfaces
[2.510s] DEBUG:colcon.colcon_core.event_handler.log_command:Invoking command in '/home/dvrk-team/dvrk_ctrl_ws/build/peg_transfer_interfaces': CMAKE_PREFIX_PATH=/home/dvrk-team/ros2_ws/install/dvrk_robot:/home/dvrk-team/ros2_ws/install/saw_robot_io_1394_ros:/home/dvrk-team/ros2_ws/install/saw_intuitive_research_kit_example_psm_derived:/home/dvrk-team/ros2_ws/install/saw_intuitive_research_kit_example_bilateral_teleop:/home/dvrk-team/ros2_ws/install/saw_controllers_ros:/home/dvrk-team/ros2_ws/install/sawIntuitiveResearchKitCore:/home/dvrk-team/ros2_ws/install/sawTextToSpeechAll:/home/dvrk-team/ros2_ws/install/sawRobotIO1394Core:/home/dvrk-team/ros2_ws/install/sawControllersCore:/home/dvrk-team/ros2_ws/install/sawKeyboardAll:/home/dvrk-team/ros2_ws/install/dvrk_python:/home/dvrk-team/ros2_ws/install/dvrk_display:/home/dvrk-team/ros2_ws/install/dvrk_camera_registration:/home/dvrk-team/ros2_ws/install/data_collection:/home/dvrk-team/ros2_ws/install/crtk_python_client:/home/dvrk-team/ros2_ws/install/peg_transfer_interfaces:/home/dvrk-team/ros2_ws/install/dvrk_video:/home/dvrk-team/dvrk_ctrl_ws/install/peg_transfer:/home/dvrk-team/dvrk_ctrl_ws/install/dvrk_peg_transfer:/home/dvrk-team/ros2_ws/install/dvrk_mtm_gc:/home/dvrk-team/ros2_ws/install/peg_transfer:/opt/ros/jazzy:/home/dvrk-team/ros2_ws/install/dvrk_model:/home/dvrk-team/ros2_ws/install/dvrk_hrsv_widget:/home/dvrk-team/ros2_ws/install/dvrk_config_jhu:/home/dvrk-team/ros2_ws/install/dvrk_config:/home/dvrk-team/ros2_ws/install/dvrk_arms_from_ros:/home/dvrk-team/ros2_ws/install/cisst_ros_crtk:/home/dvrk-team/ros2_ws/install/crtk_msgs:/home/dvrk-team/ros2_ws/install/cisst_ros_bridge:/home/dvrk-team/ros2_ws/install/cisst_msgs:/home/dvrk-team/ros2_ws/install/cisst:/home/dvrk-team/ros2_ws/install/cisstNetlib:/home/dvrk-team/ros_ambf_ws/install/ambf_client:/home/dvrk-team/ros_ambf_ws/install/tf_function:/home/dvrk-team/ros_ambf_ws/install/ros_comm_plugin:/home/dvrk-team/ros_ambf_ws/install/ambf_server:/home/dvrk-team/ros_ambf_ws/install/ambf_msgs:/opt/ros/jazzy/opt/gz_math_vendor:/opt/ros/jazzy/opt/gz_utils_vendor:/opt/ros/jazzy/opt/gz_cmake_vendor DEBUGINFOD_URLS=https://debuginfod.ubuntu.com /usr/bin/cmake --build /home/dvrk-team/dvrk_ctrl_ws/build/peg_transfer_interfaces -- -j24 -l24
[3.767s] DEBUG:colcon.colcon_core.event_handler.log_command:Invoked command in '/home/dvrk-team/dvrk_ctrl_ws/build/peg_transfer_interfaces' returned '0': CMAKE_PREFIX_PATH=/home/dvrk-team/ros2_ws/install/dvrk_robot:/home/dvrk-team/ros2_ws/install/saw_robot_io_1394_ros:/home/dvrk-team/ros2_ws/install/saw_intuitive_research_kit_example_psm_derived:/home/dvrk-team/ros2_ws/install/saw_intuitive_research_kit_example_bilateral_teleop:/home/dvrk-team/ros2_ws/install/saw_controllers_ros:/home/dvrk-team/ros2_ws/install/sawIntuitiveResearchKitCore:/home/dvrk-team/ros2_ws/install/sawTextToSpeechAll:/home/dvrk-team/ros2_ws/install/sawRobotIO1394Core:/home/dvrk-team/ros2_ws/install/sawControllersCore:/home/dvrk-team/ros2_ws/install/sawKeyboardAll:/home/dvrk-team/ros2_ws/install/dvrk_python:/home/dvrk-team/ros2_ws/install/dvrk_display:/home/dvrk-team/ros2_ws/install/dvrk_camera_registration:/home/dvrk-team/ros2_ws/install/data_collection:/home/dvrk-team/ros2_ws/install/crtk_python_client:/home/dvrk-team/ros2_ws/install/peg_transfer_interfaces:/home/dvrk-team/ros2_ws/install/dvrk_video:/home/dvrk-team/dvrk_ctrl_ws/install/peg_transfer:/home/dvrk-team/dvrk_ctrl_ws/install/dvrk_peg_transfer:/home/dvrk-team/ros2_ws/install/dvrk_mtm_gc:/home/dvrk-team/ros2_ws/install/peg_transfer:/opt/ros/jazzy:/home/dvrk-team/ros2_ws/install/dvrk_model:/home/dvrk-team/ros2_ws/install/dvrk_hrsv_widget:/home/dvrk-team/ros2_ws/install/dvrk_config_jhu:/home/dvrk-team/ros2_ws/install/dvrk_config:/home/dvrk-team/ros2_ws/install/dvrk_arms_from_ros:/home/dvrk-team/ros2_ws/install/cisst_ros_crtk:/home/dvrk-team/ros2_ws/install/crtk_msgs:/home/dvrk-team/ros2_ws/install/cisst_ros_bridge:/home/dvrk-team/ros2_ws/install/cisst_msgs:/home/dvrk-team/ros2_ws/install/cisst:/home/dvrk-team/ros2_ws/install/cisstNetlib:/home/dvrk-team/ros_ambf_ws/install/ambf_client:/home/dvrk-team/ros_ambf_ws/install/tf_function:/home/dvrk-team/ros_ambf_ws/install/ros_comm_plugin:/home/dvrk-team/ros_ambf_ws/install/ambf_server:/home/dvrk-team/ros_ambf_ws/install/ambf_msgs:/opt/ros/jazzy/opt/gz_math_vendor:/opt/ros/jazzy/opt/gz_utils_vendor:/opt/ros/jazzy/opt/gz_cmake_vendor DEBUGINFOD_URLS=https://debuginfod.ubuntu.com /usr/bin/cmake --build /home/dvrk-team/dvrk_ctrl_ws/build/peg_transfer_interfaces -- -j24 -l24
[3.774s] DEBUG:colcon.colcon_core.event_handler.log_command:Invoking command in '/home/dvrk-team/dvrk_ctrl_ws/build/peg_transfer_interfaces': CMAKE_PREFIX_PATH=/home/dvrk-team/ros2_ws/install/dvrk_robot:/home/dvrk-team/ros2_ws/install/saw_robot_io_1394_ros:/home/dvrk-team/ros2_ws/install/saw_intuitive_research_kit_example_psm_derived:/home/dvrk-team/ros2_ws/install/saw_intuitive_research_kit_example_bilateral_teleop:/home/dvrk-team/ros2_ws/install/saw_controllers_ros:/home/dvrk-team/ros2_ws/install/sawIntuitiveResearchKitCore:/home/dvrk-team/ros2_ws/install/sawTextToSpeechAll:/home/dvrk-team/ros2_ws/install/sawRobotIO1394Core:/home/dvrk-team/ros2_ws/install/sawControllersCore:/home/dvrk-team/ros2_ws/install/sawKeyboardAll:/home/dvrk-team/ros2_ws/install/dvrk_python:/home/dvrk-team/ros2_ws/install/dvrk_display:/home/dvrk-team/ros2_ws/install/dvrk_camera_registration:/home/dvrk-team/ros2_ws/install/data_collection:/home/dvrk-team/ros2_ws/install/crtk_python_client:/home/dvrk-team/ros2_ws/install/peg_transfer_interfaces:/home/dvrk-team/ros2_ws/install/dvrk_video:/home/dvrk-team/dvrk_ctrl_ws/install/peg_transfer:/home/dvrk-team/dvrk_ctrl_ws/install/dvrk_peg_transfer:/home/dvrk-team/ros2_ws/install/dvrk_mtm_gc:/home/dvrk-team/ros2_ws/install/peg_transfer:/opt/ros/jazzy:/home/dvrk-team/ros2_ws/install/dvrk_model:/home/dvrk-team/ros2_ws/install/dvrk_hrsv_widget:/home/dvrk-team/ros2_ws/install/dvrk_config_jhu:/home/dvrk-team/ros2_ws/install/dvrk_config:/home/dvrk-team/ros2_ws/install/dvrk_arms_from_ros:/home/dvrk-team/ros2_ws/install/cisst_ros_crtk:/home/dvrk-team/ros2_ws/install/crtk_msgs:/home/dvrk-team/ros2_ws/install/cisst_ros_bridge:/home/dvrk-team/ros2_ws/install/cisst_msgs:/home/dvrk-team/ros2_ws/install/cisst:/home/dvrk-team/ros2_ws/install/cisstNetlib:/home/dvrk-team/ros_ambf_ws/install/ambf_client:/home/dvrk-team/ros_ambf_ws/install/tf_function:/home/dvrk-team/ros_ambf_ws/install/ros_comm_plugin:/home/dvrk-team/ros_ambf_ws/install/ambf_server:/home/dvrk-team/ros_ambf_ws/install/ambf_msgs:/opt/ros/jazzy/opt/gz_math_vendor:/opt/ros/jazzy/opt/gz_utils_vendor:/opt/ros/jazzy/opt/gz_cmake_vendor DEBUGINFOD_URLS=https://debuginfod.ubuntu.com /usr/bin/cmake --install /home/dvrk-team/dvrk_ctrl_ws/build/peg_transfer_interfaces
[3.821s] Level 1:colcon.colcon_core.environment:create_environment_scripts_only(peg_transfer_interfaces)
[3.822s] DEBUG:colcon.colcon_core.event_handler.log_command:Invoked command in '/home/dvrk-team/dvrk_ctrl_ws/build/peg_transfer_interfaces' returned '0': CMAKE_PREFIX_PATH=/home/dvrk-team/ros2_ws/install/dvrk_robot:/home/dvrk-team/ros2_ws/install/saw_robot_io_1394_ros:/home/dvrk-team/ros2_ws/install/saw_intuitive_research_kit_example_psm_derived:/home/dvrk-team/ros2_ws/install/saw_intuitive_research_kit_example_bilateral_teleop:/home/dvrk-team/ros2_ws/install/saw_controllers_ros:/home/dvrk-team/ros2_ws/install/sawIntuitiveResearchKitCore:/home/dvrk-team/ros2_ws/install/sawTextToSpeechAll:/home/dvrk-team/ros2_ws/install/sawRobotIO1394Core:/home/dvrk-team/ros2_ws/install/sawControllersCore:/home/dvrk-team/ros2_ws/install/sawKeyboardAll:/home/dvrk-team/ros2_ws/install/dvrk_python:/home/dvrk-team/ros2_ws/install/dvrk_display:/home/dvrk-team/ros2_ws/install/dvrk_camera_registration:/home/dvrk-team/ros2_ws/install/data_collection:/home/dvrk-team/ros2_ws/install/crtk_python_client:/home/dvrk-team/ros2_ws/install/peg_transfer_interfaces:/home/dvrk-team/ros2_ws/install/dvrk_video:/home/dvrk-team/dvrk_ctrl_ws/install/peg_transfer:/home/dvrk-team/dvrk_ctrl_ws/install/dvrk_peg_transfer:/home/dvrk-team/ros2_ws/install/dvrk_mtm_gc:/home/dvrk-team/ros2_ws/install/peg_transfer:/opt/ros/jazzy:/home/dvrk-team/ros2_ws/install/dvrk_model:/home/dvrk-team/ros2_ws/install/dvrk_hrsv_widget:/home/dvrk-team/ros2_ws/install/dvrk_config_jhu:/home/dvrk-team/ros2_ws/install/dvrk_config:/home/dvrk-team/ros2_ws/install/dvrk_arms_from_ros:/home/dvrk-team/ros2_ws/install/cisst_ros_crtk:/home/dvrk-team/ros2_ws/install/crtk_msgs:/home/dvrk-team/ros2_ws/install/cisst_ros_bridge:/home/dvrk-team/ros2_ws/install/cisst_msgs:/home/dvrk-team/ros2_ws/install/cisst:/home/dvrk-team/ros2_ws/install/cisstNetlib:/home/dvrk-team/ros_ambf_ws/install/ambf_client:/home/dvrk-team/ros_ambf_ws/install/tf_function:/home/dvrk-team/ros_ambf_ws/install/ros_comm_plugin:/home/dvrk-team/ros_ambf_ws/install/ambf_server:/home/dvrk-team/ros_ambf_ws/install/ambf_msgs:/opt/ros/jazzy/opt/gz_math_vendor:/opt/ros/jazzy/opt/gz_utils_vendor:/opt/ros/jazzy/opt/gz_cmake_vendor DEBUGINFOD_URLS=https://debuginfod.ubuntu.com /usr/bin/cmake --install /home/dvrk-team/dvrk_ctrl_ws/build/peg_transfer_interfaces
[3.822s] Level 1:colcon.colcon_core.environment:checking '/home/dvrk-team/dvrk_ctrl_ws/install/peg_transfer_interfaces' for CMake module files
[3.822s] Level 1:colcon.colcon_core.environment:checking '/home/dvrk-team/dvrk_ctrl_ws/install/peg_transfer_interfaces' for CMake config files
[3.823s] Level 1:colcon.colcon_core.shell:create_environment_hook('peg_transfer_interfaces', 'cmake_prefix_path')
[3.823s] INFO:colcon.colcon_core.shell:Creating environment hook '/home/dvrk-team/dvrk_ctrl_ws/install/peg_transfer_interfaces/share/peg_transfer_interfaces/hook/cmake_prefix_path.ps1'
[3.823s] INFO:colcon.colcon_core.shell:Creating environment descriptor '/home/dvrk-team/dvrk_ctrl_ws/install/peg_transfer_interfaces/share/peg_transfer_interfaces/hook/cmake_prefix_path.dsv'
[3.824s] INFO:colcon.colcon_core.shell:Creating environment hook '/home/dvrk-team/dvrk_ctrl_ws/install/peg_transfer_interfaces/share/peg_transfer_interfaces/hook/cmake_prefix_path.sh'
[3.824s] Level 1:colcon.colcon_core.environment:checking '/home/dvrk-team/dvrk_ctrl_ws/install/peg_transfer_interfaces/lib'
[3.824s] Level 1:colcon.colcon_core.shell:create_environment_hook('peg_transfer_interfaces', 'ld_library_path_lib')
[3.825s] INFO:colcon.colcon_core.shell:Creating environment hook '/home/dvrk-team/dvrk_ctrl_ws/install/peg_transfer_interfaces/share/peg_transfer_interfaces/hook/ld_library_path_lib.ps1'
[3.825s] INFO:colcon.colcon_core.shell:Creating environment descriptor '/home/dvrk-team/dvrk_ctrl_ws/install/peg_transfer_interfaces/share/peg_transfer_interfaces/hook/ld_library_path_lib.dsv'
[3.825s] INFO:colcon.colcon_core.shell:Creating environment hook '/home/dvrk-team/dvrk_ctrl_ws/install/peg_transfer_interfaces/share/peg_transfer_interfaces/hook/ld_library_path_lib.sh'
[3.826s] Level 1:colcon.colcon_core.environment:checking '/home/dvrk-team/dvrk_ctrl_ws/install/peg_transfer_interfaces/bin'
[3.826s] Level 1:colcon.colcon_core.environment:checking '/home/dvrk-team/dvrk_ctrl_ws/install/peg_transfer_interfaces/lib/pkgconfig/peg_transfer_interfaces.pc'
[3.826s] Level 1:colcon.colcon_core.environment:checking '/home/dvrk-team/dvrk_ctrl_ws/install/peg_transfer_interfaces/lib/python3.12/site-packages'
[3.826s] Level 1:colcon.colcon_core.shell:create_environment_hook('peg_transfer_interfaces', 'pythonpath')
[3.826s] INFO:colcon.colcon_core.shell:Creating environment hook '/home/dvrk-team/dvrk_ctrl_ws/install/peg_transfer_interfaces/share/peg_transfer_interfaces/hook/pythonpath.ps1'
[3.826s] INFO:colcon.colcon_core.shell:Creating environment descriptor '/home/dvrk-team/dvrk_ctrl_ws/install/peg_transfer_interfaces/share/peg_transfer_interfaces/hook/pythonpath.dsv'
[3.827s] INFO:colcon.colcon_core.shell:Creating environment hook '/home/dvrk-team/dvrk_ctrl_ws/install/peg_transfer_interfaces/share/peg_transfer_interfaces/hook/pythonpath.sh'
[3.827s] Level 1:colcon.colcon_core.environment:checking '/home/dvrk-team/dvrk_ctrl_ws/install/peg_transfer_interfaces/bin'
[3.828s] INFO:colcon.colcon_core.shell:Creating package script '/home/dvrk-team/dvrk_ctrl_ws/install/peg_transfer_interfaces/share/peg_transfer_interfaces/package.ps1'
[3.828s] INFO:colcon.colcon_core.shell:Creating package descriptor '/home/dvrk-team/dvrk_ctrl_ws/install/peg_transfer_interfaces/share/peg_transfer_interfaces/package.dsv'
[3.829s] INFO:colcon.colcon_core.shell:Creating package script '/home/dvrk-team/dvrk_ctrl_ws/install/peg_transfer_interfaces/share/peg_transfer_interfaces/package.sh'
[3.829s] INFO:colcon.colcon_core.shell:Creating package script '/home/dvrk-team/dvrk_ctrl_ws/install/peg_transfer_interfaces/share/peg_transfer_interfaces/package.bash'
[3.829s] INFO:colcon.colcon_core.shell:Creating package script '/home/dvrk-team/dvrk_ctrl_ws/install/peg_transfer_interfaces/share/peg_transfer_interfaces/package.zsh'
[3.829s] Level 1:colcon.colcon_core.environment:create_file_with_runtime_dependencies(/home/dvrk-team/dvrk_ctrl_ws/install/peg_transfer_interfaces/share/colcon-core/packages/peg_transfer_interfaces)
[3.829s] Level 1:colcon.colcon_core.environment:create_environment_scripts_only(peg_transfer_interfaces)
[3.829s] Level 1:colcon.colcon_core.environment:checking '/home/dvrk-team/dvrk_ctrl_ws/install/peg_transfer_interfaces' for CMake module files
[3.830s] Level 1:colcon.colcon_core.environment:checking '/home/dvrk-team/dvrk_ctrl_ws/install/peg_transfer_interfaces' for CMake config files
[3.830s] Level 1:colcon.colcon_core.shell:create_environment_hook('peg_transfer_interfaces', 'cmake_prefix_path')
[3.830s] INFO:colcon.colcon_core.shell:Creating environment hook '/home/dvrk-team/dvrk_ctrl_ws/install/peg_transfer_interfaces/share/peg_transfer_interfaces/hook/cmake_prefix_path.ps1'
[3.830s] INFO:colcon.colcon_core.shell:Creating environment descriptor '/home/dvrk-team/dvrk_ctrl_ws/install/peg_transfer_interfaces/share/peg_transfer_interfaces/hook/cmake_prefix_path.dsv'
[3.830s] INFO:colcon.colcon_core.shell:Creating environment hook '/home/dvrk-team/dvrk_ctrl_ws/install/peg_transfer_interfaces/share/peg_transfer_interfaces/hook/cmake_prefix_path.sh'
[3.830s] Level 1:colcon.colcon_core.environment:checking '/home/dvrk-team/dvrk_ctrl_ws/install/peg_transfer_interfaces/lib'
[3.831s] Level 1:colcon.colcon_core.shell:create_environment_hook('peg_transfer_interfaces', 'ld_library_path_lib')
[3.831s] INFO:colcon.colcon_core.shell:Creating environment hook '/home/dvrk-team/dvrk_ctrl_ws/install/peg_transfer_interfaces/share/peg_transfer_interfaces/hook/ld_library_path_lib.ps1'
[3.831s] INFO:colcon.colcon_core.shell:Creating environment descriptor '/home/dvrk-team/dvrk_ctrl_ws/install/peg_transfer_interfaces/share/peg_transfer_interfaces/hook/ld_library_path_lib.dsv'
[3.831s] INFO:colcon.colcon_core.shell:Creating environment hook '/home/dvrk-team/dvrk_ctrl_ws/install/peg_transfer_interfaces/share/peg_transfer_interfaces/hook/ld_library_path_lib.sh'
[3.831s] Level 1:colcon.colcon_core.environment:checking '/home/dvrk-team/dvrk_ctrl_ws/install/peg_transfer_interfaces/bin'
[3.831s] Level 1:colcon.colcon_core.environment:checking '/home/dvrk-team/dvrk_ctrl_ws/install/peg_transfer_interfaces/lib/pkgconfig/peg_transfer_interfaces.pc'
[3.831s] Level 1:colcon.colcon_core.environment:checking '/home/dvrk-team/dvrk_ctrl_ws/install/peg_transfer_interfaces/lib/python3.12/site-packages'
[3.831s] Level 1:colcon.colcon_core.shell:create_environment_hook('peg_transfer_interfaces', 'pythonpath')
[3.831s] INFO:colcon.colcon_core.shell:Creating environment hook '/home/dvrk-team/dvrk_ctrl_ws/install/peg_transfer_interfaces/share/peg_transfer_interfaces/hook/pythonpath.ps1'
[3.832s] INFO:colcon.colcon_core.shell:Creating environment descriptor '/home/dvrk-team/dvrk_ctrl_ws/install/peg_transfer_interfaces/share/peg_transfer_interfaces/hook/pythonpath.dsv'
[3.832s] INFO:colcon.colcon_core.shell:Creating environment hook '/home/dvrk-team/dvrk_ctrl_ws/install/peg_transfer_interfaces/share/peg_transfer_interfaces/hook/pythonpath.sh'
[3.832s] Level 1:colcon.colcon_core.environment:checking '/home/dvrk-team/dvrk_ctrl_ws/install/peg_transfer_interfaces/bin'
[3.832s] INFO:colcon.colcon_core.shell:Creating package script '/home/dvrk-team/dvrk_ctrl_ws/install/peg_transfer_interfaces/share/peg_transfer_interfaces/package.ps1'
[3.832s] INFO:colcon.colcon_core.shell:Creating package descriptor '/home/dvrk-team/dvrk_ctrl_ws/install/peg_transfer_interfaces/share/peg_transfer_interfaces/package.dsv'
[3.833s] INFO:colcon.colcon_core.shell:Creating package script '/home/dvrk-team/dvrk_ctrl_ws/install/peg_transfer_interfaces/share/peg_transfer_interfaces/package.sh'
[3.833s] INFO:colcon.colcon_core.shell:Creating package script '/home/dvrk-team/dvrk_ctrl_ws/install/peg_transfer_interfaces/share/peg_transfer_interfaces/package.bash'
[3.833s] INFO:colcon.colcon_core.shell:Creating package script '/home/dvrk-team/dvrk_ctrl_ws/install/peg_transfer_interfaces/share/peg_transfer_interfaces/package.zsh'
[3.833s] Level 1:colcon.colcon_core.environment:create_file_with_runtime_dependencies(/home/dvrk-team/dvrk_ctrl_ws/install/peg_transfer_interfaces/share/colcon-core/packages/peg_transfer_interfaces)
[3.833s] DEBUG:colcon.colcon_parallel_executor.executor.parallel:closing loop
[3.833s] DEBUG:colcon.colcon_parallel_executor.executor.parallel:loop closed
[3.833s] DEBUG:colcon.colcon_parallel_executor.executor.parallel:run_until_complete finished with '0'
[3.833s] DEBUG:colcon.colcon_core.event_reactor:joining thread
[3.838s] INFO:colcon.colcon_core.plugin_system:Skipping extension 'colcon_notification.desktop_notification.terminal_notifier': Not used on non-Darwin systems
[3.838s] INFO:colcon.colcon_core.plugin_system:Skipping extension 'colcon_notification.desktop_notification.win32': Not used on non-Windows systems
[3.838s] INFO:colcon.colcon_notification.desktop_notification:Sending desktop notification using 'notify2'
[3.849s] DEBUG:colcon.colcon_core.event_reactor:joined thread
[3.849s] INFO:colcon.colcon_core.shell:Creating prefix script '/home/dvrk-team/dvrk_ctrl_ws/install/local_setup.ps1'
[3.850s] INFO:colcon.colcon_core.shell:Creating prefix util module '/home/dvrk-team/dvrk_ctrl_ws/install/_local_setup_util_ps1.py'
[3.851s] INFO:colcon.colcon_core.shell:Creating prefix chain script '/home/dvrk-team/dvrk_ctrl_ws/install/setup.ps1'
[3.852s] INFO:colcon.colcon_core.shell:Creating prefix script '/home/dvrk-team/dvrk_ctrl_ws/install/local_setup.sh'
[3.853s] INFO:colcon.colcon_core.shell:Creating prefix util module '/home/dvrk-team/dvrk_ctrl_ws/install/_local_setup_util_sh.py'
[3.853s] INFO:colcon.colcon_core.shell:Creating prefix chain script '/home/dvrk-team/dvrk_ctrl_ws/install/setup.sh'
[3.855s] INFO:colcon.colcon_core.shell:Creating prefix script '/home/dvrk-team/dvrk_ctrl_ws/install/local_setup.bash'
[3.855s] INFO:colcon.colcon_core.shell:Creating prefix chain script '/home/dvrk-team/dvrk_ctrl_ws/install/setup.bash'
[3.857s] INFO:colcon.colcon_core.shell:Creating prefix script '/home/dvrk-team/dvrk_ctrl_ws/install/local_setup.zsh'
[3.857s] INFO:colcon.colcon_core.shell:Creating prefix chain script '/home/dvrk-team/dvrk_ctrl_ws/install/setup.zsh'
