running egg_info
writing ../../build/utilities/utilities.egg-info/PKG-INFO
writing dependency_links to ../../build/utilities/utilities.egg-info/dependency_links.txt
writing entry points to ../../build/utilities/utilities.egg-info/entry_points.txt
writing requirements to ../../build/utilities/utilities.egg-info/requires.txt
writing top-level names to ../../build/utilities/utilities.egg-info/top_level.txt
reading manifest file '../../build/utilities/utilities.egg-info/SOURCES.txt'
adding license file 'LICENSE'
writing manifest file '../../build/utilities/utilities.egg-info/SOURCES.txt'
running build
running build_py
copying utilities/object_cmd.py -> /home/dvrk-team/dvrk_ctrl_ws/build/utilities/build/lib/utilities
copying utilities/tool_cmd.py -> /home/dvrk-team/dvrk_ctrl_ws/build/utilities/build/lib/utilities
running install
running install_lib
copying /home/dvrk-team/dvrk_ctrl_ws/build/utilities/build/lib/utilities/object_cmd.py -> /home/dvrk-team/dvrk_ctrl_ws/install/utilities/lib/python3.12/site-packages/utilities
copying /home/dvrk-team/dvrk_ctrl_ws/build/utilities/build/lib/utilities/tool_cmd.py -> /home/dvrk-team/dvrk_ctrl_ws/install/utilities/lib/python3.12/site-packages/utilities
byte-compiling /home/dvrk-team/dvrk_ctrl_ws/install/utilities/lib/python3.12/site-packages/utilities/object_cmd.py to object_cmd.cpython-312.pyc
byte-compiling /home/dvrk-team/dvrk_ctrl_ws/install/utilities/lib/python3.12/site-packages/utilities/tool_cmd.py to tool_cmd.cpython-312.pyc
running install_data
running install_egg_info
removing '/home/dvrk-team/dvrk_ctrl_ws/install/utilities/lib/python3.12/site-packages/utilities-0.0.0-py3.12.egg-info' (and everything under it)
Copying ../../build/utilities/utilities.egg-info to /home/dvrk-team/dvrk_ctrl_ws/install/utilities/lib/python3.12/site-packages/utilities-0.0.0-py3.12.egg-info
running install_scripts
Installing object_loc script to /home/dvrk-team/dvrk_ctrl_ws/install/utilities/lib/utilities
Installing tool_cmd script to /home/dvrk-team/dvrk_ctrl_ws/install/utilities/lib/utilities
writing list of installed files to '/home/dvrk-team/dvrk_ctrl_ws/build/utilities/install.log'
