[0.361s] Invoking command in '/home/dvrk-team/dvrk_ctrl_ws/src/dvrk_peg_transfer': DEBUGINFOD_URLS=https://debuginfod.ubuntu.com PYTHONPATH=/home/dvrk-team/dvrk_ctrl_ws/build/dvrk_peg_transfer/prefix_override:/usr/lib/python3/dist-packages/colcon_core/task/python/colcon_distutils_commands:/home/dvrk-team/dvrk_ctrl_ws/install/dvrk_peg_transfer/lib/python3.12/site-packages:${PYTHONPATH} /usr/bin/python3 -W ignore:setup.py install is deprecated -W ignore:easy_install command is deprecated setup.py egg_info --egg-base ../../build/dvrk_peg_transfer build --build-base /home/dvrk-team/dvrk_ctrl_ws/build/dvrk_peg_transfer/build install --record /home/dvrk-team/dvrk_ctrl_ws/build/dvrk_peg_transfer/install.log --install-scripts $base/lib/dvrk_peg_transfer --single-version-externally-managed install_data
[0.478s] running egg_info
[0.478s] creating ../../build/dvrk_peg_transfer/dvrk_peg_transfer.egg-info
[0.484s] writing ../../build/dvrk_peg_transfer/dvrk_peg_transfer.egg-info/PKG-INFO
[0.484s] writing dependency_links to ../../build/dvrk_peg_transfer/dvrk_peg_transfer.egg-info/dependency_links.txt
[0.484s] writing requirements to ../../build/dvrk_peg_transfer/dvrk_peg_transfer.egg-info/requires.txt
[0.484s] writing top-level names to ../../build/dvrk_peg_transfer/dvrk_peg_transfer.egg-info/top_level.txt
[0.484s] writing manifest file '../../build/dvrk_peg_transfer/dvrk_peg_transfer.egg-info/SOURCES.txt'
[0.497s] reading manifest file '../../build/dvrk_peg_transfer/dvrk_peg_transfer.egg-info/SOURCES.txt'
[0.498s] writing manifest file '../../build/dvrk_peg_transfer/dvrk_peg_transfer.egg-info/SOURCES.txt'
[0.498s] running build
[0.498s] running build_py
[0.498s] creating /home/dvrk-team/dvrk_ctrl_ws/build/dvrk_peg_transfer/build
[0.498s] creating /home/dvrk-team/dvrk_ctrl_ws/build/dvrk_peg_transfer/build/lib
[0.498s] creating /home/dvrk-team/dvrk_ctrl_ws/build/dvrk_peg_transfer/build/lib/dvrk_peg_transfer
[0.498s] copying dvrk_peg_transfer/__init__.py -> /home/dvrk-team/dvrk_ctrl_ws/build/dvrk_peg_transfer/build/lib/dvrk_peg_transfer
[0.498s] running install
[0.500s] running install_lib
[0.507s] creating /home/dvrk-team/dvrk_ctrl_ws/install/dvrk_peg_transfer/lib/python3.12/site-packages/dvrk_peg_transfer
[0.507s] copying /home/dvrk-team/dvrk_ctrl_ws/build/dvrk_peg_transfer/build/lib/dvrk_peg_transfer/__init__.py -> /home/dvrk-team/dvrk_ctrl_ws/install/dvrk_peg_transfer/lib/python3.12/site-packages/dvrk_peg_transfer
[0.507s] byte-compiling /home/dvrk-team/dvrk_ctrl_ws/install/dvrk_peg_transfer/lib/python3.12/site-packages/dvrk_peg_transfer/__init__.py to __init__.cpython-312.pyc
[0.507s] running install_data
[0.508s] creating /home/dvrk-team/dvrk_ctrl_ws/install/dvrk_peg_transfer/share/ament_index
[0.508s] creating /home/dvrk-team/dvrk_ctrl_ws/install/dvrk_peg_transfer/share/ament_index/resource_index
[0.508s] creating /home/dvrk-team/dvrk_ctrl_ws/install/dvrk_peg_transfer/share/ament_index/resource_index/packages
[0.508s] copying resource/dvrk_peg_transfer -> /home/dvrk-team/dvrk_ctrl_ws/install/dvrk_peg_transfer/share/ament_index/resource_index/packages
[0.508s] copying package.xml -> /home/dvrk-team/dvrk_ctrl_ws/install/dvrk_peg_transfer/share/dvrk_peg_transfer
[0.508s] running install_egg_info
[0.515s] Copying ../../build/dvrk_peg_transfer/dvrk_peg_transfer.egg-info to /home/dvrk-team/dvrk_ctrl_ws/install/dvrk_peg_transfer/lib/python3.12/site-packages/dvrk_peg_transfer-0.0.0-py3.12.egg-info
[0.515s] running install_scripts
[0.565s] writing list of installed files to '/home/dvrk-team/dvrk_ctrl_ws/build/dvrk_peg_transfer/install.log'
[0.577s] Invoked command in '/home/dvrk-team/dvrk_ctrl_ws/src/dvrk_peg_transfer' returned '0': DEBUGINFOD_URLS=https://debuginfod.ubuntu.com PYTHONPATH=/home/dvrk-team/dvrk_ctrl_ws/build/dvrk_peg_transfer/prefix_override:/usr/lib/python3/dist-packages/colcon_core/task/python/colcon_distutils_commands:/home/dvrk-team/dvrk_ctrl_ws/install/dvrk_peg_transfer/lib/python3.12/site-packages:${PYTHONPATH} /usr/bin/python3 -W ignore:setup.py install is deprecated -W ignore:easy_install command is deprecated setup.py egg_info --egg-base ../../build/dvrk_peg_transfer build --build-base /home/dvrk-team/dvrk_ctrl_ws/build/dvrk_peg_transfer/build install --record /home/dvrk-team/dvrk_ctrl_ws/build/dvrk_peg_transfer/install.log --install-scripts $base/lib/dvrk_peg_transfer --single-version-externally-managed install_data
