/home/dvrk-team/dvrk_ctrl_ws/install/utilities/lib/python3.12/site-packages/utilities/helpers.py
/home/dvrk-team/dvrk_ctrl_ws/install/utilities/lib/python3.12/site-packages/utilities/psm2_cmd.py
/home/dvrk-team/dvrk_ctrl_ws/install/utilities/lib/python3.12/site-packages/utilities/object_loc.py
/home/dvrk-team/dvrk_ctrl_ws/install/utilities/lib/python3.12/site-packages/utilities/__init__.py
/home/dvrk-team/dvrk_ctrl_ws/install/utilities/lib/python3.12/site-packages/utilities/tool_cmd.py
/home/dvrk-team/dvrk_ctrl_ws/install/utilities/lib/python3.12/site-packages/utilities/psm1_cmd.py
/home/dvrk-team/dvrk_ctrl_ws/install/utilities/lib/python3.12/site-packages/utilities/__pycache__/helpers.cpython-312.pyc
/home/dvrk-team/dvrk_ctrl_ws/install/utilities/lib/python3.12/site-packages/utilities/__pycache__/psm2_cmd.cpython-312.pyc
/home/dvrk-team/dvrk_ctrl_ws/install/utilities/lib/python3.12/site-packages/utilities/__pycache__/object_loc.cpython-312.pyc
/home/dvrk-team/dvrk_ctrl_ws/install/utilities/lib/python3.12/site-packages/utilities/__pycache__/__init__.cpython-312.pyc
/home/dvrk-team/dvrk_ctrl_ws/install/utilities/lib/python3.12/site-packages/utilities/__pycache__/tool_cmd.cpython-312.pyc
/home/dvrk-team/dvrk_ctrl_ws/install/utilities/lib/python3.12/site-packages/utilities/__pycache__/psm1_cmd.cpython-312.pyc
/home/dvrk-team/dvrk_ctrl_ws/install/utilities/share/ament_index/resource_index/packages/utilities
/home/dvrk-team/dvrk_ctrl_ws/install/utilities/share/utilities/package.xml
/home/dvrk-team/dvrk_ctrl_ws/install/utilities/share/utilities/launch/system_launch.py
/home/dvrk-team/dvrk_ctrl_ws/install/utilities/lib/python3.12/site-packages/utilities-0.0.0-py3.12.egg-info/PKG-INFO
/home/dvrk-team/dvrk_ctrl_ws/install/utilities/lib/python3.12/site-packages/utilities-0.0.0-py3.12.egg-info/zip-safe
/home/dvrk-team/dvrk_ctrl_ws/install/utilities/lib/python3.12/site-packages/utilities-0.0.0-py3.12.egg-info/requires.txt
/home/dvrk-team/dvrk_ctrl_ws/install/utilities/lib/python3.12/site-packages/utilities-0.0.0-py3.12.egg-info/dependency_links.txt
/home/dvrk-team/dvrk_ctrl_ws/install/utilities/lib/python3.12/site-packages/utilities-0.0.0-py3.12.egg-info/SOURCES.txt
/home/dvrk-team/dvrk_ctrl_ws/install/utilities/lib/python3.12/site-packages/utilities-0.0.0-py3.12.egg-info/entry_points.txt
/home/dvrk-team/dvrk_ctrl_ws/install/utilities/lib/python3.12/site-packages/utilities-0.0.0-py3.12.egg-info/top_level.txt
/home/dvrk-team/dvrk_ctrl_ws/install/utilities/lib/utilities/object_loc
/home/dvrk-team/dvrk_ctrl_ws/install/utilities/lib/utilities/psm1_cmd
/home/dvrk-team/dvrk_ctrl_ws/install/utilities/lib/utilities/psm2_cmd
/home/dvrk-team/dvrk_ctrl_ws/install/utilities/lib/utilities/tool_cmd
