[0.220s] Invoking command in '/home/dvrk-team/dvrk_ctrl_ws/build/utility_interfaces': CMAKE_PREFIX_PATH=${CMAKE_PREFIX_PATH}:/home/dvrk-team/dvrk_ctrl_ws/install/utility_interface:/home/dvrk-team/dvrk_ctrl_ws/install/utilities:/home/dvrk-team/dvrk_ctrl_ws/install/peg_transfer:/home/dvrk-team/dvrk_ctrl_ws/install/peg_control:/home/dvrk-team/dvrk_ctrl_ws/install/dvrk_peg_transfer:/opt/ros/jazzy DEBUGINFOD_URLS=https://debuginfod.ubuntu.com /usr/bin/cmake --build /home/dvrk-team/dvrk_ctrl_ws/build/utility_interfaces -- -j24 -l24
[0.259s] [  2%] Built target utility_interfaces__rs
[0.262s] [  5%] Built target utility_interfaces__rosidl_generator_type_description
[0.270s] [  5%] Built target ament_cmake_python_copy_utility_interfaces
[0.275s] [ 20%] Built target utility_interfaces__rosidl_generator_c
[0.278s] [ 22%] Built target utility_interfaces__cpp
[0.287s] [ 31%] Built target utility_interfaces__rosidl_typesupport_c
[0.287s] [ 40%] Built target utility_interfaces__rosidl_typesupport_introspection_c
[0.290s] [ 48%] Built target utility_interfaces__rosidl_typesupport_fastrtps_c
[0.291s] [ 57%] Built target utility_interfaces__rosidl_typesupport_introspection_cpp
[0.291s] [ 65%] Built target utility_interfaces__rosidl_typesupport_cpp
[0.292s] [ 74%] Built target utility_interfaces__rosidl_typesupport_fastrtps_cpp
[0.302s] [ 74%] Built target utility_interfaces
[0.312s] [ 77%] Built target utility_interfaces__py
[0.323s] [ 82%] Built target utility_interfaces__rosidl_generator_py
[0.338s] [ 88%] Built target utility_interfaces_s__rosidl_typesupport_fastrtps_c
[0.338s] [ 94%] Built target utility_interfaces_s__rosidl_typesupport_introspection_c
[0.343s] [100%] Built target utility_interfaces_s__rosidl_typesupport_c
[0.376s] running egg_info
[0.383s] writing utility_interfaces.egg-info/PKG-INFO
[0.383s] writing dependency_links to utility_interfaces.egg-info/dependency_links.txt
[0.384s] writing top-level names to utility_interfaces.egg-info/top_level.txt
[0.404s] reading manifest file 'utility_interfaces.egg-info/SOURCES.txt'
[0.404s] writing manifest file 'utility_interfaces.egg-info/SOURCES.txt'
[0.422s] [100%] Built target ament_cmake_python_build_utility_interfaces_egg
[0.430s] Invoked command in '/home/dvrk-team/dvrk_ctrl_ws/build/utility_interfaces' returned '0': CMAKE_PREFIX_PATH=${CMAKE_PREFIX_PATH}:/home/dvrk-team/dvrk_ctrl_ws/install/utility_interface:/home/dvrk-team/dvrk_ctrl_ws/install/utilities:/home/dvrk-team/dvrk_ctrl_ws/install/peg_transfer:/home/dvrk-team/dvrk_ctrl_ws/install/peg_control:/home/dvrk-team/dvrk_ctrl_ws/install/dvrk_peg_transfer:/opt/ros/jazzy DEBUGINFOD_URLS=https://debuginfod.ubuntu.com /usr/bin/cmake --build /home/dvrk-team/dvrk_ctrl_ws/build/utility_interfaces -- -j24 -l24
[0.436s] Invoking command in '/home/dvrk-team/dvrk_ctrl_ws/build/utility_interfaces': CMAKE_PREFIX_PATH=${CMAKE_PREFIX_PATH}:/home/dvrk-team/dvrk_ctrl_ws/install/utility_interface:/home/dvrk-team/dvrk_ctrl_ws/install/utilities:/home/dvrk-team/dvrk_ctrl_ws/install/peg_transfer:/home/dvrk-team/dvrk_ctrl_ws/install/peg_control:/home/dvrk-team/dvrk_ctrl_ws/install/dvrk_peg_transfer:/opt/ros/jazzy DEBUGINFOD_URLS=https://debuginfod.ubuntu.com /usr/bin/cmake --install /home/dvrk-team/dvrk_ctrl_ws/build/utility_interfaces
[0.441s] -- Install configuration: ""
[0.442s] -- Up-to-date: /home/dvrk-team/dvrk_ctrl_ws/install/utility_interfaces/share/ament_index/resource_index/rosidl_interfaces/utility_interfaces
[0.442s] -- Up-to-date: /home/dvrk-team/dvrk_ctrl_ws/install/utility_interfaces/share/utility_interfaces/srv/GetObjectPose.json
[0.442s] -- Up-to-date: /home/dvrk-team/dvrk_ctrl_ws/install/utility_interfaces/include/utility_interfaces/utility_interfaces
[0.442s] -- Up-to-date: /home/dvrk-team/dvrk_ctrl_ws/install/utility_interfaces/include/utility_interfaces/utility_interfaces/srv
[0.442s] -- Up-to-date: /home/dvrk-team/dvrk_ctrl_ws/install/utility_interfaces/include/utility_interfaces/utility_interfaces/srv/get_object_pose.h
[0.442s] -- Up-to-date: /home/dvrk-team/dvrk_ctrl_ws/install/utility_interfaces/include/utility_interfaces/utility_interfaces/srv/detail
[0.442s] -- Up-to-date: /home/dvrk-team/dvrk_ctrl_ws/install/utility_interfaces/include/utility_interfaces/utility_interfaces/srv/detail/get_object_pose__functions.c
[0.443s] -- Up-to-date: /home/dvrk-team/dvrk_ctrl_ws/install/utility_interfaces/include/utility_interfaces/utility_interfaces/srv/detail/get_object_pose__description.c
[0.443s] -- Up-to-date: /home/dvrk-team/dvrk_ctrl_ws/install/utility_interfaces/include/utility_interfaces/utility_interfaces/srv/detail/get_object_pose__type_support.c
[0.443s] -- Up-to-date: /home/dvrk-team/dvrk_ctrl_ws/install/utility_interfaces/include/utility_interfaces/utility_interfaces/srv/detail/get_object_pose__functions.h
[0.443s] -- Up-to-date: /home/dvrk-team/dvrk_ctrl_ws/install/utility_interfaces/include/utility_interfaces/utility_interfaces/srv/detail/get_object_pose__struct.h
[0.443s] -- Up-to-date: /home/dvrk-team/dvrk_ctrl_ws/install/utility_interfaces/include/utility_interfaces/utility_interfaces/srv/detail/get_object_pose__type_support.h
[0.443s] -- Up-to-date: /home/dvrk-team/dvrk_ctrl_ws/install/utility_interfaces/include/utility_interfaces/utility_interfaces/msg
[0.443s] -- Up-to-date: /home/dvrk-team/dvrk_ctrl_ws/install/utility_interfaces/include/utility_interfaces/utility_interfaces/msg/rosidl_generator_c__visibility_control.h
[0.443s] -- Up-to-date: /home/dvrk-team/dvrk_ctrl_ws/install/utility_interfaces/share/utility_interfaces/environment/library_path.sh
[0.443s] -- Up-to-date: /home/dvrk-team/dvrk_ctrl_ws/install/utility_interfaces/share/utility_interfaces/environment/library_path.dsv
[0.443s] -- Up-to-date: /home/dvrk-team/dvrk_ctrl_ws/install/utility_interfaces/lib/libutility_interfaces__rosidl_generator_c.so
[0.444s] -- Up-to-date: /home/dvrk-team/dvrk_ctrl_ws/install/utility_interfaces/include/utility_interfaces/utility_interfaces
[0.444s] -- Up-to-date: /home/dvrk-team/dvrk_ctrl_ws/install/utility_interfaces/include/utility_interfaces/utility_interfaces/srv
[0.444s] -- Up-to-date: /home/dvrk-team/dvrk_ctrl_ws/install/utility_interfaces/include/utility_interfaces/utility_interfaces/srv/detail
[0.444s] -- Up-to-date: /home/dvrk-team/dvrk_ctrl_ws/install/utility_interfaces/include/utility_interfaces/utility_interfaces/srv/detail/get_object_pose__rosidl_typesupport_fastrtps_c.h
[0.444s] -- Up-to-date: /home/dvrk-team/dvrk_ctrl_ws/install/utility_interfaces/include/utility_interfaces/utility_interfaces/msg
[0.444s] -- Up-to-date: /home/dvrk-team/dvrk_ctrl_ws/install/utility_interfaces/include/utility_interfaces/utility_interfaces/msg/rosidl_typesupport_fastrtps_c__visibility_control.h
[0.444s] -- Up-to-date: /home/dvrk-team/dvrk_ctrl_ws/install/utility_interfaces/lib/libutility_interfaces__rosidl_typesupport_fastrtps_c.so
[0.444s] -- Up-to-date: /home/dvrk-team/dvrk_ctrl_ws/install/utility_interfaces/include/utility_interfaces/utility_interfaces
[0.444s] -- Up-to-date: /home/dvrk-team/dvrk_ctrl_ws/install/utility_interfaces/include/utility_interfaces/utility_interfaces/srv
[0.444s] -- Up-to-date: /home/dvrk-team/dvrk_ctrl_ws/install/utility_interfaces/include/utility_interfaces/utility_interfaces/srv/get_object_pose.hpp
[0.444s] -- Up-to-date: /home/dvrk-team/dvrk_ctrl_ws/install/utility_interfaces/include/utility_interfaces/utility_interfaces/srv/detail
[0.445s] -- Up-to-date: /home/dvrk-team/dvrk_ctrl_ws/install/utility_interfaces/include/utility_interfaces/utility_interfaces/srv/detail/get_object_pose__struct.hpp
[0.445s] -- Up-to-date: /home/dvrk-team/dvrk_ctrl_ws/install/utility_interfaces/include/utility_interfaces/utility_interfaces/srv/detail/get_object_pose__builder.hpp
[0.445s] -- Up-to-date: /home/dvrk-team/dvrk_ctrl_ws/install/utility_interfaces/include/utility_interfaces/utility_interfaces/srv/detail/get_object_pose__traits.hpp
[0.445s] -- Up-to-date: /home/dvrk-team/dvrk_ctrl_ws/install/utility_interfaces/include/utility_interfaces/utility_interfaces/srv/detail/get_object_pose__type_support.hpp
[0.445s] -- Up-to-date: /home/dvrk-team/dvrk_ctrl_ws/install/utility_interfaces/include/utility_interfaces/utility_interfaces/msg
[0.445s] -- Up-to-date: /home/dvrk-team/dvrk_ctrl_ws/install/utility_interfaces/include/utility_interfaces/utility_interfaces/msg/rosidl_generator_cpp__visibility_control.hpp
[0.445s] -- Up-to-date: /home/dvrk-team/dvrk_ctrl_ws/install/utility_interfaces/include/utility_interfaces/utility_interfaces
[0.445s] -- Up-to-date: /home/dvrk-team/dvrk_ctrl_ws/install/utility_interfaces/include/utility_interfaces/utility_interfaces/srv
[0.445s] -- Up-to-date: /home/dvrk-team/dvrk_ctrl_ws/install/utility_interfaces/include/utility_interfaces/utility_interfaces/srv/detail
[0.445s] -- Up-to-date: /home/dvrk-team/dvrk_ctrl_ws/install/utility_interfaces/include/utility_interfaces/utility_interfaces/srv/detail/dds_fastrtps
[0.445s] -- Up-to-date: /home/dvrk-team/dvrk_ctrl_ws/install/utility_interfaces/include/utility_interfaces/utility_interfaces/srv/detail/get_object_pose__rosidl_typesupport_fastrtps_cpp.hpp
[0.445s] -- Up-to-date: /home/dvrk-team/dvrk_ctrl_ws/install/utility_interfaces/include/utility_interfaces/utility_interfaces/msg
[0.446s] -- Up-to-date: /home/dvrk-team/dvrk_ctrl_ws/install/utility_interfaces/include/utility_interfaces/utility_interfaces/msg/rosidl_typesupport_fastrtps_cpp__visibility_control.h
[0.446s] -- Up-to-date: /home/dvrk-team/dvrk_ctrl_ws/install/utility_interfaces/lib/libutility_interfaces__rosidl_typesupport_fastrtps_cpp.so
[0.446s] -- Up-to-date: /home/dvrk-team/dvrk_ctrl_ws/install/utility_interfaces/include/utility_interfaces/utility_interfaces
[0.446s] -- Up-to-date: /home/dvrk-team/dvrk_ctrl_ws/install/utility_interfaces/include/utility_interfaces/utility_interfaces/srv
[0.446s] -- Up-to-date: /home/dvrk-team/dvrk_ctrl_ws/install/utility_interfaces/include/utility_interfaces/utility_interfaces/srv/detail
[0.446s] -- Up-to-date: /home/dvrk-team/dvrk_ctrl_ws/install/utility_interfaces/include/utility_interfaces/utility_interfaces/srv/detail/get_object_pose__type_support.c
[0.446s] -- Up-to-date: /home/dvrk-team/dvrk_ctrl_ws/install/utility_interfaces/include/utility_interfaces/utility_interfaces/srv/detail/get_object_pose__rosidl_typesupport_introspection_c.h
[0.446s] -- Up-to-date: /home/dvrk-team/dvrk_ctrl_ws/install/utility_interfaces/include/utility_interfaces/utility_interfaces/msg
[0.446s] -- Up-to-date: /home/dvrk-team/dvrk_ctrl_ws/install/utility_interfaces/include/utility_interfaces/utility_interfaces/msg/rosidl_typesupport_introspection_c__visibility_control.h
[0.446s] -- Up-to-date: /home/dvrk-team/dvrk_ctrl_ws/install/utility_interfaces/lib/libutility_interfaces__rosidl_typesupport_introspection_c.so
[0.447s] -- Up-to-date: /home/dvrk-team/dvrk_ctrl_ws/install/utility_interfaces/lib/libutility_interfaces__rosidl_typesupport_c.so
[0.447s] -- Up-to-date: /home/dvrk-team/dvrk_ctrl_ws/install/utility_interfaces/include/utility_interfaces/utility_interfaces
[0.447s] -- Up-to-date: /home/dvrk-team/dvrk_ctrl_ws/install/utility_interfaces/include/utility_interfaces/utility_interfaces/srv
[0.447s] -- Up-to-date: /home/dvrk-team/dvrk_ctrl_ws/install/utility_interfaces/include/utility_interfaces/utility_interfaces/srv/detail
[0.447s] -- Up-to-date: /home/dvrk-team/dvrk_ctrl_ws/install/utility_interfaces/include/utility_interfaces/utility_interfaces/srv/detail/get_object_pose__type_support.cpp
[0.447s] -- Up-to-date: /home/dvrk-team/dvrk_ctrl_ws/install/utility_interfaces/include/utility_interfaces/utility_interfaces/srv/detail/get_object_pose__rosidl_typesupport_introspection_cpp.hpp
[0.447s] -- Up-to-date: /home/dvrk-team/dvrk_ctrl_ws/install/utility_interfaces/lib/libutility_interfaces__rosidl_typesupport_introspection_cpp.so
[0.447s] -- Up-to-date: /home/dvrk-team/dvrk_ctrl_ws/install/utility_interfaces/lib/libutility_interfaces__rosidl_typesupport_cpp.so
[0.447s] -- Up-to-date: /home/dvrk-team/dvrk_ctrl_ws/install/utility_interfaces/share/utility_interfaces/environment/pythonpath.sh
[0.447s] -- Up-to-date: /home/dvrk-team/dvrk_ctrl_ws/install/utility_interfaces/share/utility_interfaces/environment/pythonpath.dsv
[0.448s] -- Up-to-date: /home/dvrk-team/dvrk_ctrl_ws/install/utility_interfaces/lib/python3.12/site-packages/utility_interfaces-0.0.0-py3.12.egg-info
[0.448s] -- Installing: /home/dvrk-team/dvrk_ctrl_ws/install/utility_interfaces/lib/python3.12/site-packages/utility_interfaces-0.0.0-py3.12.egg-info/PKG-INFO
[0.448s] -- Installing: /home/dvrk-team/dvrk_ctrl_ws/install/utility_interfaces/lib/python3.12/site-packages/utility_interfaces-0.0.0-py3.12.egg-info/dependency_links.txt
[0.448s] -- Installing: /home/dvrk-team/dvrk_ctrl_ws/install/utility_interfaces/lib/python3.12/site-packages/utility_interfaces-0.0.0-py3.12.egg-info/SOURCES.txt
[0.448s] -- Installing: /home/dvrk-team/dvrk_ctrl_ws/install/utility_interfaces/lib/python3.12/site-packages/utility_interfaces-0.0.0-py3.12.egg-info/top_level.txt
[0.448s] -- Up-to-date: /home/dvrk-team/dvrk_ctrl_ws/install/utility_interfaces/lib/python3.12/site-packages/utility_interfaces
[0.448s] -- Up-to-date: /home/dvrk-team/dvrk_ctrl_ws/install/utility_interfaces/lib/python3.12/site-packages/utility_interfaces/utility_interfaces_s__rosidl_typesupport_introspection_c.so
[0.448s] -- Up-to-date: /home/dvrk-team/dvrk_ctrl_ws/install/utility_interfaces/lib/python3.12/site-packages/utility_interfaces/utility_interfaces_s__rosidl_typesupport_fastrtps_c.so
[0.448s] -- Up-to-date: /home/dvrk-team/dvrk_ctrl_ws/install/utility_interfaces/lib/python3.12/site-packages/utility_interfaces/_utility_interfaces_s.ep.rosidl_typesupport_c.c
[0.448s] -- Up-to-date: /home/dvrk-team/dvrk_ctrl_ws/install/utility_interfaces/lib/python3.12/site-packages/utility_interfaces/_utility_interfaces_s.ep.rosidl_typesupport_introspection_c.c
[0.448s] -- Up-to-date: /home/dvrk-team/dvrk_ctrl_ws/install/utility_interfaces/lib/python3.12/site-packages/utility_interfaces/srv
[0.449s] -- Up-to-date: /home/dvrk-team/dvrk_ctrl_ws/install/utility_interfaces/lib/python3.12/site-packages/utility_interfaces/srv/_get_object_pose.py
[0.449s] -- Up-to-date: /home/dvrk-team/dvrk_ctrl_ws/install/utility_interfaces/lib/python3.12/site-packages/utility_interfaces/srv/__init__.py
[0.449s] -- Up-to-date: /home/dvrk-team/dvrk_ctrl_ws/install/utility_interfaces/lib/python3.12/site-packages/utility_interfaces/srv/_get_object_pose_s.c
[0.449s] -- Up-to-date: /home/dvrk-team/dvrk_ctrl_ws/install/utility_interfaces/lib/python3.12/site-packages/utility_interfaces/utility_interfaces_s__rosidl_typesupport_c.so
[0.449s] -- Up-to-date: /home/dvrk-team/dvrk_ctrl_ws/install/utility_interfaces/lib/python3.12/site-packages/utility_interfaces/__init__.py
[0.449s] -- Up-to-date: /home/dvrk-team/dvrk_ctrl_ws/install/utility_interfaces/lib/python3.12/site-packages/utility_interfaces/_utility_interfaces_s.ep.rosidl_typesupport_fastrtps_c.c
[0.471s] Listing '/home/dvrk-team/dvrk_ctrl_ws/install/utility_interfaces/lib/python3.12/site-packages/utility_interfaces'...
[0.471s] Listing '/home/dvrk-team/dvrk_ctrl_ws/install/utility_interfaces/lib/python3.12/site-packages/utility_interfaces/srv'...
[0.474s] -- Up-to-date: /home/dvrk-team/dvrk_ctrl_ws/install/utility_interfaces/lib/python3.12/site-packages/utility_interfaces/utility_interfaces_s__rosidl_typesupport_fastrtps_c.so
[0.474s] -- Up-to-date: /home/dvrk-team/dvrk_ctrl_ws/install/utility_interfaces/lib/python3.12/site-packages/utility_interfaces/utility_interfaces_s__rosidl_typesupport_introspection_c.so
[0.474s] -- Up-to-date: /home/dvrk-team/dvrk_ctrl_ws/install/utility_interfaces/lib/python3.12/site-packages/utility_interfaces/utility_interfaces_s__rosidl_typesupport_c.so
[0.475s] -- Up-to-date: /home/dvrk-team/dvrk_ctrl_ws/install/utility_interfaces/lib/libutility_interfaces__rosidl_generator_py.so
[0.475s] -- Up-to-date: /home/dvrk-team/dvrk_ctrl_ws/install/utility_interfaces/share/ament_index/resource_index/rust_packages/utility_interfaces
[0.475s] -- Up-to-date: /home/dvrk-team/dvrk_ctrl_ws/install/utility_interfaces/share/utility_interfaces/rust
[0.475s] -- Up-to-date: /home/dvrk-team/dvrk_ctrl_ws/install/utility_interfaces/share/utility_interfaces/rust/build.rs
[0.475s] -- Up-to-date: /home/dvrk-team/dvrk_ctrl_ws/install/utility_interfaces/share/utility_interfaces/rust/src
[0.475s] -- Up-to-date: /home/dvrk-team/dvrk_ctrl_ws/install/utility_interfaces/share/utility_interfaces/rust/src/lib.rs
[0.475s] -- Up-to-date: /home/dvrk-team/dvrk_ctrl_ws/install/utility_interfaces/share/utility_interfaces/rust/src/srv.rs
[0.475s] -- Up-to-date: /home/dvrk-team/dvrk_ctrl_ws/install/utility_interfaces/share/utility_interfaces/rust/src/srv
[0.475s] -- Up-to-date: /home/dvrk-team/dvrk_ctrl_ws/install/utility_interfaces/share/utility_interfaces/rust/src/srv/rmw.rs
[0.475s] -- Up-to-date: /home/dvrk-team/dvrk_ctrl_ws/install/utility_interfaces/share/utility_interfaces/rust/Cargo.toml
[0.476s] -- Up-to-date: /home/dvrk-team/dvrk_ctrl_ws/install/utility_interfaces/share/utility_interfaces/srv/GetObjectPose.idl
[0.476s] -- Up-to-date: /home/dvrk-team/dvrk_ctrl_ws/install/utility_interfaces/share/utility_interfaces/srv/GetObjectPose.srv
[0.476s] -- Up-to-date: /home/dvrk-team/dvrk_ctrl_ws/install/utility_interfaces/share/ament_index/resource_index/package_run_dependencies/utility_interfaces
[0.476s] -- Up-to-date: /home/dvrk-team/dvrk_ctrl_ws/install/utility_interfaces/share/ament_index/resource_index/parent_prefix_path/utility_interfaces
[0.476s] -- Up-to-date: /home/dvrk-team/dvrk_ctrl_ws/install/utility_interfaces/share/utility_interfaces/environment/ament_prefix_path.sh
[0.476s] -- Up-to-date: /home/dvrk-team/dvrk_ctrl_ws/install/utility_interfaces/share/utility_interfaces/environment/ament_prefix_path.dsv
[0.476s] -- Up-to-date: /home/dvrk-team/dvrk_ctrl_ws/install/utility_interfaces/share/utility_interfaces/environment/path.sh
[0.476s] -- Up-to-date: /home/dvrk-team/dvrk_ctrl_ws/install/utility_interfaces/share/utility_interfaces/environment/path.dsv
[0.476s] -- Up-to-date: /home/dvrk-team/dvrk_ctrl_ws/install/utility_interfaces/share/utility_interfaces/local_setup.bash
[0.477s] -- Up-to-date: /home/dvrk-team/dvrk_ctrl_ws/install/utility_interfaces/share/utility_interfaces/local_setup.sh
[0.477s] -- Up-to-date: /home/dvrk-team/dvrk_ctrl_ws/install/utility_interfaces/share/utility_interfaces/local_setup.zsh
[0.477s] -- Up-to-date: /home/dvrk-team/dvrk_ctrl_ws/install/utility_interfaces/share/utility_interfaces/local_setup.dsv
[0.477s] -- Installing: /home/dvrk-team/dvrk_ctrl_ws/install/utility_interfaces/share/utility_interfaces/package.dsv
[0.477s] -- Up-to-date: /home/dvrk-team/dvrk_ctrl_ws/install/utility_interfaces/share/ament_index/resource_index/packages/utility_interfaces
[0.477s] -- Up-to-date: /home/dvrk-team/dvrk_ctrl_ws/install/utility_interfaces/share/utility_interfaces/cmake/export_utility_interfaces__rosidl_generator_cExport.cmake
[0.477s] -- Up-to-date: /home/dvrk-team/dvrk_ctrl_ws/install/utility_interfaces/share/utility_interfaces/cmake/export_utility_interfaces__rosidl_generator_cExport-noconfig.cmake
[0.477s] -- Up-to-date: /home/dvrk-team/dvrk_ctrl_ws/install/utility_interfaces/share/utility_interfaces/cmake/export_utility_interfaces__rosidl_typesupport_fastrtps_cExport.cmake
[0.477s] -- Up-to-date: /home/dvrk-team/dvrk_ctrl_ws/install/utility_interfaces/share/utility_interfaces/cmake/export_utility_interfaces__rosidl_typesupport_fastrtps_cExport-noconfig.cmake
[0.477s] -- Up-to-date: /home/dvrk-team/dvrk_ctrl_ws/install/utility_interfaces/share/utility_interfaces/cmake/export_utility_interfaces__rosidl_generator_cppExport.cmake
[0.477s] -- Up-to-date: /home/dvrk-team/dvrk_ctrl_ws/install/utility_interfaces/share/utility_interfaces/cmake/export_utility_interfaces__rosidl_typesupport_fastrtps_cppExport.cmake
[0.477s] -- Up-to-date: /home/dvrk-team/dvrk_ctrl_ws/install/utility_interfaces/share/utility_interfaces/cmake/export_utility_interfaces__rosidl_typesupport_fastrtps_cppExport-noconfig.cmake
[0.478s] -- Up-to-date: /home/dvrk-team/dvrk_ctrl_ws/install/utility_interfaces/share/utility_interfaces/cmake/utility_interfaces__rosidl_typesupport_introspection_cExport.cmake
[0.478s] -- Up-to-date: /home/dvrk-team/dvrk_ctrl_ws/install/utility_interfaces/share/utility_interfaces/cmake/utility_interfaces__rosidl_typesupport_introspection_cExport-noconfig.cmake
[0.478s] -- Up-to-date: /home/dvrk-team/dvrk_ctrl_ws/install/utility_interfaces/share/utility_interfaces/cmake/utility_interfaces__rosidl_typesupport_cExport.cmake
[0.478s] -- Up-to-date: /home/dvrk-team/dvrk_ctrl_ws/install/utility_interfaces/share/utility_interfaces/cmake/utility_interfaces__rosidl_typesupport_cExport-noconfig.cmake
[0.478s] -- Up-to-date: /home/dvrk-team/dvrk_ctrl_ws/install/utility_interfaces/share/utility_interfaces/cmake/utility_interfaces__rosidl_typesupport_introspection_cppExport.cmake
[0.478s] -- Up-to-date: /home/dvrk-team/dvrk_ctrl_ws/install/utility_interfaces/share/utility_interfaces/cmake/utility_interfaces__rosidl_typesupport_introspection_cppExport-noconfig.cmake
[0.478s] -- Up-to-date: /home/dvrk-team/dvrk_ctrl_ws/install/utility_interfaces/share/utility_interfaces/cmake/utility_interfaces__rosidl_typesupport_cppExport.cmake
[0.479s] -- Up-to-date: /home/dvrk-team/dvrk_ctrl_ws/install/utility_interfaces/share/utility_interfaces/cmake/utility_interfaces__rosidl_typesupport_cppExport-noconfig.cmake
[0.479s] -- Up-to-date: /home/dvrk-team/dvrk_ctrl_ws/install/utility_interfaces/share/utility_interfaces/cmake/export_utility_interfaces__rosidl_generator_pyExport.cmake
[0.479s] -- Up-to-date: /home/dvrk-team/dvrk_ctrl_ws/install/utility_interfaces/share/utility_interfaces/cmake/export_utility_interfaces__rosidl_generator_pyExport-noconfig.cmake
[0.479s] -- Up-to-date: /home/dvrk-team/dvrk_ctrl_ws/install/utility_interfaces/share/utility_interfaces/cmake/rosidl_cmake-extras.cmake
[0.479s] -- Up-to-date: /home/dvrk-team/dvrk_ctrl_ws/install/utility_interfaces/share/utility_interfaces/cmake/ament_cmake_export_dependencies-extras.cmake
[0.480s] -- Up-to-date: /home/dvrk-team/dvrk_ctrl_ws/install/utility_interfaces/share/utility_interfaces/cmake/ament_cmake_export_include_directories-extras.cmake
[0.480s] -- Up-to-date: /home/dvrk-team/dvrk_ctrl_ws/install/utility_interfaces/share/utility_interfaces/cmake/ament_cmake_export_libraries-extras.cmake
[0.480s] -- Up-to-date: /home/dvrk-team/dvrk_ctrl_ws/install/utility_interfaces/share/utility_interfaces/cmake/ament_cmake_export_targets-extras.cmake
[0.480s] -- Up-to-date: /home/dvrk-team/dvrk_ctrl_ws/install/utility_interfaces/share/utility_interfaces/cmake/rosidl_cmake_export_typesupport_targets-extras.cmake
[0.480s] -- Up-to-date: /home/dvrk-team/dvrk_ctrl_ws/install/utility_interfaces/share/utility_interfaces/cmake/rosidl_cmake_export_typesupport_libraries-extras.cmake
[0.480s] -- Up-to-date: /home/dvrk-team/dvrk_ctrl_ws/install/utility_interfaces/share/utility_interfaces/cmake/rosidl_cmake_aggregate_target-extras.cmake
[0.481s] -- Up-to-date: /home/dvrk-team/dvrk_ctrl_ws/install/utility_interfaces/share/utility_interfaces/cmake/utility_interfacesConfig.cmake
[0.481s] -- Up-to-date: /home/dvrk-team/dvrk_ctrl_ws/install/utility_interfaces/share/utility_interfaces/cmake/utility_interfacesConfig-version.cmake
[0.481s] -- Up-to-date: /home/dvrk-team/dvrk_ctrl_ws/install/utility_interfaces/share/utility_interfaces/package.xml
[0.481s] Invoked command in '/home/dvrk-team/dvrk_ctrl_ws/build/utility_interfaces' returned '0': CMAKE_PREFIX_PATH=${CMAKE_PREFIX_PATH}:/home/dvrk-team/dvrk_ctrl_ws/install/utility_interface:/home/dvrk-team/dvrk_ctrl_ws/install/utilities:/home/dvrk-team/dvrk_ctrl_ws/install/peg_transfer:/home/dvrk-team/dvrk_ctrl_ws/install/peg_control:/home/dvrk-team/dvrk_ctrl_ws/install/dvrk_peg_transfer:/opt/ros/jazzy DEBUGINFOD_URLS=https://debuginfod.ubuntu.com /usr/bin/cmake --install /home/dvrk-team/dvrk_ctrl_ws/build/utility_interfaces
