[0.053s] DEBUG:colcon:Command line arguments: ['/usr/bin/colcon', 'build']
[0.053s] DEBUG:colcon:Parsed command line arguments: Namespace(log_base=None, log_level=None, verb_name='build', build_base='build', install_base='install', merge_install=False, symlink_install=False, test_result_base=None, continue_on_error=False, executor='parallel', parallel_workers=24, event_handlers=None, ignore_user_meta=False, metas=['./colcon.meta'], base_paths=['.'], packages_ignore=None, packages_ignore_regex=None, paths=None, packages_up_to=None, packages_up_to_regex=None, packages_above=None, packages_above_and_dependencies=None, packages_above_depth=None, packages_select_by_dep=None, packages_skip_by_dep=None, packages_skip_up_to=None, packages_select_build_failed=False, packages_skip_build_finished=False, packages_select_test_failures=False, packages_skip_test_passed=False, packages_select=None, packages_skip=None, packages_select_regex=None, packages_skip_regex=None, packages_start=None, packages_end=None, allow_overriding=[], cmake_args=None, cmake_target=None, cmake_target_skip_unavailable=False, cmake_clean_cache=False, cmake_clean_first=False, cmake_force_configure=False, ament_cmake_args=None, catkin_cmake_args=None, catkin_skip_building_tests=False, mixin_files=None, mixin=None, verb_parser=<colcon_mixin.mixin.mixin_argument.MixinArgumentDecorator object at 0x7f6d922a4920>, verb_extension=<colcon_core.verb.build.BuildVerb object at 0x7f6d91bb28a0>, main=<bound method BuildVerb.main of <colcon_core.verb.build.BuildVerb object at 0x7f6d91bb28a0>>, mixin_verb=('build',))
[0.069s] Level 1:colcon.colcon_core.package_discovery:discover_packages(colcon_meta) check parameters
[0.069s] Level 1:colcon.colcon_core.package_discovery:discover_packages(recursive) check parameters
[0.069s] Level 1:colcon.colcon_core.package_discovery:discover_packages(ignore) check parameters
[0.069s] Level 1:colcon.colcon_core.package_discovery:discover_packages(path) check parameters
[0.069s] Level 1:colcon.colcon_core.package_discovery:discover_packages(colcon_meta) discover
[0.069s] Level 1:colcon.colcon_core.package_discovery:discover_packages(recursive) discover
[0.069s] INFO:colcon.colcon_core.package_discovery:Crawling recursively for packages in '/home/dvrk-team/dvrk_ctrl_ws'
[0.069s] Level 1:colcon.colcon_core.package_identification:_identify(.) by extensions ['ignore', 'ignore_ament_install']
[0.069s] Level 1:colcon.colcon_core.package_identification:_identify(.) by extension 'ignore'
[0.069s] Level 1:colcon.colcon_core.package_identification:_identify(.) by extension 'ignore_ament_install'
[0.069s] Level 1:colcon.colcon_core.package_identification:_identify(.) by extensions ['colcon_pkg']
[0.069s] Level 1:colcon.colcon_core.package_identification:_identify(.) by extension 'colcon_pkg'
[0.069s] Level 1:colcon.colcon_core.package_identification:_identify(.) by extensions ['colcon_meta']
[0.069s] Level 1:colcon.colcon_core.package_identification:_identify(.) by extension 'colcon_meta'
[0.069s] Level 1:colcon.colcon_core.package_identification:_identify(.) by extensions ['ros']
[0.069s] Level 1:colcon.colcon_core.package_identification:_identify(.) by extension 'ros'
[0.080s] Level 1:colcon.colcon_core.package_identification:_identify(.) by extensions ['cmake', 'python']
[0.080s] Level 1:colcon.colcon_core.package_identification:_identify(.) by extension 'cmake'
[0.080s] Level 1:colcon.colcon_core.package_identification:_identify(.) by extension 'python'
[0.080s] Level 1:colcon.colcon_core.package_identification:_identify(.) by extensions ['python_setup_py']
[0.080s] Level 1:colcon.colcon_core.package_identification:_identify(.) by extension 'python_setup_py'
[0.080s] Level 1:colcon.colcon_core.package_identification:_identify(build) by extensions ['ignore', 'ignore_ament_install']
[0.080s] Level 1:colcon.colcon_core.package_identification:_identify(build) by extension 'ignore'
[0.081s] Level 1:colcon.colcon_core.package_identification:_identify(build) ignored
[0.081s] Level 1:colcon.colcon_core.package_identification:_identify(install) by extensions ['ignore', 'ignore_ament_install']
[0.081s] Level 1:colcon.colcon_core.package_identification:_identify(install) by extension 'ignore'
[0.081s] Level 1:colcon.colcon_core.package_identification:_identify(install) ignored
[0.081s] Level 1:colcon.colcon_core.package_identification:_identify(log) by extensions ['ignore', 'ignore_ament_install']
[0.081s] Level 1:colcon.colcon_core.package_identification:_identify(log) by extension 'ignore'
[0.081s] Level 1:colcon.colcon_core.package_identification:_identify(log) ignored
[0.081s] Level 1:colcon.colcon_core.package_identification:_identify(src) by extensions ['ignore', 'ignore_ament_install']
[0.081s] Level 1:colcon.colcon_core.package_identification:_identify(src) by extension 'ignore'
[0.081s] Level 1:colcon.colcon_core.package_identification:_identify(src) by extension 'ignore_ament_install'
[0.081s] Level 1:colcon.colcon_core.package_identification:_identify(src) by extensions ['colcon_pkg']
[0.081s] Level 1:colcon.colcon_core.package_identification:_identify(src) by extension 'colcon_pkg'
[0.081s] Level 1:colcon.colcon_core.package_identification:_identify(src) by extensions ['colcon_meta']
[0.081s] Level 1:colcon.colcon_core.package_identification:_identify(src) by extension 'colcon_meta'
[0.081s] Level 1:colcon.colcon_core.package_identification:_identify(src) by extensions ['ros']
[0.081s] Level 1:colcon.colcon_core.package_identification:_identify(src) by extension 'ros'
[0.081s] Level 1:colcon.colcon_core.package_identification:_identify(src) by extensions ['cmake', 'python']
[0.081s] Level 1:colcon.colcon_core.package_identification:_identify(src) by extension 'cmake'
[0.081s] Level 1:colcon.colcon_core.package_identification:_identify(src) by extension 'python'
[0.081s] Level 1:colcon.colcon_core.package_identification:_identify(src) by extensions ['python_setup_py']
[0.081s] Level 1:colcon.colcon_core.package_identification:_identify(src) by extension 'python_setup_py'
[0.081s] Level 1:colcon.colcon_core.package_identification:_identify(src/utilities) by extensions ['ignore', 'ignore_ament_install']
[0.081s] Level 1:colcon.colcon_core.package_identification:_identify(src/utilities) by extension 'ignore'
[0.081s] Level 1:colcon.colcon_core.package_identification:_identify(src/utilities) by extension 'ignore_ament_install'
[0.081s] Level 1:colcon.colcon_core.package_identification:_identify(src/utilities) by extensions ['colcon_pkg']
[0.081s] Level 1:colcon.colcon_core.package_identification:_identify(src/utilities) by extension 'colcon_pkg'
[0.081s] Level 1:colcon.colcon_core.package_identification:_identify(src/utilities) by extensions ['colcon_meta']
[0.081s] Level 1:colcon.colcon_core.package_identification:_identify(src/utilities) by extension 'colcon_meta'
[0.081s] Level 1:colcon.colcon_core.package_identification:_identify(src/utilities) by extensions ['ros']
[0.081s] Level 1:colcon.colcon_core.package_identification:_identify(src/utilities) by extension 'ros'
[0.082s] DEBUG:colcon.colcon_core.package_identification:Package 'src/utilities' with type 'ros.ament_python' and name 'utilities'
[0.082s] Level 1:colcon.colcon_core.package_identification:_identify(src/utility_interface) by extensions ['ignore', 'ignore_ament_install']
[0.082s] Level 1:colcon.colcon_core.package_identification:_identify(src/utility_interface) by extension 'ignore'
[0.082s] Level 1:colcon.colcon_core.package_identification:_identify(src/utility_interface) by extension 'ignore_ament_install'
[0.082s] Level 1:colcon.colcon_core.package_identification:_identify(src/utility_interface) by extensions ['colcon_pkg']
[0.082s] Level 1:colcon.colcon_core.package_identification:_identify(src/utility_interface) by extension 'colcon_pkg'
[0.082s] Level 1:colcon.colcon_core.package_identification:_identify(src/utility_interface) by extensions ['colcon_meta']
[0.082s] Level 1:colcon.colcon_core.package_identification:_identify(src/utility_interface) by extension 'colcon_meta'
[0.082s] Level 1:colcon.colcon_core.package_identification:_identify(src/utility_interface) by extensions ['ros']
[0.082s] Level 1:colcon.colcon_core.package_identification:_identify(src/utility_interface) by extension 'ros'
[0.083s] DEBUG:colcon.colcon_core.package_identification:Package 'src/utility_interface' with type 'ros.ament_python' and name 'utility_interface'
[0.083s] Level 1:colcon.colcon_core.package_discovery:discover_packages(recursive) using defaults
[0.083s] Level 1:colcon.colcon_core.package_discovery:discover_packages(ignore) discover
[0.083s] Level 1:colcon.colcon_core.package_discovery:discover_packages(ignore) using defaults
[0.083s] Level 1:colcon.colcon_core.package_discovery:discover_packages(path) discover
[0.083s] Level 1:colcon.colcon_core.package_discovery:discover_packages(path) using defaults
[0.091s] Level 1:colcon.colcon_core.package_discovery:discover_packages(prefix_path) check parameters
[0.091s] Level 1:colcon.colcon_core.package_discovery:discover_packages(prefix_path) discover
[0.092s] DEBUG:colcon.colcon_installed_package_information.package_discovery:Found 3 installed packages in /home/dvrk-team/dvrk_ctrl_ws/install
[0.092s] DEBUG:colcon.colcon_installed_package_information.package_discovery:Found 6 installed packages in /home/dvrk-team/ros_ambf_ws/install
[0.092s] DEBUG:colcon.colcon_installed_package_information.package_discovery:Found 31 installed packages in /home/dvrk-team/ros2_ws/install
[0.093s] DEBUG:colcon.colcon_installed_package_information.package_discovery:Found 297 installed packages in /opt/ros/jazzy
[0.093s] Level 1:colcon.colcon_core.package_discovery:discover_packages(prefix_path) using defaults
[0.109s] Level 5:colcon.colcon_core.verb:set package 'utilities' build argument 'cmake_args' from command line to 'None'
[0.109s] Level 5:colcon.colcon_core.verb:set package 'utilities' build argument 'cmake_target' from command line to 'None'
[0.109s] Level 5:colcon.colcon_core.verb:set package 'utilities' build argument 'cmake_target_skip_unavailable' from command line to 'False'
[0.109s] Level 5:colcon.colcon_core.verb:set package 'utilities' build argument 'cmake_clean_cache' from command line to 'False'
[0.109s] Level 5:colcon.colcon_core.verb:set package 'utilities' build argument 'cmake_clean_first' from command line to 'False'
[0.109s] Level 5:colcon.colcon_core.verb:set package 'utilities' build argument 'cmake_force_configure' from command line to 'False'
[0.109s] Level 5:colcon.colcon_core.verb:set package 'utilities' build argument 'ament_cmake_args' from command line to 'None'
[0.109s] Level 5:colcon.colcon_core.verb:set package 'utilities' build argument 'catkin_cmake_args' from command line to 'None'
[0.109s] Level 5:colcon.colcon_core.verb:set package 'utilities' build argument 'catkin_skip_building_tests' from command line to 'False'
[0.109s] DEBUG:colcon.colcon_core.verb:Building package 'utilities' with the following arguments: {'ament_cmake_args': None, 'build_base': '/home/dvrk-team/dvrk_ctrl_ws/build/utilities', 'catkin_cmake_args': None, 'catkin_skip_building_tests': False, 'cmake_args': None, 'cmake_clean_cache': False, 'cmake_clean_first': False, 'cmake_force_configure': False, 'cmake_target': None, 'cmake_target_skip_unavailable': False, 'install_base': '/home/dvrk-team/dvrk_ctrl_ws/install/utilities', 'merge_install': False, 'path': '/home/dvrk-team/dvrk_ctrl_ws/src/utilities', 'symlink_install': False, 'test_result_base': None}
[0.109s] Level 5:colcon.colcon_core.verb:set package 'utility_interface' build argument 'cmake_args' from command line to 'None'
[0.109s] Level 5:colcon.colcon_core.verb:set package 'utility_interface' build argument 'cmake_target' from command line to 'None'
[0.109s] Level 5:colcon.colcon_core.verb:set package 'utility_interface' build argument 'cmake_target_skip_unavailable' from command line to 'False'
[0.109s] Level 5:colcon.colcon_core.verb:set package 'utility_interface' build argument 'cmake_clean_cache' from command line to 'False'
[0.109s] Level 5:colcon.colcon_core.verb:set package 'utility_interface' build argument 'cmake_clean_first' from command line to 'False'
[0.109s] Level 5:colcon.colcon_core.verb:set package 'utility_interface' build argument 'cmake_force_configure' from command line to 'False'
[0.109s] Level 5:colcon.colcon_core.verb:set package 'utility_interface' build argument 'ament_cmake_args' from command line to 'None'
[0.109s] Level 5:colcon.colcon_core.verb:set package 'utility_interface' build argument 'catkin_cmake_args' from command line to 'None'
[0.109s] Level 5:colcon.colcon_core.verb:set package 'utility_interface' build argument 'catkin_skip_building_tests' from command line to 'False'
[0.109s] DEBUG:colcon.colcon_core.verb:Building package 'utility_interface' with the following arguments: {'ament_cmake_args': None, 'build_base': '/home/dvrk-team/dvrk_ctrl_ws/build/utility_interface', 'catkin_cmake_args': None, 'catkin_skip_building_tests': False, 'cmake_args': None, 'cmake_clean_cache': False, 'cmake_clean_first': False, 'cmake_force_configure': False, 'cmake_target': None, 'cmake_target_skip_unavailable': False, 'install_base': '/home/dvrk-team/dvrk_ctrl_ws/install/utility_interface', 'merge_install': False, 'path': '/home/dvrk-team/dvrk_ctrl_ws/src/utility_interface', 'symlink_install': False, 'test_result_base': None}
[0.109s] INFO:colcon.colcon_core.executor:Executing jobs using 'parallel' executor
[0.110s] DEBUG:colcon.colcon_parallel_executor.executor.parallel:run_until_complete
[0.110s] INFO:colcon.colcon_ros.task.ament_python.build:Building ROS package in '/home/dvrk-team/dvrk_ctrl_ws/src/utilities' with build type 'ament_python'
[0.110s] Level 1:colcon.colcon_core.shell:create_environment_hook('utilities', 'ament_prefix_path')
[0.111s] INFO:colcon.colcon_core.plugin_system:Skipping extension 'colcon_core.shell.bat': Not used on non-Windows systems
[0.111s] INFO:colcon.colcon_core.shell:Creating environment hook '/home/dvrk-team/dvrk_ctrl_ws/install/utilities/share/utilities/hook/ament_prefix_path.ps1'
[0.112s] INFO:colcon.colcon_core.shell:Creating environment descriptor '/home/dvrk-team/dvrk_ctrl_ws/install/utilities/share/utilities/hook/ament_prefix_path.dsv'
[0.112s] INFO:colcon.colcon_core.shell:Creating environment hook '/home/dvrk-team/dvrk_ctrl_ws/install/utilities/share/utilities/hook/ament_prefix_path.sh'
[0.112s] INFO:colcon.colcon_core.shell:Skip shell extension 'powershell' for command environment: Not usable outside of PowerShell
[0.112s] DEBUG:colcon.colcon_core.shell:Skip shell extension 'dsv' for command environment
[0.114s] INFO:colcon.colcon_ros.task.ament_python.build:Building ROS package in '/home/dvrk-team/dvrk_ctrl_ws/src/utility_interface' with build type 'ament_python'
[0.114s] Level 1:colcon.colcon_core.shell:create_environment_hook('utility_interface', 'ament_prefix_path')
[0.114s] INFO:colcon.colcon_core.shell:Creating environment hook '/home/dvrk-team/dvrk_ctrl_ws/install/utility_interface/share/utility_interface/hook/ament_prefix_path.ps1'
[0.115s] INFO:colcon.colcon_core.shell:Creating environment descriptor '/home/dvrk-team/dvrk_ctrl_ws/install/utility_interface/share/utility_interface/hook/ament_prefix_path.dsv'
[0.115s] INFO:colcon.colcon_core.shell:Creating environment hook '/home/dvrk-team/dvrk_ctrl_ws/install/utility_interface/share/utility_interface/hook/ament_prefix_path.sh'
[0.115s] INFO:colcon.colcon_core.shell:Skip shell extension 'powershell' for command environment: Not usable outside of PowerShell
[0.115s] DEBUG:colcon.colcon_core.shell:Skip shell extension 'dsv' for command environment
[0.219s] INFO:colcon.colcon_core.task.python.build:Building Python package in '/home/dvrk-team/dvrk_ctrl_ws/src/utilities'
[0.219s] INFO:colcon.colcon_core.shell:Skip shell extension 'powershell' for command environment: Not usable outside of PowerShell
[0.219s] DEBUG:colcon.colcon_core.shell:Skip shell extension 'dsv' for command environment
[0.324s] INFO:colcon.colcon_core.task.python.build:Building Python package in '/home/dvrk-team/dvrk_ctrl_ws/src/utility_interface'
[0.324s] INFO:colcon.colcon_core.shell:Skip shell extension 'powershell' for command environment: Not usable outside of PowerShell
[0.325s] DEBUG:colcon.colcon_core.shell:Skip shell extension 'dsv' for command environment
[0.578s] DEBUG:colcon.colcon_core.task.python.build:Available setuptools commands: install_headers, bdist_rpm, check, bdist, register, install_data, setopt, test, build_scripts, upload_docs, build_clib, saveopts, bdist_wheel, build_py, install_scripts, bdist_dumb, install_lib, install_egg_info, install, easy_install, init_catalog, extract_messages, bdist_egg, sdist, symlink_data, editable_wheel, develop, dist_info, upload, egg_info, alias, build_ext, clean, build, compile_catalog, rotate, update_catalog
[0.580s] DEBUG:colcon.colcon_core.event_handler.log_command:Invoking command in '/home/dvrk-team/dvrk_ctrl_ws/src/utility_interface': DEBUGINFOD_URLS=https://debuginfod.ubuntu.com PYTHONPATH=/home/dvrk-team/dvrk_ctrl_ws/build/utility_interface/prefix_override:/usr/lib/python3/dist-packages/colcon_core/task/python/colcon_distutils_commands:/home/dvrk-team/dvrk_ctrl_ws/install/utility_interface/lib/python3.12/site-packages:${PYTHONPATH} /usr/bin/python3 -W ignore:setup.py install is deprecated -W ignore:easy_install command is deprecated setup.py egg_info --egg-base ../../build/utility_interface build --build-base /home/dvrk-team/dvrk_ctrl_ws/build/utility_interface/build install --record /home/dvrk-team/dvrk_ctrl_ws/build/utility_interface/install.log --install-scripts $base/lib/utility_interface --single-version-externally-managed install_data
[0.582s] DEBUG:colcon.colcon_core.task.python.build:Available setuptools commands: install_headers, bdist_rpm, check, bdist, register, install_data, setopt, test, build_scripts, upload_docs, build_clib, saveopts, bdist_wheel, build_py, install_scripts, bdist_dumb, install_lib, install_egg_info, install, easy_install, init_catalog, extract_messages, bdist_egg, sdist, symlink_data, editable_wheel, develop, dist_info, upload, egg_info, alias, build_ext, clean, build, compile_catalog, rotate, update_catalog
[0.583s] DEBUG:colcon.colcon_core.event_handler.log_command:Invoking command in '/home/dvrk-team/dvrk_ctrl_ws/src/utilities': DEBUGINFOD_URLS=https://debuginfod.ubuntu.com PYTHONPATH=/home/dvrk-team/dvrk_ctrl_ws/build/utilities/prefix_override:/usr/lib/python3/dist-packages/colcon_core/task/python/colcon_distutils_commands:/home/dvrk-team/dvrk_ctrl_ws/install/utilities/lib/python3.12/site-packages:${PYTHONPATH} /usr/bin/python3 -W ignore:setup.py install is deprecated -W ignore:easy_install command is deprecated setup.py egg_info --egg-base ../../build/utilities build --build-base /home/dvrk-team/dvrk_ctrl_ws/build/utilities/build install --record /home/dvrk-team/dvrk_ctrl_ws/build/utilities/install.log --install-scripts $base/lib/utilities --single-version-externally-managed install_data
[0.807s] DEBUG:colcon.colcon_core.event_handler.log_command:Invoked command in '/home/dvrk-team/dvrk_ctrl_ws/src/utility_interface' returned '0': DEBUGINFOD_URLS=https://debuginfod.ubuntu.com PYTHONPATH=/home/dvrk-team/dvrk_ctrl_ws/build/utility_interface/prefix_override:/usr/lib/python3/dist-packages/colcon_core/task/python/colcon_distutils_commands:/home/dvrk-team/dvrk_ctrl_ws/install/utility_interface/lib/python3.12/site-packages:${PYTHONPATH} /usr/bin/python3 -W ignore:setup.py install is deprecated -W ignore:easy_install command is deprecated setup.py egg_info --egg-base ../../build/utility_interface build --build-base /home/dvrk-team/dvrk_ctrl_ws/build/utility_interface/build install --record /home/dvrk-team/dvrk_ctrl_ws/build/utility_interface/install.log --install-scripts $base/lib/utility_interface --single-version-externally-managed install_data
[0.808s] Level 1:colcon.colcon_core.environment:checking '/home/dvrk-team/dvrk_ctrl_ws/install/utility_interface' for CMake module files
[0.808s] Level 1:colcon.colcon_core.environment:checking '/home/dvrk-team/dvrk_ctrl_ws/install/utility_interface' for CMake config files
[0.808s] Level 1:colcon.colcon_core.environment:checking '/home/dvrk-team/dvrk_ctrl_ws/install/utility_interface/lib'
[0.808s] Level 1:colcon.colcon_core.environment:checking '/home/dvrk-team/dvrk_ctrl_ws/install/utility_interface/bin'
[0.808s] Level 1:colcon.colcon_core.environment:checking '/home/dvrk-team/dvrk_ctrl_ws/install/utility_interface/lib/pkgconfig/utility_interface.pc'
[0.808s] Level 1:colcon.colcon_core.environment:checking '/home/dvrk-team/dvrk_ctrl_ws/install/utility_interface/lib/python3.12/site-packages'
[0.808s] Level 1:colcon.colcon_core.shell:create_environment_hook('utility_interface', 'pythonpath')
[0.809s] INFO:colcon.colcon_core.shell:Creating environment hook '/home/dvrk-team/dvrk_ctrl_ws/install/utility_interface/share/utility_interface/hook/pythonpath.ps1'
[0.809s] INFO:colcon.colcon_core.shell:Creating environment descriptor '/home/dvrk-team/dvrk_ctrl_ws/install/utility_interface/share/utility_interface/hook/pythonpath.dsv'
[0.809s] INFO:colcon.colcon_core.shell:Creating environment hook '/home/dvrk-team/dvrk_ctrl_ws/install/utility_interface/share/utility_interface/hook/pythonpath.sh'
[0.809s] Level 1:colcon.colcon_core.environment:checking '/home/dvrk-team/dvrk_ctrl_ws/install/utility_interface/bin'
[0.809s] Level 1:colcon.colcon_core.environment:create_environment_scripts_only(utility_interface)
[0.809s] INFO:colcon.colcon_core.shell:Creating package script '/home/dvrk-team/dvrk_ctrl_ws/install/utility_interface/share/utility_interface/package.ps1'
[0.810s] INFO:colcon.colcon_core.shell:Creating package descriptor '/home/dvrk-team/dvrk_ctrl_ws/install/utility_interface/share/utility_interface/package.dsv'
[0.810s] INFO:colcon.colcon_core.shell:Creating package script '/home/dvrk-team/dvrk_ctrl_ws/install/utility_interface/share/utility_interface/package.sh'
[0.810s] INFO:colcon.colcon_core.shell:Creating package script '/home/dvrk-team/dvrk_ctrl_ws/install/utility_interface/share/utility_interface/package.bash'
[0.810s] INFO:colcon.colcon_core.shell:Creating package script '/home/dvrk-team/dvrk_ctrl_ws/install/utility_interface/share/utility_interface/package.zsh'
[0.810s] Level 1:colcon.colcon_core.environment:create_file_with_runtime_dependencies(/home/dvrk-team/dvrk_ctrl_ws/install/utility_interface/share/colcon-core/packages/utility_interface)
[0.811s] Level 1:colcon.colcon_core.environment:checking '/home/dvrk-team/dvrk_ctrl_ws/install/utilities' for CMake module files
[0.811s] Level 1:colcon.colcon_core.environment:checking '/home/dvrk-team/dvrk_ctrl_ws/install/utilities' for CMake config files
[0.811s] Level 1:colcon.colcon_core.environment:checking '/home/dvrk-team/dvrk_ctrl_ws/install/utilities/lib'
[0.811s] Level 1:colcon.colcon_core.environment:checking '/home/dvrk-team/dvrk_ctrl_ws/install/utilities/bin'
[0.811s] Level 1:colcon.colcon_core.environment:checking '/home/dvrk-team/dvrk_ctrl_ws/install/utilities/lib/pkgconfig/utilities.pc'
[0.811s] Level 1:colcon.colcon_core.environment:checking '/home/dvrk-team/dvrk_ctrl_ws/install/utilities/lib/python3.12/site-packages'
[0.811s] Level 1:colcon.colcon_core.shell:create_environment_hook('utilities', 'pythonpath')
[0.811s] INFO:colcon.colcon_core.shell:Creating environment hook '/home/dvrk-team/dvrk_ctrl_ws/install/utilities/share/utilities/hook/pythonpath.ps1'
[0.812s] INFO:colcon.colcon_core.shell:Creating environment descriptor '/home/dvrk-team/dvrk_ctrl_ws/install/utilities/share/utilities/hook/pythonpath.dsv'
[0.812s] INFO:colcon.colcon_core.shell:Creating environment hook '/home/dvrk-team/dvrk_ctrl_ws/install/utilities/share/utilities/hook/pythonpath.sh'
[0.812s] DEBUG:colcon.colcon_core.event_handler.log_command:Invoked command in '/home/dvrk-team/dvrk_ctrl_ws/src/utilities' returned '0': DEBUGINFOD_URLS=https://debuginfod.ubuntu.com PYTHONPATH=/home/dvrk-team/dvrk_ctrl_ws/build/utilities/prefix_override:/usr/lib/python3/dist-packages/colcon_core/task/python/colcon_distutils_commands:/home/dvrk-team/dvrk_ctrl_ws/install/utilities/lib/python3.12/site-packages:${PYTHONPATH} /usr/bin/python3 -W ignore:setup.py install is deprecated -W ignore:easy_install command is deprecated setup.py egg_info --egg-base ../../build/utilities build --build-base /home/dvrk-team/dvrk_ctrl_ws/build/utilities/build install --record /home/dvrk-team/dvrk_ctrl_ws/build/utilities/install.log --install-scripts $base/lib/utilities --single-version-externally-managed install_data
[0.812s] Level 1:colcon.colcon_core.environment:checking '/home/dvrk-team/dvrk_ctrl_ws/install/utilities/bin'
[0.812s] Level 1:colcon.colcon_core.environment:create_environment_scripts_only(utilities)
[0.812s] INFO:colcon.colcon_core.shell:Creating package script '/home/dvrk-team/dvrk_ctrl_ws/install/utilities/share/utilities/package.ps1'
[0.813s] INFO:colcon.colcon_core.shell:Creating package descriptor '/home/dvrk-team/dvrk_ctrl_ws/install/utilities/share/utilities/package.dsv'
[0.813s] INFO:colcon.colcon_core.shell:Creating package script '/home/dvrk-team/dvrk_ctrl_ws/install/utilities/share/utilities/package.sh'
[0.813s] INFO:colcon.colcon_core.shell:Creating package script '/home/dvrk-team/dvrk_ctrl_ws/install/utilities/share/utilities/package.bash'
[0.813s] INFO:colcon.colcon_core.shell:Creating package script '/home/dvrk-team/dvrk_ctrl_ws/install/utilities/share/utilities/package.zsh'
[0.813s] Level 1:colcon.colcon_core.environment:create_file_with_runtime_dependencies(/home/dvrk-team/dvrk_ctrl_ws/install/utilities/share/colcon-core/packages/utilities)
[0.813s] DEBUG:colcon.colcon_parallel_executor.executor.parallel:closing loop
[0.813s] DEBUG:colcon.colcon_parallel_executor.executor.parallel:loop closed
[0.813s] DEBUG:colcon.colcon_parallel_executor.executor.parallel:run_until_complete finished with '0'
[0.813s] DEBUG:colcon.colcon_core.event_reactor:joining thread
[0.818s] INFO:colcon.colcon_core.plugin_system:Skipping extension 'colcon_notification.desktop_notification.terminal_notifier': Not used on non-Darwin systems
[0.818s] INFO:colcon.colcon_core.plugin_system:Skipping extension 'colcon_notification.desktop_notification.win32': Not used on non-Windows systems
[0.818s] INFO:colcon.colcon_notification.desktop_notification:Sending desktop notification using 'notify2'
[0.831s] DEBUG:colcon.colcon_core.event_reactor:joined thread
[0.832s] INFO:colcon.colcon_core.shell:Creating prefix script '/home/dvrk-team/dvrk_ctrl_ws/install/local_setup.ps1'
[0.832s] INFO:colcon.colcon_core.shell:Creating prefix util module '/home/dvrk-team/dvrk_ctrl_ws/install/_local_setup_util_ps1.py'
[0.832s] INFO:colcon.colcon_core.shell:Creating prefix chain script '/home/dvrk-team/dvrk_ctrl_ws/install/setup.ps1'
[0.833s] INFO:colcon.colcon_core.shell:Creating prefix script '/home/dvrk-team/dvrk_ctrl_ws/install/local_setup.sh'
[0.833s] INFO:colcon.colcon_core.shell:Creating prefix util module '/home/dvrk-team/dvrk_ctrl_ws/install/_local_setup_util_sh.py'
[0.833s] INFO:colcon.colcon_core.shell:Creating prefix chain script '/home/dvrk-team/dvrk_ctrl_ws/install/setup.sh'
[0.834s] INFO:colcon.colcon_core.shell:Creating prefix script '/home/dvrk-team/dvrk_ctrl_ws/install/local_setup.bash'
[0.834s] INFO:colcon.colcon_core.shell:Creating prefix chain script '/home/dvrk-team/dvrk_ctrl_ws/install/setup.bash'
[0.835s] INFO:colcon.colcon_core.shell:Creating prefix script '/home/dvrk-team/dvrk_ctrl_ws/install/local_setup.zsh'
[0.835s] INFO:colcon.colcon_core.shell:Creating prefix chain script '/home/dvrk-team/dvrk_ctrl_ws/install/setup.zsh'
