[0.402s] Invoking command in '/home/dvrk-team/dvrk_ctrl_ws/src/utilities': DEBUGINFOD_URLS=https://debuginfod.ubuntu.com PYTHONPATH=/home/dvrk-team/dvrk_ctrl_ws/build/utilities/prefix_override:/usr/lib/python3/dist-packages/colcon_core/task/python/colcon_distutils_commands:/home/dvrk-team/dvrk_ctrl_ws/install/utilities/lib/python3.12/site-packages:${PYTHONPATH} /usr/bin/python3 -W ignore:setup.py install is deprecated -W ignore:easy_install command is deprecated setup.py egg_info --egg-base ../../build/utilities build --build-base /home/dvrk-team/dvrk_ctrl_ws/build/utilities/build install --record /home/dvrk-team/dvrk_ctrl_ws/build/utilities/install.log --install-scripts $base/lib/utilities --single-version-externally-managed install_data
[0.538s] running egg_info
[0.538s] creating ../../build/utilities/utilities.egg-info
[0.546s] writing ../../build/utilities/utilities.egg-info/PKG-INFO
[0.546s] writing dependency_links to ../../build/utilities/utilities.egg-info/dependency_links.txt
[0.546s] writing entry points to ../../build/utilities/utilities.egg-info/entry_points.txt
[0.546s] writing requirements to ../../build/utilities/utilities.egg-info/requires.txt
[0.546s] writing top-level names to ../../build/utilities/utilities.egg-info/top_level.txt
[0.546s] writing manifest file '../../build/utilities/utilities.egg-info/SOURCES.txt'
[0.561s] reading manifest file '../../build/utilities/utilities.egg-info/SOURCES.txt'
[0.561s] adding license file 'LICENSE'
[0.562s] writing manifest file '../../build/utilities/utilities.egg-info/SOURCES.txt'
[0.562s] running build
[0.562s] running build_py
[0.562s] creating /home/dvrk-team/dvrk_ctrl_ws/build/utilities/build
[0.562s] creating /home/dvrk-team/dvrk_ctrl_ws/build/utilities/build/lib
[0.562s] creating /home/dvrk-team/dvrk_ctrl_ws/build/utilities/build/lib/utilities
[0.562s] copying utilities/object_loc.py -> /home/dvrk-team/dvrk_ctrl_ws/build/utilities/build/lib/utilities
[0.562s] copying utilities/__init__.py -> /home/dvrk-team/dvrk_ctrl_ws/build/utilities/build/lib/utilities
[0.563s] copying utilities/tool_cmd.py -> /home/dvrk-team/dvrk_ctrl_ws/build/utilities/build/lib/utilities
[0.563s] running install
[0.565s] running install_lib
[0.573s] creating /home/dvrk-team/dvrk_ctrl_ws/install/utilities/lib/python3.12/site-packages/utilities
[0.573s] copying /home/dvrk-team/dvrk_ctrl_ws/build/utilities/build/lib/utilities/object_loc.py -> /home/dvrk-team/dvrk_ctrl_ws/install/utilities/lib/python3.12/site-packages/utilities
[0.573s] copying /home/dvrk-team/dvrk_ctrl_ws/build/utilities/build/lib/utilities/__init__.py -> /home/dvrk-team/dvrk_ctrl_ws/install/utilities/lib/python3.12/site-packages/utilities
[0.573s] copying /home/dvrk-team/dvrk_ctrl_ws/build/utilities/build/lib/utilities/tool_cmd.py -> /home/dvrk-team/dvrk_ctrl_ws/install/utilities/lib/python3.12/site-packages/utilities
[0.573s] byte-compiling /home/dvrk-team/dvrk_ctrl_ws/install/utilities/lib/python3.12/site-packages/utilities/object_loc.py to object_loc.cpython-312.pyc
[0.574s] byte-compiling /home/dvrk-team/dvrk_ctrl_ws/install/utilities/lib/python3.12/site-packages/utilities/__init__.py to __init__.cpython-312.pyc
[0.574s] byte-compiling /home/dvrk-team/dvrk_ctrl_ws/install/utilities/lib/python3.12/site-packages/utilities/tool_cmd.py to tool_cmd.cpython-312.pyc
[0.574s] running install_data
[0.574s] creating /home/dvrk-team/dvrk_ctrl_ws/install/utilities/share/ament_index
[0.574s] creating /home/dvrk-team/dvrk_ctrl_ws/install/utilities/share/ament_index/resource_index
[0.574s] creating /home/dvrk-team/dvrk_ctrl_ws/install/utilities/share/ament_index/resource_index/packages
[0.574s] copying resource/utilities -> /home/dvrk-team/dvrk_ctrl_ws/install/utilities/share/ament_index/resource_index/packages
[0.574s] copying package.xml -> /home/dvrk-team/dvrk_ctrl_ws/install/utilities/share/utilities
[0.574s] creating /home/dvrk-team/dvrk_ctrl_ws/install/utilities/share/utilities/launch
[0.574s] copying launch/system_launch.py -> /home/dvrk-team/dvrk_ctrl_ws/install/utilities/share/utilities/launch
[0.574s] running install_egg_info
[0.583s] Copying ../../build/utilities/utilities.egg-info to /home/dvrk-team/dvrk_ctrl_ws/install/utilities/lib/python3.12/site-packages/utilities-0.0.0-py3.12.egg-info
[0.583s] running install_scripts
[0.640s] Installing object_loc script to /home/dvrk-team/dvrk_ctrl_ws/install/utilities/lib/utilities
[0.640s] Installing tool_cmd script to /home/dvrk-team/dvrk_ctrl_ws/install/utilities/lib/utilities
[0.640s] writing list of installed files to '/home/dvrk-team/dvrk_ctrl_ws/build/utilities/install.log'
[0.655s] Invoked command in '/home/dvrk-team/dvrk_ctrl_ws/src/utilities' returned '0': DEBUGINFOD_URLS=https://debuginfod.ubuntu.com PYTHONPATH=/home/dvrk-team/dvrk_ctrl_ws/build/utilities/prefix_override:/usr/lib/python3/dist-packages/colcon_core/task/python/colcon_distutils_commands:/home/dvrk-team/dvrk_ctrl_ws/install/utilities/lib/python3.12/site-packages:${PYTHONPATH} /usr/bin/python3 -W ignore:setup.py install is deprecated -W ignore:easy_install command is deprecated setup.py egg_info --egg-base ../../build/utilities build --build-base /home/dvrk-team/dvrk_ctrl_ws/build/utilities/build install --record /home/dvrk-team/dvrk_ctrl_ws/build/utilities/install.log --install-scripts $base/lib/utilities --single-version-externally-managed install_data
